C51 COMPILER V9.60.0.0   MOTOR_CONTROL                                                     11/10/2021 17:40:50 PAGE 1   


C51 COMPILER V9.60.0.0, COMPILATION OF MODULE MOTOR_CONTROL
OBJECT MODULE PLACED IN .\Output\Motor_control.obj
COMPILER INVOKED BY: C:\keil5\C51\BIN\C51.EXE Code\Motor_control.c OPTIMIZE(2,SPEED) BROWSE INCDIR(..\Include) DEFINE(FO
                    -SC_160000) DEBUG OBJECTEXTEND PRINT(.\LST\Motor_control.lst) OBJECT(.\Output\Motor_control.obj)

line level    source

   1          #include "Motor_control.h"
   2          #include "common.h"
   3          #include "Function_define.h"
   4          #include "N76E003.h"
   5          #include "SFR_Macro.h"
   6          #include "Delay.h" 
   7          #include "SFR_Macro.h"
   8          
   9          #define Vref  3072;
  10          #define Ramp_up Timer0_Delay1ms(10); set_LOAD;set_PWMRUN//from 0->0x97 150 step, 10ms*150=1.5s
  11          #define set_IAPEN BIT_TMP=EA;EA=0;TA=0xAA;TA=0x55;CHPCON|=SET_BIT0 ;EA=BIT_TMP
  12          #define set_IAPGO BIT_TMP=EA;EA=0;TA=0xAA;TA=0x55;IAPTRG|=SET_BIT0 ;EA=BIT_TMP
  13          #define clr_IAPEN BIT_TMP=EA;EA=0;TA=0xAA;TA=0x55;CHPCON&=~SET_BIT0;EA=BIT_TMP
  14          //#define TIM1_INIT  TH0 = 0XFC
  15          ////////////Variables////////////////
  16          double bgvalue, ADCValue, bgvol, ADC_Vol;
  17          uint8_t  bgmark;
  18          uint8_t  bgh;
  19          uint8_t  bgl;
  20          static uint8_t  flag=1;
  21          
  22          
  23          // PWM+=KP[e(k) -e(k-1)]+Ki*e(k)+Kd[e(k)-2e(k-1)+e(k-2)]
  24          // e(k) the value difference of actual and setting e(k-1) the last time difference
  25          // In this motor control we use P
  26          // PWM = Kp[e(k) - e(k-1)]
  27          // Cbat == the current value  IO:P05 ADC value
  28          int Incremental_P(UINT8 Cbat, UINT8 CC_Value)//int can have negative num
  29          {
  30   1              static UINT8 Kp=1,Bias,Last_bias;
  31   1              static float PWM;
  32   1              Bias= Cbat-CC_Value;
  33   1              PWM-= Kp*(Bias-Last_bias);// Decreasement output
  34   1              Last_bias = Bias;
  35   1              return PWM; //The percentage of decreasment
  36   1      }
  37          
  38          void ADC_Init(void)
  39          {
  40   1      //      set_EA;
  41   1      //      set_EPI;//Enable Pin interrupt
  42   1      //      P13_Input_Mode;
  43   1      //      
  44   1      //      clr_PIPS1;
  45   1      //      clr_PIPS0;//pin1.
  46   1      //      set_PIT3;//cHANNEL 3 Edge triggered
  47   1      //      clr_PIPEN3;//P13 falling triggered
  48   1      //      set_PINEN3;
  49   1              set_P12; //LED on
  50   1              clr_P10;//BC
  51   1              P17_Input_Mode;//Hall
  52   1      //      P30_Input_Mode;//Speed shift
  53   1      //      P05_Input_Mode; //current value
  54   1              clr_P05;
C51 COMPILER V9.60.0.0   MOTOR_CONTROL                                                     11/10/2021 17:40:50 PAGE 2   

  55   1              P01_PushPull_Mode;
  56   1              P14_PushPull_Mode;
  57   1              P14_PushPull_Mode;
  58   1              P00_PushPull_Mode;//Forward relay
  59   1              P10_PushPull_Mode;
  60   1              set_P14; //Enable DCDC
  61   1              clr_P00, clr_P10;
  62   1              
  63   1              set_IAPEN;
  64   1              IAPAL = 0x0d; IAPAH = 0x00; IAPCN = 0x04;//0x04 =Read UID
  65   1              set_IAPGO;
  66   1              bgl = IAPFD;
  67   1              bgmark = bgl&0xf0;
  68   1              
  69   1              if(bgmark == 0x80)
  70   1              {
  71   2                      bgl = bgl&0x0f;                 
  72   2                      IAPAL = 0x0c;
  73   2                      IAPAH = 0x00; 
  74   2                      set_IAPGO;
  75   2                      bgh = IAPFD;
  76   2                      bgvalue = (bgh<<4)+bgl;
  77   2                      bgvol = bgvalue*3/4;
  78   2                      bgvol = bgvol- 33;
  79   2              }
  80   1              if(bgmark==0x00)
  81   1              {
  82   2                      bgl = bgl&0x0f;
  83   2                      IAPAL = 0X0C;
  84   2                      IAPAH = 0X00;
  85   2                      set_IAPGO;
  86   2                      bgh = IAPFD;
  87   2                      bgvalue = (bgh<<4)+bgl;
  88   2                      bgvol = bgvalue*3/4;
  89   2              }
  90   1              if(bgmark==0x90)
  91   1              {
  92   2                      IAPAL = 0x0E;
  93   2                      IAPAH = 0x00;
  94   2                      set_IAPGO;
  95   2                      bgh   = IAPFD;
  96   2                      IAPAL = 0x0F;
  97   2                      IAPAH = 0x00;
  98   2                      set_IAPGO;
  99   2                      bgl = IAPFD;
 100   2                      bgl = bgl&0x0f; 
 101   2                      bgvalue = (bgh<<4)+bgl;
 102   2                      bgvol = bgvalue*3/4;
 103   2              }
 104   1              printf("\nBandgap value:%d\n", bgvalue);
 105   1              printf("\nBandgap vo ltage:%dmV\n",bgvol);
 106   1              clr_IAPEN;              // turn off IAP
 107   1              
 108   1              Enable_ADC_AIN0;                //P17 Hall pedal
 109   1      //      Enable_ADC_AIN4;                //P05 A_Det
 110   1      //      Enable_ADC_AIN1;                //P30 Speed
 111   1              for(bgh =0;bgh<3;bgh++)
 112   1              {
 113   2                      clr_ADCF;
 114   2                      set_ADCS;
 115   2                      while(ADCF==0);
 116   2                      ADCValue = (ADCRH<<4)+ADCRL;
C51 COMPILER V9.60.0.0   MOTOR_CONTROL                                                     11/10/2021 17:40:50 PAGE 3   

 117   2                      printf("ADC value:%d",ADCValue);
 118   2              }
 119   1      }
 120          /* AD value= Voltage*255/5  20A=57*/
 121          UINT16 Get_CurrentValue(void)
 122          {
 123   1              Enable_ADC_AIN4;
 124   1              clr_ADCF;
 125   1              set_ADCS;
 126   1              while(ADCF==0);
 127   1      //      ADCValue = (ADCRH<<4)+ADCRL;
 128   1      //      printf("ADC value:%d",ADCValue);
 129   1              return ADCRH;
 130   1      }
 131          
 132          UINT16 Get_HallValue(void)
 133          {
 134   1              Enable_ADC_AIN0;
 135   1              clr_ADCF;
 136   1              set_ADCS;//Enable ADC transfer
 137   1      //      ADCValue = (ADCRH<<4)+ADCRL
 138   1      //      ADC_Vol = (bgvol*ADCValue/bgvalue);//All are decimal
 139   1      //      printf("ADCRH:%x\n",ADCRH);
 140   1      //      printf("ADCRL:%d",ADCRL);
 141   1      //      printf("ADC_voltage:%gmV\n",ADC_Vol);//%g don't print no meaning 0
 142   1              while(ADCF==0);//ADC transfer done
 143   1              return ADCRH; //High 8 bits+ low 4 bits
 144   1      }
 145          
 146          UINT8 Get_Speedvalue(void)
 147          {
 148   1              Enable_ADC_AIN1;
 149   1              clr_ADCF;
 150   1              set_ADCS;
 151   1              while(ADCF==0);
 152   1              if(ADCRH>100)
 153   1                      return 1;
 154   1              else 
 155   1                      return 0;
 156   1      }
 157          
 158          void Relay_On(UINT8 On_FB)//1= F 0 = B
 159          {
 160   1              if(On_FB==1)
 161   1              {
 162   2                      clr_P10;
 163   2                      set_P00;
 164   2              }
 165   1              else
 166   1              {
 167   2                      clr_P00;
 168   2                      set_P10;
 169   2              }
 170   1                      
 171   1      }
 172          
 173          void Relay_Off(void)
 174          {
 175   1              clr_P00;
 176   1              clr_P10;
 177   1      }
 178                  /**********************************************************************
C51 COMPILER V9.60.0.0   MOTOR_CONTROL                                                     11/10/2021 17:40:50 PAGE 4   

 179                                                                  Dead time setting
 180                                                          DT=PDTCNT+1/Fsys  >Ton+Toff
 181                                                          2us= 32/16M
 182                  ********************************** 3  5************************************/
 183          void PWM_DEAD_TIME_VALUE(UINT16 DeadTimeData) //problem:when the deadtemphigh!=1, there is no dead time
 184          {
 185   1              UINT8 deadtmphigh,deadtmplow;
 186   1              deadtmplow = DeadTimeData;
 187   1              deadtmphigh = DeadTimeData>>8;
 188   1              BIT_TMP = EA;
 189   1              if (deadtmphigh==0x01)
 190   1              {
 191   2                      EA = 0;
 192   2                      TA = 0xAA;
 193   2                      TA = 0x55;
 194   2                      PDTEN|=0x10;
 195   2              }
 196   1              TA = 0xAA;
 197   1              TA = 0x55;
 198   1              PDTCNT = deadtmplow;
 199   1              EA = BIT_TMP;
 200   1      }
 201          
 202          void PWM_Init()
 203          {
 204   1              PWM5_P03_OUTPUT_ENABLE;
 205   1              PWM4_P01_OUTPUT_ENABLE;//Upper bridge
 206   1              PWM4_OUTPUT_INVERSE;
 207   1      //      PWM5_OUTPUT_INVERSE;    
 208   1              PWM_COMPLEMENTARY_MODE;//In this mode the dead time can work
 209   1              
 210   1              PWM_CLOCK_DIV_32;
 211   1      //      PWMPH = 0x07;
 212   1      //      PWMPL = 0xcf;   //1K
 213   1              PWMPH = 0x00;   //Period setting;
 214   1              PWMPL = 0xff;   //1.9KHz
 215   1              
 216   1              set_SFRPAGE;
 217   1              PWM4H = 0x00;
 218   1              PWM4L = 0xff;
 219   1              clr_SFRPAGE;
 220   1              
 221   1              PWM45_DEADTIME_ENABLE;
 222   1              PWM_DEAD_TIME_VALUE(64); //31=2us dead time      95=6us 63=4us input PDTCNT value
 223   1              set_LOAD;
 224   1              set_PWMRUN;
 225   1              /**********************************************************************
 226   1              PWM frequency = Fpwm/((PWMPH,PWMPL) + 1) <Fpwm = Fsys/PWM_CLOCK_DIV> 
 227   1                                                                      = (16MHz/8)/(0x7CF + 1)
 228   1                                                                      = 1KHz (1ms)
 229   1              =(16MHz/8)/(0x96+1)
 230   1      
 231   1              ***********************************************************************/
 232   1      }
 233          
 234          void PWM_Setting(UINT8 n, UINT8 FB)     //1n = 1%
 235          {
 236   1              set_SFRPAGE; //PWM4\5 SETTING
 237   1              flag = 1;
 238   1              n = n>100? 100: n;
 239   1              if(flag)
 240   1              {
C51 COMPILER V9.60.0.0   MOTOR_CONTROL                                                     11/10/2021 17:40:50 PAGE 5   

 241   2                      UINT8 i = n*5/2;
 242   2                      if(n>=0&&n<=100)
 243   2                      {
 244   3                              if(PWM4L<i)
 245   3                              {
 246   4                                      PWM4L++;
 247   4                              }
 248   3                              else if(PWM4L==i)// jump out
 249   3                              {
 250   4                                      flag = 0;
 251   4                              }
 252   3                              else
 253   3                              {
 254   4                                      PWM4L=i;
 255   4                              }
 256   3                      }
 257   2                      if(PWM4L>10)
 258   2                              Relay_On(FB);
 259   2      //              else
 260   2      //                      Relay_Off();
 261   2                      Ramp_up;// 10 = 2.55s ramp up
 262   2              }
 263   1              
 264   1      }
 265          
 266          //void PinInterrupt (void) interrupt 7
 267          //{
 268          //      printf("Falling edge intterrupt triggered");
 269          //}


MODULE INFORMATION:   STATIC OVERLAYABLE
   CODE SIZE        =   1231    ----
   CONSTANT SIZE    =     56    ----
   XDATA SIZE       =   ----    ----
   PDATA SIZE       =   ----    ----
   DATA SIZE        =     27      10
   IDATA SIZE       =   ----    ----
   BIT SIZE         =   ----    ----
END OF MODULE INFORMATION.


C51 COMPILATION COMPLETE.  0 WARNING(S),  0 ERROR(S)
