C51 COMPILER V9.60.0.0   MOTOR_CONTROL                                                     12/14/2021 18:24:28 PAGE 1   


C51 COMPILER V9.60.0.0, COMPILATION OF MODULE MOTOR_CONTROL
OBJECT MODULE PLACED IN .\Output\Motor_control.obj
COMPILER INVOKED BY: C:\keil5\C51\BIN\C51.EXE Code\Motor_control.c OPTIMIZE(8,SPEED) BROWSE INCDIR(..\Include) DEFINE(FO
                    -SC_160000) DEBUG OBJECTEXTEND PRINT(.\LST\Motor_control.lst) OBJECT(.\Output\Motor_control.obj)

line level    source

   1          #include "Motor_control.h"
   2          #include "common.h"
   3          #include "Function_define.h"
   4          #include "N76E003.h"
   5          #include "SFR_Macro.h"
   6          #include "Delay.h" 
   7          #include "SFR_Macro.h"
   8          
   9          #define Vref  3072;
  10          #define Ramp_up Timer0_Delay1ms(10); set_LOAD;set_PWMRUN//from 0->0x97 150 step, 10ms*150=1.5s
  11          #define set_IAPEN BIT_TMP=EA;EA=0;TA=0xAA;TA=0x55;CHPCON|=SET_BIT0 ;EA=BIT_TMP
  12          #define set_IAPGO BIT_TMP=EA;EA=0;TA=0xAA;TA=0x55;IAPTRG|=SET_BIT0 ;EA=BIT_TMP
  13          #define clr_IAPEN BIT_TMP=EA;EA=0;TA=0xAA;TA=0x55;CHPCON&=~SET_BIT0;EA=BIT_TMP
  14          //#define TIM1_INIT  TH0 = 0XFC
  15          ////////////Variables////////////////
  16          double bgvalue, ADCValue, bgvol, ADC_Vol;
  17          uint8_t  bgmark;
  18          uint8_t  bgh;
  19          uint8_t  bgl;
  20          static uint8_t  flag=1;
  21          
  22          
  23          // PWM+=KP[e(k) -e(k-1)]+Ki*e(k)+Kd[e(k)-2e(k-1)+e(k-2)]
  24          // e(k) the value difference of actual and setting e(k-1) the last time difference
  25          // In this motor control we use P
  26          // PWM = Kp[e(k) - e(k-1)]
  27          // Cbat == the current value  IO:P05 ADC value
  28          int Incremental_P(UINT8 Cbat, UINT8 CC_Value)//int can have negative num
  29          {
  30   1              static UINT8 Kp=1,Bias,Last_bias;
  31   1              static float PWM;
  32   1              Bias= Cbat-CC_Value;
  33   1              PWM-= Kp*(Bias-Last_bias);// Decreasement output
  34   1              Last_bias = Bias;
  35   1              return PWM; //The percentage of decreasment
  36   1      }
  37          void ADC_Init(void)
  38          {
  39   1              clr_P12; //LED on
  40   1              clr_P10;//BC
  41   1              clr_P05;
  42   1              P17_Input_Mode;//Hall
  43   1              P30_Input_Mode;//Speed shift
  44   1              P05_Input_Mode; //current value
  45   1      //      P13_Input_Mode;
  46   1              P12_PushPull_Mode;
  47   1              P01_PushPull_Mode;
  48   1              P03_PushPull_Mode;
  49   1              P14_PushPull_Mode;
  50   1              P00_PushPull_Mode;//Forward relay
  51   1              P10_PushPull_Mode;
  52   1              
  53   1              set_P14; //Enable DCDC
  54   1              set_P13;
C51 COMPILER V9.60.0.0   MOTOR_CONTROL                                                     12/14/2021 18:24:28 PAGE 2   

  55   1              clr_P00, clr_P10;
  56   1              
  57   1              set_IAPEN;
  58   1              IAPAL = 0x0d; IAPAH = 0x00; IAPCN = 0x04;//0x04 =Read UID
  59   1              set_IAPGO;
  60   1              bgl = IAPFD;
  61   1              bgmark = bgl&0xf0;
  62   1              
  63   1              if(bgmark == 0x80)
  64   1              {
  65   2                      bgl = bgl&0x0f;                 
  66   2                      IAPAL = 0x0c;
  67   2                      IAPAH = 0x00; 
  68   2                      set_IAPGO;
  69   2                      bgh = IAPFD;
  70   2                      bgvalue = (bgh<<4)+bgl;
  71   2                      bgvol = bgvalue*3/4;
  72   2                      bgvol = bgvol- 33;
  73   2              }
  74   1              if(bgmark==0x00)
  75   1              {
  76   2                      bgl = bgl&0x0f;
  77   2                      IAPAL = 0X0C;
  78   2                      IAPAH = 0X00;
  79   2                      set_IAPGO;
  80   2                      bgh = IAPFD;
  81   2                      bgvalue = (bgh<<4)+bgl;
  82   2                      bgvol = bgvalue*3/4;
  83   2              }
  84   1              if(bgmark==0x90)
  85   1              {
  86   2                      IAPAL = 0x0E;
  87   2                      IAPAH = 0x00;
  88   2                      set_IAPGO;
  89   2                      bgh   = IAPFD;
  90   2                      IAPAL = 0x0F;
  91   2                      IAPAH = 0x00;
  92   2                      set_IAPGO;
  93   2                      bgl = IAPFD;
  94   2                      bgl = bgl&0x0f; 
  95   2                      bgvalue = (bgh<<4)+bgl;
  96   2                      bgvol = bgvalue*3/4;
  97   2              }
  98   1              printf("\nBandgap value:%d\n", bgvalue);
  99   1              printf("\nBandgap vo ltage:%dmV\n",bgvol);
 100   1              clr_IAPEN;              // turn off IAP
 101   1              
 102   1              Enable_ADC_AIN0;                //P17 Hall pedal
 103   1      //      Enable_ADC_AIN4;                //P05 A_Det
 104   1      //      Enable_ADC_AIN1;                //P30 Speed
 105   1              for(bgh =0;bgh<3;bgh++)
 106   1              {
 107   2                      clr_ADCF;
 108   2                      set_ADCS;
 109   2                      while(ADCF==0);
 110   2                      ADCValue = (ADCRH<<4)+ADCRL;
 111   2                      printf("ADC value:%d",ADCValue);
 112   2              }
 113   1      }
 114          /* AD value= Voltage*255/5  20A=57*/
 115          UINT16 Get_CurrentValue(void)
 116          {
C51 COMPILER V9.60.0.0   MOTOR_CONTROL                                                     12/14/2021 18:24:28 PAGE 3   

 117   1              Enable_ADC_AIN4;
 118   1              clr_ADCF;
 119   1              set_ADCS;
 120   1              while(ADCF==0);
 121   1      //      ADCValue = (ADCRH<<4)+ADCRL;
 122   1      //      printf("ADC value:%d",ADCValue);
 123   1              return ADCRH;
 124   1      }
 125          
 126          UINT16 Get_HallValue(void)
 127          {
 128   1              Enable_ADC_AIN0;
 129   1              clr_ADCF;
 130   1              set_ADCS;//Enable ADC transfer
 131   1      //      ADCValue = (ADCRH<<4)+ADCRL
 132   1      //      ADC_Vol = (bgvol*ADCValue/bgvalue);//All are decimal
 133   1      //      printf("ADCRH:%x\n",ADCRH);
 134   1      //      printf("ADCRL:%d",ADCRL);
 135   1      //      printf("ADC_voltage:%gmV\n",ADC_Vol);//%g don't print no meaning 0
 136   1              while(ADCF==0);//ADC transfer done
 137   1              return ADCRH; //High 8 bits+ low 4 bits
 138   1      }
 139          
 140          UINT8 Get_Speedvalue(void)
 141          {
 142   1              Enable_ADC_AIN1;
 143   1              clr_ADCF;
 144   1              set_ADCS;
 145   1              while(ADCF==0);
 146   1              if(ADCRH>100)
 147   1                      return 1;
 148   1              else 
 149   1                      return 0;
 150   1      }
 151          
 152          void Relay_On(UINT8 On_FB)//1= F 0 = B
 153          {
 154   1              if(On_FB==1)
 155   1              {
 156   2                      clr_P10;
 157   2                      set_P00;
 158   2              }
 159   1              else
 160   1              {
 161   2                      clr_P00;
 162   2                      set_P10;
 163   2              }
 164   1                      
 165   1      }
 166          
 167          void Relay_Off(void)
 168          {
 169   1              clr_P00;
 170   1              clr_P10;
 171   1      }
 172                  /**********************************************************************
 173                                                                  Dead time setting
 174                                                          DT=PDTCNT+1/Fsys  >Ton+Toff
 175                                                          2us= 32/16M
 176                  ********************************** 3  5************************************/
 177          void PWM_DEAD_TIME_VALUE(UINT16 DeadTimeData) //problem:when the deadtemphigh!=1, there is no dead time
 178          {
C51 COMPILER V9.60.0.0   MOTOR_CONTROL                                                     12/14/2021 18:24:28 PAGE 4   

 179   1              UINT8 deadtmphigh,deadtmplow;
 180   1              deadtmplow = DeadTimeData;
 181   1              deadtmphigh = DeadTimeData>>8;
 182   1              BIT_TMP = EA;
 183   1              if (deadtmphigh==0x01)
 184   1              {
 185   2                      EA = 0;
 186   2                      TA = 0xAA;
 187   2                      TA = 0x55;
 188   2                      PDTEN|=0x10;
 189   2              }
 190   1              TA = 0xAA;
 191   1              TA = 0x55;
 192   1              PDTCNT = deadtmplow;
 193   1              EA = BIT_TMP;
 194   1      }
 195          
 196          void PWM_Init()
 197          {
 198   1              PWM5_P03_OUTPUT_ENABLE;
 199   1              PWM4_P01_OUTPUT_ENABLE;//Upper bridge
 200   1              PWM4_OUTPUT_INVERSE;
 201   1      //      PWM5_OUTPUT_INVERSE;    
 202   1              PWM_COMPLEMENTARY_MODE;//In this mode the dead time can work
 203   1              
 204   1              PWM_CLOCK_DIV_32;
 205   1      //      PWMPH = 0x07;
 206   1      //      PWMPL = 0xcf;   //1K
 207   1              PWMPH = 0x00;   //Period setting;
 208   1              PWMPL = 0xff;   //1.9KHz
 209   1              
 210   1              set_SFRPAGE;
 211   1              PWM4H = 0x00;
 212   1              PWM4L = 0x00;
 213   1              clr_SFRPAGE;
 214   1              
 215   1              PWM45_DEADTIME_ENABLE;
 216   1              PWM_DEAD_TIME_VALUE(64); //31=2us dead time      95=6us 63=4us input PDTCNT value
 217   1              set_LOAD;
 218   1              set_PWMRUN;
 219   1              /**********************************************************************
 220   1              PWM frequency = Fpwm/((PWMPH,PWMPL) + 1) <Fpwm = Fsys/PWM_CLOCK_DIV> 
 221   1                                                                      = (16MHz/8)/(0x7CF + 1)
 222   1                                                                      = 1KHz (1ms)
 223   1              =(16MHz/8)/(0x96+1)
 224   1      
 225   1              ***********************************************************************/
 226   1      }
 227          
 228          void PWM_Setting(UINT8 n, UINT8 FB)     //1n = 1%
 229          {
 230   1              set_SFRPAGE; //PWM4\5 SETTING
 231   1              flag = 1;
 232   1              n = n>100? 100: n;
 233   1              if(flag)
 234   1              {
 235   2                      UINT8 i = n*5/2;
 236   2                      if(n>=0&&n<=100)
 237   2                      {
 238   3                              if(PWM4L<i)
 239   3                              {
 240   4                                      PWM4L++;
C51 COMPILER V9.60.0.0   MOTOR_CONTROL                                                     12/14/2021 18:24:28 PAGE 5   

 241   4                              }
 242   3                              else if(PWM4L==i)// jump out
 243   3                              {
 244   4                                      flag = 0;
 245   4                              }
 246   3                              else
 247   3                              {
 248   4                                      PWM4L=i;
 249   4                              }
 250   3                      }
 251   2                      if(PWM4L>10)
 252   2                              Relay_On(FB);
 253   2      //              else
 254   2      //                      Relay_Off();
 255   2                      Ramp_up;// 10 = 2.55s ramp up
 256   2              }
 257   1              
 258   1      }


MODULE INFORMATION:   STATIC OVERLAYABLE
   CODE SIZE        =   1088    ----
   CONSTANT SIZE    =     56    ----
   XDATA SIZE       =   ----    ----
   PDATA SIZE       =   ----    ----
   DATA SIZE        =     27       1
   IDATA SIZE       =   ----    ----
   BIT SIZE         =   ----    ----
END OF MODULE INFORMATION.


C51 COMPILATION COMPLETE.  0 WARNING(S),  0 ERROR(S)
