<html>
<body>
<pre>
<h1>µVision Build Log</h1>
<h2>Tool Versions:</h2>
IDE-Version: µVision V5.27.1.0
Copyright (C) 2019 ARM Ltd and ARM Germany GmbH. All rights reserved.
License Information: d Admin, d, LIC=----
 
Tool Versions:
Toolchain:       MDK-Lite  Version: 5.30.0.0
Toolchain Path:  C:\Keil_v5\ARM\ARMCC\Bin
C Compiler:      Armcc.exe V5.06 update 6 (build 750)
Assembler:       Armasm.exe V5.06 update 6 (build 750)
Linker/Locator:  ArmLink.exe V5.06 update 6 (build 750)
Library Manager: ArmAr.exe V5.06 update 6 (build 750)
Hex Converter:   FromElf.exe V5.06 update 6 (build 750)
CPU DLL:         SARMCM3.DLL V5.30.0.0
Dialog DLL:      DARMCM1.DLL V1.19.3.0
Target DLL:      STLink\ST-LINKIII-KEIL_SWO.dll V3.0.7.0
Dialog DLL:      TARMCM1.DLL V1.14.2.0
 
<h2>Project:</h2>
C:\Users\kzhou\Desktop\RF projects\LED reactive Module\git\STM32-learning\STM32F030 Mic\ADC.uvprojx
Project File Date:  04/13/2021

<h2>Output:</h2>
*** Using Compiler 'V5.06 update 6 (build 750)', folder: 'C:\Keil_v5\ARM\ARMCC\Bin'
Rebuild target 'ADC'
assembling startup_stm32f030.s...
compiling stm32f0xx_it.c...
compiling ADC.c...
compiling stm32f0xx_adc.c...
compiling system_stm32f0xx.c...
compiling main.c...
compiling stm32f0xx_can.c...
compiling stm32f0xx_cec.c...
compiling stm32f0xx_comp.c...
compiling stm32f0xx_crc.c...
compiling stm32f0xx_crs.c...
compiling stm32f0xx_exti.c...
compiling stm32f0xx_dac.c...
compiling stm32f0xx_dbgmcu.c...
compiling stm32f0xx_dma.c...
compiling stm32f0xx_flash.c...
compiling stm32f0xx_misc.c...
compiling stm32f0xx_iwdg.c...
compiling stm32f0xx_gpio.c...
compiling stm32f0xx_pwr.c...
compiling stm32f0xx_i2c.c...
compiling stm32f0xx_rcc.c...
compiling stm32f0xx_rtc.c...
compiling stm32f0xx_spi.c...
compiling stm32f0xx_wwdg.c...
compiling stm32f0xx_syscfg.c...
compiling stm32f0xx_usart.c...
compiling stm32f0xx_tim.c...
linking...
Program Size: Code=1560 RO-data=212 RW-data=8 ZI-data=1664  
FromELF: creating hex file...
".\Objects\ADC.axf" - 0 Error(s), 0 Warning(s).

<h2>Software Packages used:</h2>

Package Vendor: Keil
                http://www.keil.com/pack/Keil.STM32F0xx_DFP.2.1.0.pack
                Keil.STM32F0xx_DFP.2.1.0
                STMicroelectronics STM32F0 Series Device Support, Drivers and Examples

<h2>Collection of Component include folders:</h2>
  .\RTE\_ADC
  C:\Users\kzhou\AppData\Local\Arm\Packs\Keil\STM32F0xx_DFP\2.1.0\Drivers\CMSIS\Device\ST\STM32F0xx\Include

<h2>Collection of Component Files used:</h2>
Build Time Elapsed:  00:00:05
</pre>
</body>
</html>
