17:20:26 **** Clean-only build of configuration Debug for project BLDC_STM32F030R8T6 ****
make -j8 clean 
rm -rf ./Drivers/STM32F0xx_HAL_Driver/Src/stm32f0xx_hal.cyclo ./Drivers/STM32F0xx_HAL_Driver/Src/stm32f0xx_hal.d ./Drivers/STM32F0xx_HAL_Driver/Src/stm32f0xx_hal.o ./Drivers/STM32F0xx_HAL_Driver/Src/stm32f0xx_hal.su ./Drivers/STM32F0xx_HAL_Driver/Src/stm32f0xx_hal_adc.cyclo ./Drivers/STM32F0xx_HAL_Driver/Src/stm32f0xx_hal_adc.d ./Drivers/STM32F0xx_HAL_Driver/Src/stm32f0xx_hal_adc.o ./Drivers/STM32F0xx_HAL_Driver/Src/stm32f0xx_hal_adc.su ./Drivers/STM32F0xx_HAL_Driver/Src/stm32f0xx_hal_adc_ex.cyclo ./Drivers/STM32F0xx_HAL_Driver/Src/stm32f0xx_hal_adc_ex.d ./Drivers/STM32F0xx_HAL_Driver/Src/stm32f0xx_hal_adc_ex.o ./Drivers/STM32F0xx_HAL_Driver/Src/stm32f0xx_hal_adc_ex.su ./Drivers/STM32F0xx_HAL_Driver/Src/stm32f0xx_hal_cortex.cyclo ./Drivers/STM32F0xx_HAL_Driver/Src/stm32f0xx_hal_cortex.d ./Drivers/STM32F0xx_HAL_Driver/Src/stm32f0xx_hal_cortex.o ./Drivers/STM32F0xx_HAL_Driver/Src/stm32f0xx_hal_cortex.su ./Drivers/STM32F0xx_HAL_Driver/Src/stm32f0xx_hal_dma.cyclo ./Drivers/STM32F0xx_HAL_Driver/Src/stm32f0xx_hal_dma.d ./Drivers/STM32F0xx_HAL_Driver/Src/stm32f0xx_hal_dma.o ./Drivers/STM32F0xx_HAL_Driver/Src/stm32f0xx_hal_dma.su ./Drivers/STM32F0xx_HAL_Driver/Src/stm32f0xx_hal_exti.cyclo ./Drivers/STM32F0xx_HAL_Driver/Src/stm32f0xx_hal_exti.d ./Drivers/STM32F0xx_HAL_Driver/Src/stm32f0xx_hal_exti.o ./Drivers/STM32F0xx_HAL_Driver/Src/stm32f0xx_hal_exti.su ./Drivers/STM32F0xx_HAL_Driver/Src/stm32f0xx_hal_flash.cyclo ./Drivers/STM32F0xx_HAL_Driver/Src/stm32f0xx_hal_flash.d ./Drivers/STM32F0xx_HAL_Driver/Src/stm32f0xx_hal_flash.o ./Drivers/STM32F0xx_HAL_Driver/Src/stm32f0xx_hal_flash.su ./Drivers/STM32F0xx_HAL_Driver/Src/stm32f0xx_hal_flash_ex.cyclo ./Drivers/STM32F0xx_HAL_Driver/Src/stm32f0xx_hal_flash_ex.d ./Drivers/STM32F0xx_HAL_Driver/Src/stm32f0xx_hal_flash_ex.o ./Drivers/STM32F0xx_HAL_Driver/Src/stm32f0xx_hal_flash_ex.su ./Drivers/STM32F0xx_HAL_Driver/Src/stm32f0xx_hal_gpio.cyclo ./Drivers/STM32F0xx_HAL_Driver/Src/stm32f0xx_hal_gpio.d ./Drivers/STM32F0xx_HAL_Driver/Src/stm32f0xx_hal_gpio.o ./Drivers/STM32F0xx_HAL_Driver/Src/stm32f0xx_hal_gpio.su ./Drivers/STM32F0xx_HAL_Driver/Src/stm32f0xx_hal_i2c.cyclo ./Drivers/STM32F0xx_HAL_Driver/Src/stm32f0xx_hal_i2c.d ./Drivers/STM32F0xx_HAL_Driver/Src/stm32f0xx_hal_i2c.o ./Drivers/STM32F0xx_HAL_Driver/Src/stm32f0xx_hal_i2c.su ./Drivers/STM32F0xx_HAL_Driver/Src/stm32f0xx_hal_i2c_ex.cyclo ./Drivers/STM32F0xx_HAL_Driver/Src/stm32f0xx_hal_i2c_ex.d ./Drivers/STM32F0xx_HAL_Driver/Src/stm32f0xx_hal_i2c_ex.o ./Drivers/STM32F0xx_HAL_Driver/Src/stm32f0xx_hal_i2c_ex.su ./Drivers/STM32F0xx_HAL_Driver/Src/stm32f0xx_hal_pwr.cyclo ./Drivers/STM32F0xx_HAL_Driver/Src/stm32f0xx_hal_pwr.d ./Drivers/STM32F0xx_HAL_Driver/Src/stm32f0xx_hal_pwr.o ./Drivers/STM32F0xx_HAL_Driver/Src/stm32f0xx_hal_pwr.su ./Drivers/STM32F0xx_HAL_Driver/Src/stm32f0xx_hal_pwr_ex.cyclo ./Drivers/STM32F0xx_HAL_Driver/Src/stm32f0xx_hal_pwr_ex.d ./Drivers/STM32F0xx_HAL_Driver/Src/stm32f0xx_hal_pwr_ex.o ./Drivers/STM32F0xx_HAL_Driver/Src/stm32f0xx_hal_pwr_ex.su ./Drivers/STM32F0xx_HAL_Driver/Src/stm32f0xx_hal_rcc.cyclo ./Drivers/STM32F0xx_HAL_Driver/Src/stm32f0xx_hal_rcc.d ./Drivers/STM32F0xx_HAL_Driver/Src/stm32f0xx_hal_rcc.o ./Drivers/STM32F0xx_HAL_Driver/Src/stm32f0xx_hal_rcc.su ./Drivers/STM32F0xx_HAL_Driver/Src/stm32f0xx_hal_rcc_ex.cyclo ./Drivers/STM32F0xx_HAL_Driver/Src/stm32f0xx_hal_rcc_ex.d ./Drivers/STM32F0xx_HAL_Driver/Src/stm32f0xx_hal_rcc_ex.o ./Drivers/STM32F0xx_HAL_Driver/Src/stm32f0xx_hal_rcc_ex.su ./Drivers/STM32F0xx_HAL_Driver/Src/stm32f0xx_hal_spi.cyclo ./Drivers/STM32F0xx_HAL_Driver/Src/stm32f0xx_hal_spi.d ./Drivers/STM32F0xx_HAL_Driver/Src/stm32f0xx_hal_spi.o ./Drivers/STM32F0xx_HAL_Driver/Src/stm32f0xx_hal_spi.su ./Drivers/STM32F0xx_HAL_Driver/Src/stm32f0xx_hal_spi_ex.cyclo ./Drivers/STM32F0xx_HAL_Driver/Src/stm32f0xx_hal_spi_ex.d ./Drivers/STM32F0xx_HAL_Driver/Src/stm32f0xx_hal_spi_ex.o ./Drivers/STM32F0xx_HAL_Driver/Src/stm32f0xx_hal_spi_ex.su ./Drivers/STM32F0xx_HAL_Driver/Src/stm32f0xx_hal_tim.cyclo ./Drivers/STM32F0xx_HAL_Driver/Src/stm32f0xx_hal_tim.d ./Drivers/STM32F0xx_HAL_Driver/Src/stm32f0xx_hal_tim.o ./Drivers/STM32F0xx_HAL_Driver/Src/stm32f0xx_hal_tim.su ./Drivers/STM32F0xx_HAL_Driver/Src/stm32f0xx_hal_tim_ex.cyclo ./Drivers/STM32F0xx_HAL_Driver/Src/stm32f0xx_hal_tim_ex.d ./Drivers/STM32F0xx_HAL_Driver/Src/stm32f0xx_hal_tim_ex.o ./Drivers/STM32F0xx_HAL_Driver/Src/stm32f0xx_hal_tim_ex.su ./Drivers/STM32F0xx_HAL_Driver/Src/stm32f0xx_hal_uart.cyclo ./Drivers/STM32F0xx_HAL_Driver/Src/stm32f0xx_hal_uart.d ./Drivers/STM32F0xx_HAL_Driver/Src/stm32f0xx_hal_uart.o ./Drivers/STM32F0xx_HAL_Driver/Src/stm32f0xx_hal_uart.su ./Drivers/STM32F0xx_HAL_Driver/Src/stm32f0xx_hal_uart_ex.cyclo ./Drivers/STM32F0xx_HAL_Driver/Src/stm32f0xx_hal_uart_ex.d ./Drivers/STM32F0xx_HAL_Driver/Src/stm32f0xx_hal_uart_ex.o ./Drivers/STM32F0xx_HAL_Driver/Src/stm32f0xx_hal_uart_ex.su
rm -rf ./Core/Startup/startup_stm32f030r8tx.d ./Core/Startup/startup_stm32f030r8tx.o
rm -rf ./Core/Src/BLDC.cyclo ./Core/Src/BLDC.d ./Core/Src/BLDC.o ./Core/Src/BLDC.su ./Core/Src/Mymain.cyclo ./Core/Src/Mymain.d ./Core/Src/Mymain.o ./Core/Src/Mymain.su ./Core/Src/adc.cyclo ./Core/Src/adc.d ./Core/Src/adc.o ./Core/Src/adc.su ./Core/Src/dma.cyclo ./Core/Src/dma.d ./Core/Src/dma.o ./Core/Src/dma.su ./Core/Src/gpio.cyclo ./Core/Src/gpio.d ./Core/Src/gpio.o ./Core/Src/gpio.su ./Core/Src/spi.cyclo ./Core/Src/spi.d ./Core/Src/spi.o ./Core/Src/spi.su ./Core/Src/stm32f0xx_hal_msp.cyclo ./Core/Src/stm32f0xx_hal_msp.d ./Core/Src/stm32f0xx_hal_msp.o ./Core/Src/stm32f0xx_hal_msp.su ./Core/Src/stm32f0xx_it.cyclo ./Core/Src/stm32f0xx_it.d ./Core/Src/stm32f0xx_it.o ./Core/Src/stm32f0xx_it.su ./Core/Src/syscalls.cyclo ./Core/Src/syscalls.d ./Core/Src/syscalls.o ./Core/Src/syscalls.su ./Core/Src/sysmem.cyclo ./Core/Src/sysmem.d ./Core/Src/sysmem.o ./Core/Src/sysmem.su ./Core/Src/system_stm32f0xx.cyclo ./Core/Src/system_stm32f0xx.d ./Core/Src/system_stm32f0xx.o ./Core/Src/system_stm32f0xx.su ./Core/Src/tim.cyclo ./Core/Src/tim.d ./Core/Src/tim.o ./Core/Src/tim.su ./Core/Src/usart.cyclo ./Core/Src/usart.d ./Core/Src/usart.o ./Core/Src/usart.su
rm -rf BLDC_STM32F030R8T6.elf BLDC_STM32F030R8T6.list BLDC_STM32F030R8T6.map default.size.stdout
 
17:20:32 **** Build of configuration Debug for project BLDC_STM32F030R8T6 ****
make -j8 all 
arm-none-eabi-gcc "../Drivers/STM32F0xx_HAL_Driver/Src/stm32f0xx_hal.c" -mcpu=cortex-m0 -std=gnu11 -g3 -DDEBUG -DUSE_HAL_DRIVER -DSTM32F030x8 -c -I../Core/Inc -I../Drivers/STM32F0xx_HAL_Driver/Inc -I../Drivers/STM32F0xx_HAL_Driver/Inc/Legacy -I../Drivers/CMSIS/Device/ST/STM32F0xx/Include -I../Drivers/CMSIS/Include -O0 -ffunction-sections -fdata-sections -Wall -fstack-usage -fcyclomatic-complexity -MMD -MP -MF"Drivers/STM32F0xx_HAL_Driver/Src/stm32f0xx_hal.d" -MT"Drivers/STM32F0xx_HAL_Driver/Src/stm32f0xx_hal.o" --specs=nano.specs -mfloat-abi=soft -mthumb -o "Drivers/STM32F0xx_HAL_Driver/Src/stm32f0xx_hal.o"
arm-none-eabi-gcc "../Drivers/STM32F0xx_HAL_Driver/Src/stm32f0xx_hal_adc.c" -mcpu=cortex-m0 -std=gnu11 -g3 -DDEBUG -DUSE_HAL_DRIVER -DSTM32F030x8 -c -I../Core/Inc -I../Drivers/STM32F0xx_HAL_Driver/Inc -I../Drivers/STM32F0xx_HAL_Driver/Inc/Legacy -I../Drivers/CMSIS/Device/ST/STM32F0xx/Include -I../Drivers/CMSIS/Include -O0 -ffunction-sections -fdata-sections -Wall -fstack-usage -fcyclomatic-complexity -MMD -MP -MF"Drivers/STM32F0xx_HAL_Driver/Src/stm32f0xx_hal_adc.d" -MT"Drivers/STM32F0xx_HAL_Driver/Src/stm32f0xx_hal_adc.o" --specs=nano.specs -mfloat-abi=soft -mthumb -o "Drivers/STM32F0xx_HAL_Driver/Src/stm32f0xx_hal_adc.o"
arm-none-eabi-gcc "../Drivers/STM32F0xx_HAL_Driver/Src/stm32f0xx_hal_adc_ex.c" -mcpu=cortex-m0 -std=gnu11 -g3 -DDEBUG -DUSE_HAL_DRIVER -DSTM32F030x8 -c -I../Core/Inc -I../Drivers/STM32F0xx_HAL_Driver/Inc -I../Drivers/STM32F0xx_HAL_Driver/Inc/Legacy -I../Drivers/CMSIS/Device/ST/STM32F0xx/Include -I../Drivers/CMSIS/Include -O0 -ffunction-sections -fdata-sections -Wall -fstack-usage -fcyclomatic-complexity -MMD -MP -MF"Drivers/STM32F0xx_HAL_Driver/Src/stm32f0xx_hal_adc_ex.d" -MT"Drivers/STM32F0xx_HAL_Driver/Src/stm32f0xx_hal_adc_ex.o" --specs=nano.specs -mfloat-abi=soft -mthumb -o "Drivers/STM32F0xx_HAL_Driver/Src/stm32f0xx_hal_adc_ex.o"
arm-none-eabi-gcc "../Drivers/STM32F0xx_HAL_Driver/Src/stm32f0xx_hal_cortex.c" -mcpu=cortex-m0 -std=gnu11 -g3 -DDEBUG -DUSE_HAL_DRIVER -DSTM32F030x8 -c -I../Core/Inc -I../Drivers/STM32F0xx_HAL_Driver/Inc -I../Drivers/STM32F0xx_HAL_Driver/Inc/Legacy -I../Drivers/CMSIS/Device/ST/STM32F0xx/Include -I../Drivers/CMSIS/Include -O0 -ffunction-sections -fdata-sections -Wall -fstack-usage -fcyclomatic-complexity -MMD -MP -MF"Drivers/STM32F0xx_HAL_Driver/Src/stm32f0xx_hal_cortex.d" -MT"Drivers/STM32F0xx_HAL_Driver/Src/stm32f0xx_hal_cortex.o" --specs=nano.specs -mfloat-abi=soft -mthumb -o "Drivers/STM32F0xx_HAL_Driver/Src/stm32f0xx_hal_cortex.o"
arm-none-eabi-gcc "../Drivers/STM32F0xx_HAL_Driver/Src/stm32f0xx_hal_dma.c" -mcpu=cortex-m0 -std=gnu11 -g3 -DDEBUG -DUSE_HAL_DRIVER -DSTM32F030x8 -c -I../Core/Inc -I../Drivers/STM32F0xx_HAL_Driver/Inc -I../Drivers/STM32F0xx_HAL_Driver/Inc/Legacy -I../Drivers/CMSIS/Device/ST/STM32F0xx/Include -I../Drivers/CMSIS/Include -O0 -ffunction-sections -fdata-sections -Wall -fstack-usage -fcyclomatic-complexity -MMD -MP -MF"Drivers/STM32F0xx_HAL_Driver/Src/stm32f0xx_hal_dma.d" -MT"Drivers/STM32F0xx_HAL_Driver/Src/stm32f0xx_hal_dma.o" --specs=nano.specs -mfloat-abi=soft -mthumb -o "Drivers/STM32F0xx_HAL_Driver/Src/stm32f0xx_hal_dma.o"
arm-none-eabi-gcc "../Drivers/STM32F0xx_HAL_Driver/Src/stm32f0xx_hal_exti.c" -mcpu=cortex-m0 -std=gnu11 -g3 -DDEBUG -DUSE_HAL_DRIVER -DSTM32F030x8 -c -I../Core/Inc -I../Drivers/STM32F0xx_HAL_Driver/Inc -I../Drivers/STM32F0xx_HAL_Driver/Inc/Legacy -I../Drivers/CMSIS/Device/ST/STM32F0xx/Include -I../Drivers/CMSIS/Include -O0 -ffunction-sections -fdata-sections -Wall -fstack-usage -fcyclomatic-complexity -MMD -MP -MF"Drivers/STM32F0xx_HAL_Driver/Src/stm32f0xx_hal_exti.d" -MT"Drivers/STM32F0xx_HAL_Driver/Src/stm32f0xx_hal_exti.o" --specs=nano.specs -mfloat-abi=soft -mthumb -o "Drivers/STM32F0xx_HAL_Driver/Src/stm32f0xx_hal_exti.o"
arm-none-eabi-gcc "../Drivers/STM32F0xx_HAL_Driver/Src/stm32f0xx_hal_flash.c" -mcpu=cortex-m0 -std=gnu11 -g3 -DDEBUG -DUSE_HAL_DRIVER -DSTM32F030x8 -c -I../Core/Inc -I../Drivers/STM32F0xx_HAL_Driver/Inc -I../Drivers/STM32F0xx_HAL_Driver/Inc/Legacy -I../Drivers/CMSIS/Device/ST/STM32F0xx/Include -I../Drivers/CMSIS/Include -O0 -ffunction-sections -fdata-sections -Wall -fstack-usage -fcyclomatic-complexity -MMD -MP -MF"Drivers/STM32F0xx_HAL_Driver/Src/stm32f0xx_hal_flash.d" -MT"Drivers/STM32F0xx_HAL_Driver/Src/stm32f0xx_hal_flash.o" --specs=nano.specs -mfloat-abi=soft -mthumb -o "Drivers/STM32F0xx_HAL_Driver/Src/stm32f0xx_hal_flash.o"
arm-none-eabi-gcc "../Drivers/STM32F0xx_HAL_Driver/Src/stm32f0xx_hal_flash_ex.c" -mcpu=cortex-m0 -std=gnu11 -g3 -DDEBUG -DUSE_HAL_DRIVER -DSTM32F030x8 -c -I../Core/Inc -I../Drivers/STM32F0xx_HAL_Driver/Inc -I../Drivers/STM32F0xx_HAL_Driver/Inc/Legacy -I../Drivers/CMSIS/Device/ST/STM32F0xx/Include -I../Drivers/CMSIS/Include -O0 -ffunction-sections -fdata-sections -Wall -fstack-usage -fcyclomatic-complexity -MMD -MP -MF"Drivers/STM32F0xx_HAL_Driver/Src/stm32f0xx_hal_flash_ex.d" -MT"Drivers/STM32F0xx_HAL_Driver/Src/stm32f0xx_hal_flash_ex.o" --specs=nano.specs -mfloat-abi=soft -mthumb -o "Drivers/STM32F0xx_HAL_Driver/Src/stm32f0xx_hal_flash_ex.o"
arm-none-eabi-gcc "../Drivers/STM32F0xx_HAL_Driver/Src/stm32f0xx_hal_gpio.c" -mcpu=cortex-m0 -std=gnu11 -g3 -DDEBUG -DUSE_HAL_DRIVER -DSTM32F030x8 -c -I../Core/Inc -I../Drivers/STM32F0xx_HAL_Driver/Inc -I../Drivers/STM32F0xx_HAL_Driver/Inc/Legacy -I../Drivers/CMSIS/Device/ST/STM32F0xx/Include -I../Drivers/CMSIS/Include -O0 -ffunction-sections -fdata-sections -Wall -fstack-usage -fcyclomatic-complexity -MMD -MP -MF"Drivers/STM32F0xx_HAL_Driver/Src/stm32f0xx_hal_gpio.d" -MT"Drivers/STM32F0xx_HAL_Driver/Src/stm32f0xx_hal_gpio.o" --specs=nano.specs -mfloat-abi=soft -mthumb -o "Drivers/STM32F0xx_HAL_Driver/Src/stm32f0xx_hal_gpio.o"
arm-none-eabi-gcc "../Drivers/STM32F0xx_HAL_Driver/Src/stm32f0xx_hal_i2c.c" -mcpu=cortex-m0 -std=gnu11 -g3 -DDEBUG -DUSE_HAL_DRIVER -DSTM32F030x8 -c -I../Core/Inc -I../Drivers/STM32F0xx_HAL_Driver/Inc -I../Drivers/STM32F0xx_HAL_Driver/Inc/Legacy -I../Drivers/CMSIS/Device/ST/STM32F0xx/Include -I../Drivers/CMSIS/Include -O0 -ffunction-sections -fdata-sections -Wall -fstack-usage -fcyclomatic-complexity -MMD -MP -MF"Drivers/STM32F0xx_HAL_Driver/Src/stm32f0xx_hal_i2c.d" -MT"Drivers/STM32F0xx_HAL_Driver/Src/stm32f0xx_hal_i2c.o" --specs=nano.specs -mfloat-abi=soft -mthumb -o "Drivers/STM32F0xx_HAL_Driver/Src/stm32f0xx_hal_i2c.o"
arm-none-eabi-gcc "../Drivers/STM32F0xx_HAL_Driver/Src/stm32f0xx_hal_i2c_ex.c" -mcpu=cortex-m0 -std=gnu11 -g3 -DDEBUG -DUSE_HAL_DRIVER -DSTM32F030x8 -c -I../Core/Inc -I../Drivers/STM32F0xx_HAL_Driver/Inc -I../Drivers/STM32F0xx_HAL_Driver/Inc/Legacy -I../Drivers/CMSIS/Device/ST/STM32F0xx/Include -I../Drivers/CMSIS/Include -O0 -ffunction-sections -fdata-sections -Wall -fstack-usage -fcyclomatic-complexity -MMD -MP -MF"Drivers/STM32F0xx_HAL_Driver/Src/stm32f0xx_hal_i2c_ex.d" -MT"Drivers/STM32F0xx_HAL_Driver/Src/stm32f0xx_hal_i2c_ex.o" --specs=nano.specs -mfloat-abi=soft -mthumb -o "Drivers/STM32F0xx_HAL_Driver/Src/stm32f0xx_hal_i2c_ex.o"
arm-none-eabi-gcc "../Drivers/STM32F0xx_HAL_Driver/Src/stm32f0xx_hal_pwr.c" -mcpu=cortex-m0 -std=gnu11 -g3 -DDEBUG -DUSE_HAL_DRIVER -DSTM32F030x8 -c -I../Core/Inc -I../Drivers/STM32F0xx_HAL_Driver/Inc -I../Drivers/STM32F0xx_HAL_Driver/Inc/Legacy -I../Drivers/CMSIS/Device/ST/STM32F0xx/Include -I../Drivers/CMSIS/Include -O0 -ffunction-sections -fdata-sections -Wall -fstack-usage -fcyclomatic-complexity -MMD -MP -MF"Drivers/STM32F0xx_HAL_Driver/Src/stm32f0xx_hal_pwr.d" -MT"Drivers/STM32F0xx_HAL_Driver/Src/stm32f0xx_hal_pwr.o" --specs=nano.specs -mfloat-abi=soft -mthumb -o "Drivers/STM32F0xx_HAL_Driver/Src/stm32f0xx_hal_pwr.o"
arm-none-eabi-gcc "../Drivers/STM32F0xx_HAL_Driver/Src/stm32f0xx_hal_pwr_ex.c" -mcpu=cortex-m0 -std=gnu11 -g3 -DDEBUG -DUSE_HAL_DRIVER -DSTM32F030x8 -c -I../Core/Inc -I../Drivers/STM32F0xx_HAL_Driver/Inc -I../Drivers/STM32F0xx_HAL_Driver/Inc/Legacy -I../Drivers/CMSIS/Device/ST/STM32F0xx/Include -I../Drivers/CMSIS/Include -O0 -ffunction-sections -fdata-sections -Wall -fstack-usage -fcyclomatic-complexity -MMD -MP -MF"Drivers/STM32F0xx_HAL_Driver/Src/stm32f0xx_hal_pwr_ex.d" -MT"Drivers/STM32F0xx_HAL_Driver/Src/stm32f0xx_hal_pwr_ex.o" --specs=nano.specs -mfloat-abi=soft -mthumb -o "Drivers/STM32F0xx_HAL_Driver/Src/stm32f0xx_hal_pwr_ex.o"
arm-none-eabi-gcc "../Drivers/STM32F0xx_HAL_Driver/Src/stm32f0xx_hal_rcc.c" -mcpu=cortex-m0 -std=gnu11 -g3 -DDEBUG -DUSE_HAL_DRIVER -DSTM32F030x8 -c -I../Core/Inc -I../Drivers/STM32F0xx_HAL_Driver/Inc -I../Drivers/STM32F0xx_HAL_Driver/Inc/Legacy -I../Drivers/CMSIS/Device/ST/STM32F0xx/Include -I../Drivers/CMSIS/Include -O0 -ffunction-sections -fdata-sections -Wall -fstack-usage -fcyclomatic-complexity -MMD -MP -MF"Drivers/STM32F0xx_HAL_Driver/Src/stm32f0xx_hal_rcc.d" -MT"Drivers/STM32F0xx_HAL_Driver/Src/stm32f0xx_hal_rcc.o" --specs=nano.specs -mfloat-abi=soft -mthumb -o "Drivers/STM32F0xx_HAL_Driver/Src/stm32f0xx_hal_rcc.o"
arm-none-eabi-gcc "../Drivers/STM32F0xx_HAL_Driver/Src/stm32f0xx_hal_rcc_ex.c" -mcpu=cortex-m0 -std=gnu11 -g3 -DDEBUG -DUSE_HAL_DRIVER -DSTM32F030x8 -c -I../Core/Inc -I../Drivers/STM32F0xx_HAL_Driver/Inc -I../Drivers/STM32F0xx_HAL_Driver/Inc/Legacy -I../Drivers/CMSIS/Device/ST/STM32F0xx/Include -I../Drivers/CMSIS/Include -O0 -ffunction-sections -fdata-sections -Wall -fstack-usage -fcyclomatic-complexity -MMD -MP -MF"Drivers/STM32F0xx_HAL_Driver/Src/stm32f0xx_hal_rcc_ex.d" -MT"Drivers/STM32F0xx_HAL_Driver/Src/stm32f0xx_hal_rcc_ex.o" --specs=nano.specs -mfloat-abi=soft -mthumb -o "Drivers/STM32F0xx_HAL_Driver/Src/stm32f0xx_hal_rcc_ex.o"
arm-none-eabi-gcc "../Drivers/STM32F0xx_HAL_Driver/Src/stm32f0xx_hal_spi.c" -mcpu=cortex-m0 -std=gnu11 -g3 -DDEBUG -DUSE_HAL_DRIVER -DSTM32F030x8 -c -I../Core/Inc -I../Drivers/STM32F0xx_HAL_Driver/Inc -I../Drivers/STM32F0xx_HAL_Driver/Inc/Legacy -I../Drivers/CMSIS/Device/ST/STM32F0xx/Include -I../Drivers/CMSIS/Include -O0 -ffunction-sections -fdata-sections -Wall -fstack-usage -fcyclomatic-complexity -MMD -MP -MF"Drivers/STM32F0xx_HAL_Driver/Src/stm32f0xx_hal_spi.d" -MT"Drivers/STM32F0xx_HAL_Driver/Src/stm32f0xx_hal_spi.o" --specs=nano.specs -mfloat-abi=soft -mthumb -o "Drivers/STM32F0xx_HAL_Driver/Src/stm32f0xx_hal_spi.o"
arm-none-eabi-gcc "../Drivers/STM32F0xx_HAL_Driver/Src/stm32f0xx_hal_spi_ex.c" -mcpu=cortex-m0 -std=gnu11 -g3 -DDEBUG -DUSE_HAL_DRIVER -DSTM32F030x8 -c -I../Core/Inc -I../Drivers/STM32F0xx_HAL_Driver/Inc -I../Drivers/STM32F0xx_HAL_Driver/Inc/Legacy -I../Drivers/CMSIS/Device/ST/STM32F0xx/Include -I../Drivers/CMSIS/Include -O0 -ffunction-sections -fdata-sections -Wall -fstack-usage -fcyclomatic-complexity -MMD -MP -MF"Drivers/STM32F0xx_HAL_Driver/Src/stm32f0xx_hal_spi_ex.d" -MT"Drivers/STM32F0xx_HAL_Driver/Src/stm32f0xx_hal_spi_ex.o" --specs=nano.specs -mfloat-abi=soft -mthumb -o "Drivers/STM32F0xx_HAL_Driver/Src/stm32f0xx_hal_spi_ex.o"
arm-none-eabi-gcc "../Drivers/STM32F0xx_HAL_Driver/Src/stm32f0xx_hal_tim.c" -mcpu=cortex-m0 -std=gnu11 -g3 -DDEBUG -DUSE_HAL_DRIVER -DSTM32F030x8 -c -I../Core/Inc -I../Drivers/STM32F0xx_HAL_Driver/Inc -I../Drivers/STM32F0xx_HAL_Driver/Inc/Legacy -I../Drivers/CMSIS/Device/ST/STM32F0xx/Include -I../Drivers/CMSIS/Include -O0 -ffunction-sections -fdata-sections -Wall -fstack-usage -fcyclomatic-complexity -MMD -MP -MF"Drivers/STM32F0xx_HAL_Driver/Src/stm32f0xx_hal_tim.d" -MT"Drivers/STM32F0xx_HAL_Driver/Src/stm32f0xx_hal_tim.o" --specs=nano.specs -mfloat-abi=soft -mthumb -o "Drivers/STM32F0xx_HAL_Driver/Src/stm32f0xx_hal_tim.o"
arm-none-eabi-gcc "../Drivers/STM32F0xx_HAL_Driver/Src/stm32f0xx_hal_tim_ex.c" -mcpu=cortex-m0 -std=gnu11 -g3 -DDEBUG -DUSE_HAL_DRIVER -DSTM32F030x8 -c -I../Core/Inc -I../Drivers/STM32F0xx_HAL_Driver/Inc -I../Drivers/STM32F0xx_HAL_Driver/Inc/Legacy -I../Drivers/CMSIS/Device/ST/STM32F0xx/Include -I../Drivers/CMSIS/Include -O0 -ffunction-sections -fdata-sections -Wall -fstack-usage -fcyclomatic-complexity -MMD -MP -MF"Drivers/STM32F0xx_HAL_Driver/Src/stm32f0xx_hal_tim_ex.d" -MT"Drivers/STM32F0xx_HAL_Driver/Src/stm32f0xx_hal_tim_ex.o" --specs=nano.specs -mfloat-abi=soft -mthumb -o "Drivers/STM32F0xx_HAL_Driver/Src/stm32f0xx_hal_tim_ex.o"
arm-none-eabi-gcc "../Drivers/STM32F0xx_HAL_Driver/Src/stm32f0xx_hal_uart.c" -mcpu=cortex-m0 -std=gnu11 -g3 -DDEBUG -DUSE_HAL_DRIVER -DSTM32F030x8 -c -I../Core/Inc -I../Drivers/STM32F0xx_HAL_Driver/Inc -I../Drivers/STM32F0xx_HAL_Driver/Inc/Legacy -I../Drivers/CMSIS/Device/ST/STM32F0xx/Include -I../Drivers/CMSIS/Include -O0 -ffunction-sections -fdata-sections -Wall -fstack-usage -fcyclomatic-complexity -MMD -MP -MF"Drivers/STM32F0xx_HAL_Driver/Src/stm32f0xx_hal_uart.d" -MT"Drivers/STM32F0xx_HAL_Driver/Src/stm32f0xx_hal_uart.o" --specs=nano.specs -mfloat-abi=soft -mthumb -o "Drivers/STM32F0xx_HAL_Driver/Src/stm32f0xx_hal_uart.o"
arm-none-eabi-gcc "../Drivers/STM32F0xx_HAL_Driver/Src/stm32f0xx_hal_uart_ex.c" -mcpu=cortex-m0 -std=gnu11 -g3 -DDEBUG -DUSE_HAL_DRIVER -DSTM32F030x8 -c -I../Core/Inc -I../Drivers/STM32F0xx_HAL_Driver/Inc -I../Drivers/STM32F0xx_HAL_Driver/Inc/Legacy -I../Drivers/CMSIS/Device/ST/STM32F0xx/Include -I../Drivers/CMSIS/Include -O0 -ffunction-sections -fdata-sections -Wall -fstack-usage -fcyclomatic-complexity -MMD -MP -MF"Drivers/STM32F0xx_HAL_Driver/Src/stm32f0xx_hal_uart_ex.d" -MT"Drivers/STM32F0xx_HAL_Driver/Src/stm32f0xx_hal_uart_ex.o" --specs=nano.specs -mfloat-abi=soft -mthumb -o "Drivers/STM32F0xx_HAL_Driver/Src/stm32f0xx_hal_uart_ex.o"
arm-none-eabi-gcc -mcpu=cortex-m0 -g3 -DDEBUG -c -x assembler-with-cpp -MMD -MP -MF"Core/Startup/startup_stm32f030r8tx.d" -MT"Core/Startup/startup_stm32f030r8tx.o" --specs=nano.specs -mfloat-abi=soft -mthumb -o "Core/Startup/startup_stm32f030r8tx.o" "../Core/Startup/startup_stm32f030r8tx.s"
arm-none-eabi-gcc "../Core/Src/BLDC.c" -mcpu=cortex-m0 -std=gnu11 -g3 -DDEBUG -DUSE_HAL_DRIVER -DSTM32F030x8 -c -I../Core/Inc -I../Drivers/STM32F0xx_HAL_Driver/Inc -I../Drivers/STM32F0xx_HAL_Driver/Inc/Legacy -I../Drivers/CMSIS/Device/ST/STM32F0xx/Include -I../Drivers/CMSIS/Include -O0 -ffunction-sections -fdata-sections -Wall -fstack-usage -fcyclomatic-complexity -MMD -MP -MF"Core/Src/BLDC.d" -MT"Core/Src/BLDC.o" --specs=nano.specs -mfloat-abi=soft -mthumb -o "Core/Src/BLDC.o"
arm-none-eabi-gcc "../Core/Src/Mymain.c" -mcpu=cortex-m0 -std=gnu11 -g3 -DDEBUG -DUSE_HAL_DRIVER -DSTM32F030x8 -c -I../Core/Inc -I../Drivers/STM32F0xx_HAL_Driver/Inc -I../Drivers/STM32F0xx_HAL_Driver/Inc/Legacy -I../Drivers/CMSIS/Device/ST/STM32F0xx/Include -I../Drivers/CMSIS/Include -O0 -ffunction-sections -fdata-sections -Wall -fstack-usage -fcyclomatic-complexity -MMD -MP -MF"Core/Src/Mymain.d" -MT"Core/Src/Mymain.o" --specs=nano.specs -mfloat-abi=soft -mthumb -o "Core/Src/Mymain.o"
arm-none-eabi-gcc "../Core/Src/adc.c" -mcpu=cortex-m0 -std=gnu11 -g3 -DDEBUG -DUSE_HAL_DRIVER -DSTM32F030x8 -c -I../Core/Inc -I../Drivers/STM32F0xx_HAL_Driver/Inc -I../Drivers/STM32F0xx_HAL_Driver/Inc/Legacy -I../Drivers/CMSIS/Device/ST/STM32F0xx/Include -I../Drivers/CMSIS/Include -O0 -ffunction-sections -fdata-sections -Wall -fstack-usage -fcyclomatic-complexity -MMD -MP -MF"Core/Src/adc.d" -MT"Core/Src/adc.o" --specs=nano.specs -mfloat-abi=soft -mthumb -o "Core/Src/adc.o"
arm-none-eabi-gcc "../Core/Src/dma.c" -mcpu=cortex-m0 -std=gnu11 -g3 -DDEBUG -DUSE_HAL_DRIVER -DSTM32F030x8 -c -I../Core/Inc -I../Drivers/STM32F0xx_HAL_Driver/Inc -I../Drivers/STM32F0xx_HAL_Driver/Inc/Legacy -I../Drivers/CMSIS/Device/ST/STM32F0xx/Include -I../Drivers/CMSIS/Include -O0 -ffunction-sections -fdata-sections -Wall -fstack-usage -fcyclomatic-complexity -MMD -MP -MF"Core/Src/dma.d" -MT"Core/Src/dma.o" --specs=nano.specs -mfloat-abi=soft -mthumb -o "Core/Src/dma.o"
arm-none-eabi-gcc "../Core/Src/gpio.c" -mcpu=cortex-m0 -std=gnu11 -g3 -DDEBUG -DUSE_HAL_DRIVER -DSTM32F030x8 -c -I../Core/Inc -I../Drivers/STM32F0xx_HAL_Driver/Inc -I../Drivers/STM32F0xx_HAL_Driver/Inc/Legacy -I../Drivers/CMSIS/Device/ST/STM32F0xx/Include -I../Drivers/CMSIS/Include -O0 -ffunction-sections -fdata-sections -Wall -fstack-usage -fcyclomatic-complexity -MMD -MP -MF"Core/Src/gpio.d" -MT"Core/Src/gpio.o" --specs=nano.specs -mfloat-abi=soft -mthumb -o "Core/Src/gpio.o"
arm-none-eabi-gcc "../Core/Src/spi.c" -mcpu=cortex-m0 -std=gnu11 -g3 -DDEBUG -DUSE_HAL_DRIVER -DSTM32F030x8 -c -I../Core/Inc -I../Drivers/STM32F0xx_HAL_Driver/Inc -I../Drivers/STM32F0xx_HAL_Driver/Inc/Legacy -I../Drivers/CMSIS/Device/ST/STM32F0xx/Include -I../Drivers/CMSIS/Include -O0 -ffunction-sections -fdata-sections -Wall -fstack-usage -fcyclomatic-complexity -MMD -MP -MF"Core/Src/spi.d" -MT"Core/Src/spi.o" --specs=nano.specs -mfloat-abi=soft -mthumb -o "Core/Src/spi.o"
arm-none-eabi-gcc "../Core/Src/stm32f0xx_hal_msp.c" -mcpu=cortex-m0 -std=gnu11 -g3 -DDEBUG -DUSE_HAL_DRIVER -DSTM32F030x8 -c -I../Core/Inc -I../Drivers/STM32F0xx_HAL_Driver/Inc -I../Drivers/STM32F0xx_HAL_Driver/Inc/Legacy -I../Drivers/CMSIS/Device/ST/STM32F0xx/Include -I../Drivers/CMSIS/Include -O0 -ffunction-sections -fdata-sections -Wall -fstack-usage -fcyclomatic-complexity -MMD -MP -MF"Core/Src/stm32f0xx_hal_msp.d" -MT"Core/Src/stm32f0xx_hal_msp.o" --specs=nano.specs -mfloat-abi=soft -mthumb -o "Core/Src/stm32f0xx_hal_msp.o"
arm-none-eabi-gcc "../Core/Src/stm32f0xx_it.c" -mcpu=cortex-m0 -std=gnu11 -g3 -DDEBUG -DUSE_HAL_DRIVER -DSTM32F030x8 -c -I../Core/Inc -I../Drivers/STM32F0xx_HAL_Driver/Inc -I../Drivers/STM32F0xx_HAL_Driver/Inc/Legacy -I../Drivers/CMSIS/Device/ST/STM32F0xx/Include -I../Drivers/CMSIS/Include -O0 -ffunction-sections -fdata-sections -Wall -fstack-usage -fcyclomatic-complexity -MMD -MP -MF"Core/Src/stm32f0xx_it.d" -MT"Core/Src/stm32f0xx_it.o" --specs=nano.specs -mfloat-abi=soft -mthumb -o "Core/Src/stm32f0xx_it.o"
arm-none-eabi-gcc "../Core/Src/syscalls.c" -mcpu=cortex-m0 -std=gnu11 -g3 -DDEBUG -DUSE_HAL_DRIVER -DSTM32F030x8 -c -I../Core/Inc -I../Drivers/STM32F0xx_HAL_Driver/Inc -I../Drivers/STM32F0xx_HAL_Driver/Inc/Legacy -I../Drivers/CMSIS/Device/ST/STM32F0xx/Include -I../Drivers/CMSIS/Include -O0 -ffunction-sections -fdata-sections -Wall -fstack-usage -fcyclomatic-complexity -MMD -MP -MF"Core/Src/syscalls.d" -MT"Core/Src/syscalls.o" --specs=nano.specs -mfloat-abi=soft -mthumb -o "Core/Src/syscalls.o"
arm-none-eabi-gcc "../Core/Src/sysmem.c" -mcpu=cortex-m0 -std=gnu11 -g3 -DDEBUG -DUSE_HAL_DRIVER -DSTM32F030x8 -c -I../Core/Inc -I../Drivers/STM32F0xx_HAL_Driver/Inc -I../Drivers/STM32F0xx_HAL_Driver/Inc/Legacy -I../Drivers/CMSIS/Device/ST/STM32F0xx/Include -I../Drivers/CMSIS/Include -O0 -ffunction-sections -fdata-sections -Wall -fstack-usage -fcyclomatic-complexity -MMD -MP -MF"Core/Src/sysmem.d" -MT"Core/Src/sysmem.o" --specs=nano.specs -mfloat-abi=soft -mthumb -o "Core/Src/sysmem.o"
arm-none-eabi-gcc "../Core/Src/system_stm32f0xx.c" -mcpu=cortex-m0 -std=gnu11 -g3 -DDEBUG -DUSE_HAL_DRIVER -DSTM32F030x8 -c -I../Core/Inc -I../Drivers/STM32F0xx_HAL_Driver/Inc -I../Drivers/STM32F0xx_HAL_Driver/Inc/Legacy -I../Drivers/CMSIS/Device/ST/STM32F0xx/Include -I../Drivers/CMSIS/Include -O0 -ffunction-sections -fdata-sections -Wall -fstack-usage -fcyclomatic-complexity -MMD -MP -MF"Core/Src/system_stm32f0xx.d" -MT"Core/Src/system_stm32f0xx.o" --specs=nano.specs -mfloat-abi=soft -mthumb -o "Core/Src/system_stm32f0xx.o"
arm-none-eabi-gcc "../Core/Src/tim.c" -mcpu=cortex-m0 -std=gnu11 -g3 -DDEBUG -DUSE_HAL_DRIVER -DSTM32F030x8 -c -I../Core/Inc -I../Drivers/STM32F0xx_HAL_Driver/Inc -I../Drivers/STM32F0xx_HAL_Driver/Inc/Legacy -I../Drivers/CMSIS/Device/ST/STM32F0xx/Include -I../Drivers/CMSIS/Include -O0 -ffunction-sections -fdata-sections -Wall -fstack-usage -fcyclomatic-complexity -MMD -MP -MF"Core/Src/tim.d" -MT"Core/Src/tim.o" --specs=nano.specs -mfloat-abi=soft -mthumb -o "Core/Src/tim.o"
arm-none-eabi-gcc "../Core/Src/usart.c" -mcpu=cortex-m0 -std=gnu11 -g3 -DDEBUG -DUSE_HAL_DRIVER -DSTM32F030x8 -c -I../Core/Inc -I../Drivers/STM32F0xx_HAL_Driver/Inc -I../Drivers/STM32F0xx_HAL_Driver/Inc/Legacy -I../Drivers/CMSIS/Device/ST/STM32F0xx/Include -I../Drivers/CMSIS/Include -O0 -ffunction-sections -fdata-sections -Wall -fstack-usage -fcyclomatic-complexity -MMD -MP -MF"Core/Src/usart.d" -MT"Core/Src/usart.o" --specs=nano.specs -mfloat-abi=soft -mthumb -o "Core/Src/usart.o"
arm-none-eabi-gcc -o "BLDC_STM32F030R8T6.elf" @"objects.list"   -mcpu=cortex-m0 -T"C:\Users\kzhou\Desktop\RF projects\Git\STM32\STM32-learning\Projects\STM32F0\BLDC_Controller\BLDC_STM32F030R8T6\STM32F030R8TX_FLASH.ld" --specs=nosys.specs -Wl,-Map="BLDC_STM32F030R8T6.map" -Wl,--gc-sections -static --specs=nano.specs -mfloat-abi=soft -mthumb -u _printf_float -u _scanf_float -Wl,--start-group -lc -lm -Wl,--end-group
Finished building target: BLDC_STM32F030R8T6.elf
 
arm-none-eabi-size   BLDC_STM32F030R8T6.elf 
arm-none-eabi-objdump -h -S  BLDC_STM32F030R8T6.elf  > "BLDC_STM32F030R8T6.list"
   text	   data	    bss	    dec	    hex	filename
  54536	    524	   2500	  57560	   e0d8	BLDC_STM32F030R8T6.elf
Finished building: default.size.stdout
 
Finished building: BLDC_STM32F030R8T6.list
 
17:20:51 **** Incremental Build of configuration Debug for project BLDC_STM32F030R8T6 ****
make -j8 all 
arm-none-eabi-size   BLDC_STM32F030R8T6.elf 
   text	   data	    bss	    dec	    hex	filename
  54536	    524	   2500	  57560	   e0d8	BLDC_STM32F030R8T6.elf
Finished building: default.size.stdout
 
17:21:53 **** Incremental Build of configuration Debug for project BLDC_STM32F030R8T6 ****
make -j8 all 
arm-none-eabi-size   BLDC_STM32F030R8T6.elf 
   text	   data	    bss	    dec	    hex	filename
  54536	    524	   2500	  57560	   e0d8	BLDC_STM32F030R8T6.elf
Finished building: default.size.stdout
 
17:23:35 **** Incremental Build of configuration Debug for project BLDC_STM32F030R8T6 ****
make -j8 all 
arm-none-eabi-gcc "../Core/Src/gpio.c" -mcpu=cortex-m0 -std=gnu11 -g3 -DDEBUG -DUSE_HAL_DRIVER -DSTM32F030x8 -c -I../Core/Inc -I../Drivers/STM32F0xx_HAL_Driver/Inc -I../Drivers/STM32F0xx_HAL_Driver/Inc/Legacy -I../Drivers/CMSIS/Device/ST/STM32F0xx/Include -I../Drivers/CMSIS/Include -O0 -ffunction-sections -fdata-sections -Wall -fstack-usage -fcyclomatic-complexity -MMD -MP -MF"Core/Src/gpio.d" -MT"Core/Src/gpio.o" --specs=nano.specs -mfloat-abi=soft -mthumb -o "Core/Src/gpio.o"
arm-none-eabi-gcc "../Core/Src/stm32f0xx_it.c" -mcpu=cortex-m0 -std=gnu11 -g3 -DDEBUG -DUSE_HAL_DRIVER -DSTM32F030x8 -c -I../Core/Inc -I../Drivers/STM32F0xx_HAL_Driver/Inc -I../Drivers/STM32F0xx_HAL_Driver/Inc/Legacy -I../Drivers/CMSIS/Device/ST/STM32F0xx/Include -I../Drivers/CMSIS/Include -O0 -ffunction-sections -fdata-sections -Wall -fstack-usage -fcyclomatic-complexity -MMD -MP -MF"Core/Src/stm32f0xx_it.d" -MT"Core/Src/stm32f0xx_it.o" --specs=nano.specs -mfloat-abi=soft -mthumb -o "Core/Src/stm32f0xx_it.o"
arm-none-eabi-gcc -o "BLDC_STM32F030R8T6.elf" @"objects.list"   -mcpu=cortex-m0 -T"C:\Users\kzhou\Desktop\RF projects\Git\STM32\STM32-learning\Projects\STM32F0\BLDC_Controller\BLDC_STM32F030R8T6\STM32F030R8TX_FLASH.ld" --specs=nosys.specs -Wl,-Map="BLDC_STM32F030R8T6.map" -Wl,--gc-sections -static --specs=nano.specs -mfloat-abi=soft -mthumb -u _printf_float -u _scanf_float -Wl,--start-group -lc -lm -Wl,--end-group
Finished building target: BLDC_STM32F030R8T6.elf
 
arm-none-eabi-size   BLDC_STM32F030R8T6.elf 
arm-none-eabi-objdump -h -S  BLDC_STM32F030R8T6.elf  > "BLDC_STM32F030R8T6.list"
   text	   data	    bss	    dec	    hex	filename
  54592	    524	   2500	  57616	   e110	BLDC_STM32F030R8T6.elf
Finished building: default.size.stdout
 
Finished building: BLDC_STM32F030R8T6.list
 
17:23:40 **** Incremental Build of configuration Debug for project BLDC_STM32F030R8T6 ****
make -j8 all 
arm-none-eabi-size   BLDC_STM32F030R8T6.elf 
   text	   data	    bss	    dec	    hex	filename
  54592	    524	   2500	  57616	   e110	BLDC_STM32F030R8T6.elf
Finished building: default.size.stdout
 
17:26:21 **** Incremental Build of configuration Debug for project BLDC_STM32F030R8T6 ****
make -j8 all 
arm-none-eabi-size   BLDC_STM32F030R8T6.elf 
   text	   data	    bss	    dec	    hex	filename
  54592	    524	   2500	  57616	   e110	BLDC_STM32F030R8T6.elf
Finished building: default.size.stdout
 
17:40:48 **** Incremental Build of configuration Debug for project BLDC_STM32F030R8T6 ****
make -j8 all 
arm-none-eabi-size   BLDC_STM32F030R8T6.elf 
   text	   data	    bss	    dec	    hex	filename
  54592	    524	   2500	  57616	   e110	BLDC_STM32F030R8T6.elf
Finished building: default.size.stdout
 
17:41:07 **** Incremental Build of configuration Debug for project BLDC_STM32F030R8T6 ****
make -j8 all 
arm-none-eabi-size   BLDC_STM32F030R8T6.elf 
   text	   data	    bss	    dec	    hex	filename
  54592	    524	   2500	  57616	   e110	BLDC_STM32F030R8T6.elf
Finished building: default.size.stdout
 
17:46:34 **** Incremental Build of configuration Debug for project BLDC_STM32F030R8T6 ****
make -j8 all 
arm-none-eabi-size   BLDC_STM32F030R8T6.elf 
   text	   data	    bss	    dec	    hex	filename
  54592	    524	   2500	  57616	   e110	BLDC_STM32F030R8T6.elf
Finished building: default.size.stdout
 
17:53:53 **** Incremental Build of configuration Debug for project BLDC_STM32F030R8T6 ****
make -j8 all 
arm-none-eabi-size   BLDC_STM32F030R8T6.elf 
   text	   data	    bss	    dec	    hex	filename
  54592	    524	   2500	  57616	   e110	BLDC_STM32F030R8T6.elf
Finished building: default.size.stdout
 
17:54:05 **** Incremental Build of configuration Debug for project BLDC_STM32F030R8T6 ****
make -j8 all 
arm-none-eabi-size   BLDC_STM32F030R8T6.elf 
   text	   data	    bss	    dec	    hex	filename
  54592	    524	   2500	  57616	   e110	BLDC_STM32F030R8T6.elf
Finished building: default.size.stdout
 
17:54:28 **** Incremental Build of configuration Debug for project BLDC_STM32F030R8T6 ****
make -j8 all 
arm-none-eabi-size   BLDC_STM32F030R8T6.elf 
   text	   data	    bss	    dec	    hex	filename
  54592	    524	   2500	  57616	   e110	BLDC_STM32F030R8T6.elf
Finished building: default.size.stdout
 
17:54:39 **** Incremental Build of configuration Debug for project BLDC_STM32F030R8T6 ****
make -j8 all 
arm-none-eabi-size   BLDC_STM32F030R8T6.elf 
   text	   data	    bss	    dec	    hex	filename
  54592	    524	   2500	  57616	   e110	BLDC_STM32F030R8T6.elf
Finished building: default.size.stdout
 
17:55:54 **** Incremental Build of configuration Debug for project BLDC_STM32F030R8T6 ****
make -j8 all 
arm-none-eabi-size   BLDC_STM32F030R8T6.elf 
   text	   data	    bss	    dec	    hex	filename
  54592	    524	   2500	  57616	   e110	BLDC_STM32F030R8T6.elf
Finished building: default.size.stdout
 
17:56:08 **** Incremental Build of configuration Debug for project BLDC_STM32F030R8T6 ****
make -j8 all 
arm-none-eabi-size   BLDC_STM32F030R8T6.elf 
   text	   data	    bss	    dec	    hex	filename
  54592	    524	   2500	  57616	   e110	BLDC_STM32F030R8T6.elf
Finished building: default.size.stdout
 
17:57:13 **** Incremental Build of configuration Debug for project BLDC_STM32F030R8T6 ****
make -j8 all 
arm-none-eabi-size   BLDC_STM32F030R8T6.elf 
   text	   data	    bss	    dec	    hex	filename
  54592	    524	   2500	  57616	   e110	BLDC_STM32F030R8T6.elf
Finished building: default.size.stdout
 
12:37:34 **** Incremental Build of configuration Debug for project BLDC_STM32F030R8T6 ****
make -j8 all 
arm-none-eabi-gcc "../Core/Src/Mymain.c" -mcpu=cortex-m0 -std=gnu11 -g3 -DDEBUG -DUSE_HAL_DRIVER -DSTM32F030x8 -c -I../Core/Inc -I../Drivers/STM32F0xx_HAL_Driver/Inc -I../Drivers/STM32F0xx_HAL_Driver/Inc/Legacy -I../Drivers/CMSIS/Device/ST/STM32F0xx/Include -I../Drivers/CMSIS/Include -O0 -ffunction-sections -fdata-sections -Wall -fstack-usage -fcyclomatic-complexity -MMD -MP -MF"Core/Src/Mymain.d" -MT"Core/Src/Mymain.o" --specs=nano.specs -mfloat-abi=soft -mthumb -o "Core/Src/Mymain.o"
../Core/Src/Mymain.c: In function 'HAL_TIM_PeriodElapsedCallback':
../Core/Src/Mymain.c:260:4: warning: implicit declaration of function 'BLDC_Driving_test' [-Wimplicit-function-declaration]
  260 |    BLDC_Driving_test();
      |    ^~~~~~~~~~~~~~~~~
arm-none-eabi-gcc -o "BLDC_STM32F030R8T6.elf" @"objects.list"   -mcpu=cortex-m0 -T"C:\Users\kzhou\Desktop\RF projects\Git\STM32\STM32-learning\Projects\STM32F0\BLDC_Controller\BLDC_STM32F030R8T6\STM32F030R8TX_FLASH.ld" --specs=nosys.specs -Wl,-Map="BLDC_STM32F030R8T6.map" -Wl,--gc-sections -static --specs=nano.specs -mfloat-abi=soft -mthumb -u _printf_float -u _scanf_float -Wl,--start-group -lc -lm -Wl,--end-group
Finished building target: BLDC_STM32F030R8T6.elf
 
arm-none-eabi-size   BLDC_STM32F030R8T6.elf 
arm-none-eabi-objdump -h -S  BLDC_STM32F030R8T6.elf  > "BLDC_STM32F030R8T6.list"
   text	   data	    bss	    dec	    hex	filename
  54364	    532	   2500	  57396	   e034	BLDC_STM32F030R8T6.elf
Finished building: default.size.stdout
 
Finished building: BLDC_STM32F030R8T6.list
 
12:38:58 **** Incremental Build of configuration Debug for project BLDC_STM32F030R8T6 ****
make -j8 all 
arm-none-eabi-size   BLDC_STM32F030R8T6.elf 
   text	   data	    bss	    dec	    hex	filename
  54364	    532	   2500	  57396	   e034	BLDC_STM32F030R8T6.elf
Finished building: default.size.stdout
 
12:39:22 **** Incremental Build of configuration Debug for project BLDC_STM32F030R8T6 ****
make -j8 all 
arm-none-eabi-size   BLDC_STM32F030R8T6.elf 
   text	   data	    bss	    dec	    hex	filename
  54364	    532	   2500	  57396	   e034	BLDC_STM32F030R8T6.elf
Finished building: default.size.stdout
 
12:39:29 **** Incremental Build of configuration Debug for project BLDC_STM32F030R8T6 ****
make -j8 all 
arm-none-eabi-size   BLDC_STM32F030R8T6.elf 
   text	   data	    bss	    dec	    hex	filename
  54364	    532	   2500	  57396	   e034	BLDC_STM32F030R8T6.elf
Finished building: default.size.stdout
 
12:39:31 **** Incremental Build of configuration Debug for project BLDC_STM32F030R8T6 ****
make -j8 all 
arm-none-eabi-size   BLDC_STM32F030R8T6.elf 
   text	   data	    bss	    dec	    hex	filename
  54364	    532	   2500	  57396	   e034	BLDC_STM32F030R8T6.elf
Finished building: default.size.stdout
 
12:39:48 **** Incremental Build of configuration Debug for project BLDC_STM32F030R8T6 ****
make -j8 all 
arm-none-eabi-size   BLDC_STM32F030R8T6.elf 
   text	   data	    bss	    dec	    hex	filename
  54364	    532	   2500	  57396	   e034	BLDC_STM32F030R8T6.elf
Finished building: default.size.stdout
 
12:40:43 **** Incremental Build of configuration Debug for project BLDC_STM32F030R8T6 ****
make -j8 all 
arm-none-eabi-size   BLDC_STM32F030R8T6.elf 
   text	   data	    bss	    dec	    hex	filename
  54364	    532	   2500	  57396	   e034	BLDC_STM32F030R8T6.elf
Finished building: default.size.stdout
 
12:45:17 **** Incremental Build of configuration Debug for project BLDC_STM32F030R8T6 ****
make -j8 all 
arm-none-eabi-gcc "../Core/Src/Mymain.c" -mcpu=cortex-m0 -std=gnu11 -g3 -DDEBUG -DUSE_HAL_DRIVER -DSTM32F030x8 -c -I../Core/Inc -I../Drivers/STM32F0xx_HAL_Driver/Inc -I../Drivers/STM32F0xx_HAL_Driver/Inc/Legacy -I../Drivers/CMSIS/Device/ST/STM32F0xx/Include -I../Drivers/CMSIS/Include -O0 -ffunction-sections -fdata-sections -Wall -fstack-usage -fcyclomatic-complexity -MMD -MP -MF"Core/Src/Mymain.d" -MT"Core/Src/Mymain.o" --specs=nano.specs -mfloat-abi=soft -mthumb -o "Core/Src/Mymain.o"
../Core/Src/Mymain.c: In function 'HAL_TIM_PeriodElapsedCallback':
../Core/Src/Mymain.c:258:3: warning: implicit declaration of function 'BLDC_Driving_test' [-Wimplicit-function-declaration]
  258 |   BLDC_Driving_test();
      |   ^~~~~~~~~~~~~~~~~
arm-none-eabi-gcc -o "BLDC_STM32F030R8T6.elf" @"objects.list"   -mcpu=cortex-m0 -T"C:\Users\kzhou\Desktop\RF projects\Git\STM32\STM32-learning\Projects\STM32F0\BLDC_Controller\BLDC_STM32F030R8T6\STM32F030R8TX_FLASH.ld" --specs=nosys.specs -Wl,-Map="BLDC_STM32F030R8T6.map" -Wl,--gc-sections -static --specs=nano.specs -mfloat-abi=soft -mthumb -u _printf_float -u _scanf_float -Wl,--start-group -lc -lm -Wl,--end-group
Finished building target: BLDC_STM32F030R8T6.elf
 
arm-none-eabi-size   BLDC_STM32F030R8T6.elf 
arm-none-eabi-objdump -h -S  BLDC_STM32F030R8T6.elf  > "BLDC_STM32F030R8T6.list"
   text	   data	    bss	    dec	    hex	filename
  54332	    528	   2504	  57364	   e014	BLDC_STM32F030R8T6.elf
Finished building: default.size.stdout
 
Finished building: BLDC_STM32F030R8T6.list
 
12:46:34 **** Incremental Build of configuration Debug for project BLDC_STM32F030R8T6 ****
make -j8 all 
arm-none-eabi-gcc "../Core/Src/Mymain.c" -mcpu=cortex-m0 -std=gnu11 -g3 -DDEBUG -DUSE_HAL_DRIVER -DSTM32F030x8 -c -I../Core/Inc -I../Drivers/STM32F0xx_HAL_Driver/Inc -I../Drivers/STM32F0xx_HAL_Driver/Inc/Legacy -I../Drivers/CMSIS/Device/ST/STM32F0xx/Include -I../Drivers/CMSIS/Include -O0 -ffunction-sections -fdata-sections -Wall -fstack-usage -fcyclomatic-complexity -MMD -MP -MF"Core/Src/Mymain.d" -MT"Core/Src/Mymain.o" --specs=nano.specs -mfloat-abi=soft -mthumb -o "Core/Src/Mymain.o"
../Core/Src/Mymain.c: In function 'HAL_TIM_PeriodElapsedCallback':
../Core/Src/Mymain.c:258:3: warning: implicit declaration of function 'BLDC_Driving_test' [-Wimplicit-function-declaration]
  258 |   BLDC_Driving_test();
      |   ^~~~~~~~~~~~~~~~~
arm-none-eabi-gcc -o "BLDC_STM32F030R8T6.elf" @"objects.list"   -mcpu=cortex-m0 -T"C:\Users\kzhou\Desktop\RF projects\Git\STM32\STM32-learning\Projects\STM32F0\BLDC_Controller\BLDC_STM32F030R8T6\STM32F030R8TX_FLASH.ld" --specs=nosys.specs -Wl,-Map="BLDC_STM32F030R8T6.map" -Wl,--gc-sections -static --specs=nano.specs -mfloat-abi=soft -mthumb -u _printf_float -u _scanf_float -Wl,--start-group -lc -lm -Wl,--end-group
Finished building target: BLDC_STM32F030R8T6.elf
 
arm-none-eabi-size   BLDC_STM32F030R8T6.elf 
arm-none-eabi-objdump -h -S  BLDC_STM32F030R8T6.elf  > "BLDC_STM32F030R8T6.list"
   text	   data	    bss	    dec	    hex	filename
  54280	    528	   2504	  57312	   dfe0	BLDC_STM32F030R8T6.elf
Finished building: default.size.stdout
 
Finished building: BLDC_STM32F030R8T6.list
 
13:04:07 **** Incremental Build of configuration Debug for project BLDC_STM32F030R8T6 ****
make -j8 all 
arm-none-eabi-size   BLDC_STM32F030R8T6.elf 
   text	   data	    bss	    dec	    hex	filename
  54280	    528	   2504	  57312	   dfe0	BLDC_STM32F030R8T6.elf
Finished building: default.size.stdout
 
13:04:22 **** Incremental Build of configuration Debug for project BLDC_STM32F030R8T6 ****
make -j8 all 
arm-none-eabi-size   BLDC_STM32F030R8T6.elf 
   text	   data	    bss	    dec	    hex	filename
  54280	    528	   2504	  57312	   dfe0	BLDC_STM32F030R8T6.elf
Finished building: default.size.stdout
 
14:23:11 **** Incremental Build of configuration Debug for project BLDC_STM32F030R8T6 ****
make -j8 all 
arm-none-eabi-size   BLDC_STM32F030R8T6.elf 
   text	   data	    bss	    dec	    hex	filename
  54280	    528	   2504	  57312	   dfe0	BLDC_STM32F030R8T6.elf
Finished building: default.size.stdout
 
14:58:07 **** Incremental Build of configuration Debug for project BLDC_STM32F030R8T6 ****
make -j8 all 
arm-none-eabi-size   BLDC_STM32F030R8T6.elf 
   text	   data	    bss	    dec	    hex	filename
  54280	    528	   2504	  57312	   dfe0	BLDC_STM32F030R8T6.elf
Finished building: default.size.stdout
 
14:58:48 **** Incremental Build of configuration Debug for project BLDC_STM32F030R8T6 ****
make -j8 all 
arm-none-eabi-size   BLDC_STM32F030R8T6.elf 
   text	   data	    bss	    dec	    hex	filename
  54280	    528	   2504	  57312	   dfe0	BLDC_STM32F030R8T6.elf
Finished building: default.size.stdout
 
15:04:03 **** Incremental Build of configuration Debug for project BLDC_STM32F030R8T6 ****
make -j8 all 
arm-none-eabi-size   BLDC_STM32F030R8T6.elf 
   text	   data	    bss	    dec	    hex	filename
  54280	    528	   2504	  57312	   dfe0	BLDC_STM32F030R8T6.elf
Finished building: default.size.stdout
 
15:04:17 **** Incremental Build of configuration Debug for project BLDC_STM32F030R8T6 ****
make -j8 all 
arm-none-eabi-size   BLDC_STM32F030R8T6.elf 
   text	   data	    bss	    dec	    hex	filename
  54280	    528	   2504	  57312	   dfe0	BLDC_STM32F030R8T6.elf
Finished building: default.size.stdout
 
15:07:11 **** Incremental Build of configuration Debug for project BLDC_STM32F030R8T6 ****
make -j8 all 
arm-none-eabi-gcc "../Core/Src/Mymain.c" -mcpu=cortex-m0 -std=gnu11 -g3 -DDEBUG -DUSE_HAL_DRIVER -DSTM32F030x8 -c -I../Core/Inc -I../Drivers/STM32F0xx_HAL_Driver/Inc -I../Drivers/STM32F0xx_HAL_Driver/Inc/Legacy -I../Drivers/CMSIS/Device/ST/STM32F0xx/Include -I../Drivers/CMSIS/Include -O0 -ffunction-sections -fdata-sections -Wall -fstack-usage -fcyclomatic-complexity -MMD -MP -MF"Core/Src/Mymain.d" -MT"Core/Src/Mymain.o" --specs=nano.specs -mfloat-abi=soft -mthumb -o "Core/Src/Mymain.o"
../Core/Src/Mymain.c: In function 'HAL_TIM_PeriodElapsedCallback':
../Core/Src/Mymain.c:258:3: warning: implicit declaration of function 'BLDC_Driving_test' [-Wimplicit-function-declaration]
  258 |   BLDC_Driving_test();
      |   ^~~~~~~~~~~~~~~~~
arm-none-eabi-gcc -o "BLDC_STM32F030R8T6.elf" @"objects.list"   -mcpu=cortex-m0 -T"C:\Users\kzhou\Desktop\RF projects\Git\STM32\STM32-learning\Projects\STM32F0\BLDC_Controller\BLDC_STM32F030R8T6\STM32F030R8TX_FLASH.ld" --specs=nosys.specs -Wl,-Map="BLDC_STM32F030R8T6.map" -Wl,--gc-sections -static --specs=nano.specs -mfloat-abi=soft -mthumb -u _printf_float -u _scanf_float -Wl,--start-group -lc -lm -Wl,--end-group
Finished building target: BLDC_STM32F030R8T6.elf
 
arm-none-eabi-size   BLDC_STM32F030R8T6.elf 
arm-none-eabi-objdump -h -S  BLDC_STM32F030R8T6.elf  > "BLDC_STM32F030R8T6.list"
   text	   data	    bss	    dec	    hex	filename
  54200	    528	   2504	  57232	   df90	BLDC_STM32F030R8T6.elf
Finished building: default.size.stdout
 
Finished building: BLDC_STM32F030R8T6.list
 
17:14:35 **** Incremental Build of configuration Debug for project BLDC_STM32F030R8T6 ****
make -j8 all 
arm-none-eabi-gcc "../Core/Src/Mymain.c" -mcpu=cortex-m0 -std=gnu11 -g3 -DDEBUG -DUSE_HAL_DRIVER -DSTM32F030x8 -c -I../Core/Inc -I../Drivers/STM32F0xx_HAL_Driver/Inc -I../Drivers/STM32F0xx_HAL_Driver/Inc/Legacy -I../Drivers/CMSIS/Device/ST/STM32F0xx/Include -I../Drivers/CMSIS/Include -O0 -ffunction-sections -fdata-sections -Wall -fstack-usage -fcyclomatic-complexity -MMD -MP -MF"Core/Src/Mymain.d" -MT"Core/Src/Mymain.o" --specs=nano.specs -mfloat-abi=soft -mthumb -o "Core/Src/Mymain.o"
arm-none-eabi-gcc "../Core/Src/adc.c" -mcpu=cortex-m0 -std=gnu11 -g3 -DDEBUG -DUSE_HAL_DRIVER -DSTM32F030x8 -c -I../Core/Inc -I../Drivers/STM32F0xx_HAL_Driver/Inc -I../Drivers/STM32F0xx_HAL_Driver/Inc/Legacy -I../Drivers/CMSIS/Device/ST/STM32F0xx/Include -I../Drivers/CMSIS/Include -O0 -ffunction-sections -fdata-sections -Wall -fstack-usage -fcyclomatic-complexity -MMD -MP -MF"Core/Src/adc.d" -MT"Core/Src/adc.o" --specs=nano.specs -mfloat-abi=soft -mthumb -o "Core/Src/adc.o"
../Core/Src/Mymain.c: In function 'HAL_TIM_PeriodElapsedCallback':
../Core/Src/Mymain.c:258:3: warning: implicit declaration of function 'BLDC_Driving_test' [-Wimplicit-function-declaration]
  258 |   BLDC_Driving_test();
      |   ^~~~~~~~~~~~~~~~~
arm-none-eabi-gcc -o "BLDC_STM32F030R8T6.elf" @"objects.list"   -mcpu=cortex-m0 -T"C:\Users\kzhou\Desktop\RF projects\Git\STM32\STM32-learning\Projects\STM32F0\BLDC_Controller\BLDC_STM32F030R8T6\STM32F030R8TX_FLASH.ld" --specs=nosys.specs -Wl,-Map="BLDC_STM32F030R8T6.map" -Wl,--gc-sections -static --specs=nano.specs -mfloat-abi=soft -mthumb -u _printf_float -u _scanf_float -Wl,--start-group -lc -lm -Wl,--end-group
Finished building target: BLDC_STM32F030R8T6.elf
 
arm-none-eabi-size   BLDC_STM32F030R8T6.elf 
arm-none-eabi-objdump -h -S  BLDC_STM32F030R8T6.elf  > "BLDC_STM32F030R8T6.list"
   text	   data	    bss	    dec	    hex	filename
  54216	    528	   2504	  57248	   dfa0	BLDC_STM32F030R8T6.elf
Finished building: default.size.stdout
 
Finished building: BLDC_STM32F030R8T6.list
 
17:14:53 **** Incremental Build of configuration Debug for project BLDC_STM32F030R8T6 ****
make -j8 all 
arm-none-eabi-size   BLDC_STM32F030R8T6.elf 
   text	   data	    bss	    dec	    hex	filename
  54216	    528	   2504	  57248	   dfa0	BLDC_STM32F030R8T6.elf
Finished building: default.size.stdout
 
17:27:13 **** Incremental Build of configuration Debug for project BLDC_STM32F030R8T6 ****
make -j8 all 
arm-none-eabi-gcc "../Core/Src/BLDC.c" -mcpu=cortex-m0 -std=gnu11 -g3 -DDEBUG -DUSE_HAL_DRIVER -DSTM32F030x8 -c -I../Core/Inc -I../Drivers/STM32F0xx_HAL_Driver/Inc -I../Drivers/STM32F0xx_HAL_Driver/Inc/Legacy -I../Drivers/CMSIS/Device/ST/STM32F0xx/Include -I../Drivers/CMSIS/Include -O0 -ffunction-sections -fdata-sections -Wall -fstack-usage -fcyclomatic-complexity -MMD -MP -MF"Core/Src/BLDC.d" -MT"Core/Src/BLDC.o" --specs=nano.specs -mfloat-abi=soft -mthumb -o "Core/Src/BLDC.o"
arm-none-eabi-gcc "../Core/Src/Mymain.c" -mcpu=cortex-m0 -std=gnu11 -g3 -DDEBUG -DUSE_HAL_DRIVER -DSTM32F030x8 -c -I../Core/Inc -I../Drivers/STM32F0xx_HAL_Driver/Inc -I../Drivers/STM32F0xx_HAL_Driver/Inc/Legacy -I../Drivers/CMSIS/Device/ST/STM32F0xx/Include -I../Drivers/CMSIS/Include -O0 -ffunction-sections -fdata-sections -Wall -fstack-usage -fcyclomatic-complexity -MMD -MP -MF"Core/Src/Mymain.d" -MT"Core/Src/Mymain.o" --specs=nano.specs -mfloat-abi=soft -mthumb -o "Core/Src/Mymain.o"
arm-none-eabi-gcc "../Core/Src/adc.c" -mcpu=cortex-m0 -std=gnu11 -g3 -DDEBUG -DUSE_HAL_DRIVER -DSTM32F030x8 -c -I../Core/Inc -I../Drivers/STM32F0xx_HAL_Driver/Inc -I../Drivers/STM32F0xx_HAL_Driver/Inc/Legacy -I../Drivers/CMSIS/Device/ST/STM32F0xx/Include -I../Drivers/CMSIS/Include -O0 -ffunction-sections -fdata-sections -Wall -fstack-usage -fcyclomatic-complexity -MMD -MP -MF"Core/Src/adc.d" -MT"Core/Src/adc.o" --specs=nano.specs -mfloat-abi=soft -mthumb -o "Core/Src/adc.o"
arm-none-eabi-gcc "../Core/Src/dma.c" -mcpu=cortex-m0 -std=gnu11 -g3 -DDEBUG -DUSE_HAL_DRIVER -DSTM32F030x8 -c -I../Core/Inc -I../Drivers/STM32F0xx_HAL_Driver/Inc -I../Drivers/STM32F0xx_HAL_Driver/Inc/Legacy -I../Drivers/CMSIS/Device/ST/STM32F0xx/Include -I../Drivers/CMSIS/Include -O0 -ffunction-sections -fdata-sections -Wall -fstack-usage -fcyclomatic-complexity -MMD -MP -MF"Core/Src/dma.d" -MT"Core/Src/dma.o" --specs=nano.specs -mfloat-abi=soft -mthumb -o "Core/Src/dma.o"
arm-none-eabi-gcc "../Core/Src/gpio.c" -mcpu=cortex-m0 -std=gnu11 -g3 -DDEBUG -DUSE_HAL_DRIVER -DSTM32F030x8 -c -I../Core/Inc -I../Drivers/STM32F0xx_HAL_Driver/Inc -I../Drivers/STM32F0xx_HAL_Driver/Inc/Legacy -I../Drivers/CMSIS/Device/ST/STM32F0xx/Include -I../Drivers/CMSIS/Include -O0 -ffunction-sections -fdata-sections -Wall -fstack-usage -fcyclomatic-complexity -MMD -MP -MF"Core/Src/gpio.d" -MT"Core/Src/gpio.o" --specs=nano.specs -mfloat-abi=soft -mthumb -o "Core/Src/gpio.o"
arm-none-eabi-gcc "../Core/Src/main.c" -mcpu=cortex-m0 -std=gnu11 -g3 -DDEBUG -DUSE_HAL_DRIVER -DSTM32F030x8 -c -I../Core/Inc -I../Drivers/STM32F0xx_HAL_Driver/Inc -I../Drivers/STM32F0xx_HAL_Driver/Inc/Legacy -I../Drivers/CMSIS/Device/ST/STM32F0xx/Include -I../Drivers/CMSIS/Include -O0 -ffunction-sections -fdata-sections -Wall -fstack-usage -fcyclomatic-complexity -MMD -MP -MF"Core/Src/main.d" -MT"Core/Src/main.o" --specs=nano.specs -mfloat-abi=soft -mthumb -o "Core/Src/main.o"
arm-none-eabi-gcc "../Core/Src/spi.c" -mcpu=cortex-m0 -std=gnu11 -g3 -DDEBUG -DUSE_HAL_DRIVER -DSTM32F030x8 -c -I../Core/Inc -I../Drivers/STM32F0xx_HAL_Driver/Inc -I../Drivers/STM32F0xx_HAL_Driver/Inc/Legacy -I../Drivers/CMSIS/Device/ST/STM32F0xx/Include -I../Drivers/CMSIS/Include -O0 -ffunction-sections -fdata-sections -Wall -fstack-usage -fcyclomatic-complexity -MMD -MP -MF"Core/Src/spi.d" -MT"Core/Src/spi.o" --specs=nano.specs -mfloat-abi=soft -mthumb -o "Core/Src/spi.o"
arm-none-eabi-gcc "../Core/Src/stm32f0xx_hal_msp.c" -mcpu=cortex-m0 -std=gnu11 -g3 -DDEBUG -DUSE_HAL_DRIVER -DSTM32F030x8 -c -I../Core/Inc -I../Drivers/STM32F0xx_HAL_Driver/Inc -I../Drivers/STM32F0xx_HAL_Driver/Inc/Legacy -I../Drivers/CMSIS/Device/ST/STM32F0xx/Include -I../Drivers/CMSIS/Include -O0 -ffunction-sections -fdata-sections -Wall -fstack-usage -fcyclomatic-complexity -MMD -MP -MF"Core/Src/stm32f0xx_hal_msp.d" -MT"Core/Src/stm32f0xx_hal_msp.o" --specs=nano.specs -mfloat-abi=soft -mthumb -o "Core/Src/stm32f0xx_hal_msp.o"
../Core/Src/Mymain.c: In function 'HAL_TIM_PeriodElapsedCallback':
../Core/Src/Mymain.c:260:4: warning: implicit declaration of function 'BLDC_Driving_test' [-Wimplicit-function-declaration]
  260 |    BLDC_Driving_test();
      |    ^~~~~~~~~~~~~~~~~
../Core/Src/Mymain.c: In function 'HAL_UART_RxCpltCallback':
../Core/Src/Mymain.c:298:8: warning: multi-character character constant [-Wmultichar]
  298 |   case '44':
      |        ^~~~
../Core/Src/Mymain.c:298:3: warning: case label value exceeds maximum value for type [-Wswitch-outside-range]
  298 |   case '44':
      |   ^~~~
arm-none-eabi-gcc "../Core/Src/stm32f0xx_it.c" -mcpu=cortex-m0 -std=gnu11 -g3 -DDEBUG -DUSE_HAL_DRIVER -DSTM32F030x8 -c -I../Core/Inc -I../Drivers/STM32F0xx_HAL_Driver/Inc -I../Drivers/STM32F0xx_HAL_Driver/Inc/Legacy -I../Drivers/CMSIS/Device/ST/STM32F0xx/Include -I../Drivers/CMSIS/Include -O0 -ffunction-sections -fdata-sections -Wall -fstack-usage -fcyclomatic-complexity -MMD -MP -MF"Core/Src/stm32f0xx_it.d" -MT"Core/Src/stm32f0xx_it.o" --specs=nano.specs -mfloat-abi=soft -mthumb -o "Core/Src/stm32f0xx_it.o"
arm-none-eabi-gcc "../Core/Src/syscalls.c" -mcpu=cortex-m0 -std=gnu11 -g3 -DDEBUG -DUSE_HAL_DRIVER -DSTM32F030x8 -c -I../Core/Inc -I../Drivers/STM32F0xx_HAL_Driver/Inc -I../Drivers/STM32F0xx_HAL_Driver/Inc/Legacy -I../Drivers/CMSIS/Device/ST/STM32F0xx/Include -I../Drivers/CMSIS/Include -O0 -ffunction-sections -fdata-sections -Wall -fstack-usage -fcyclomatic-complexity -MMD -MP -MF"Core/Src/syscalls.d" -MT"Core/Src/syscalls.o" --specs=nano.specs -mfloat-abi=soft -mthumb -o "Core/Src/syscalls.o"
arm-none-eabi-gcc "../Core/Src/sysmem.c" -mcpu=cortex-m0 -std=gnu11 -g3 -DDEBUG -DUSE_HAL_DRIVER -DSTM32F030x8 -c -I../Core/Inc -I../Drivers/STM32F0xx_HAL_Driver/Inc -I../Drivers/STM32F0xx_HAL_Driver/Inc/Legacy -I../Drivers/CMSIS/Device/ST/STM32F0xx/Include -I../Drivers/CMSIS/Include -O0 -ffunction-sections -fdata-sections -Wall -fstack-usage -fcyclomatic-complexity -MMD -MP -MF"Core/Src/sysmem.d" -MT"Core/Src/sysmem.o" --specs=nano.specs -mfloat-abi=soft -mthumb -o "Core/Src/sysmem.o"
arm-none-eabi-gcc "../Core/Src/system_stm32f0xx.c" -mcpu=cortex-m0 -std=gnu11 -g3 -DDEBUG -DUSE_HAL_DRIVER -DSTM32F030x8 -c -I../Core/Inc -I../Drivers/STM32F0xx_HAL_Driver/Inc -I../Drivers/STM32F0xx_HAL_Driver/Inc/Legacy -I../Drivers/CMSIS/Device/ST/STM32F0xx/Include -I../Drivers/CMSIS/Include -O0 -ffunction-sections -fdata-sections -Wall -fstack-usage -fcyclomatic-complexity -MMD -MP -MF"Core/Src/system_stm32f0xx.d" -MT"Core/Src/system_stm32f0xx.o" --specs=nano.specs -mfloat-abi=soft -mthumb -o "Core/Src/system_stm32f0xx.o"
arm-none-eabi-gcc "../Core/Src/tim.c" -mcpu=cortex-m0 -std=gnu11 -g3 -DDEBUG -DUSE_HAL_DRIVER -DSTM32F030x8 -c -I../Core/Inc -I../Drivers/STM32F0xx_HAL_Driver/Inc -I../Drivers/STM32F0xx_HAL_Driver/Inc/Legacy -I../Drivers/CMSIS/Device/ST/STM32F0xx/Include -I../Drivers/CMSIS/Include -O0 -ffunction-sections -fdata-sections -Wall -fstack-usage -fcyclomatic-complexity -MMD -MP -MF"Core/Src/tim.d" -MT"Core/Src/tim.o" --specs=nano.specs -mfloat-abi=soft -mthumb -o "Core/Src/tim.o"
arm-none-eabi-gcc "../Core/Src/usart.c" -mcpu=cortex-m0 -std=gnu11 -g3 -DDEBUG -DUSE_HAL_DRIVER -DSTM32F030x8 -c -I../Core/Inc -I../Drivers/STM32F0xx_HAL_Driver/Inc -I../Drivers/STM32F0xx_HAL_Driver/Inc/Legacy -I../Drivers/CMSIS/Device/ST/STM32F0xx/Include -I../Drivers/CMSIS/Include -O0 -ffunction-sections -fdata-sections -Wall -fstack-usage -fcyclomatic-complexity -MMD -MP -MF"Core/Src/usart.d" -MT"Core/Src/usart.o" --specs=nano.specs -mfloat-abi=soft -mthumb -o "Core/Src/usart.o"
arm-none-eabi-gcc -o "BLDC_STM32F030R8T6.elf" @"objects.list"   -mcpu=cortex-m0 -T"C:\Users\kzhou\Desktop\RF projects\Git\STM32\STM32-learning\Projects\STM32F0\BLDC_Controller\BLDC_STM32F030R8T6\STM32F030R8TX_FLASH.ld" --specs=nosys.specs -Wl,-Map="BLDC_STM32F030R8T6.map" -Wl,--gc-sections -static --specs=nano.specs -mfloat-abi=soft -mthumb -u _printf_float -u _scanf_float -Wl,--start-group -lc -lm -Wl,--end-group
c:\st\stm32cubeide_1.12.1\stm32cubeide\plugins\com.st.stm32cube.ide.mcu.externaltools.gnu-tools-for-stm32.10.3-2021.10.win32_1.0.200.202301161003\tools\arm-none-eabi\bin\ld.exe: ./Core/Src/main.o: in function `main':
C:/Users/kzhou/Desktop/RF projects/Git/STM32/STM32-learning/Projects/STM32F0/BLDC_Controller/BLDC_STM32F030R8T6/Debug/../Core/Src/main.c:69: multiple definition of `main'; ./Core/Src/Mymain.o:C:/Users/kzhou/Desktop/RF projects/Git/STM32/STM32-learning/Projects/STM32F0/BLDC_Controller/BLDC_STM32F030R8T6/Debug/../Core/Src/Mymain.c:76: first defined here
c:\st\stm32cubeide_1.12.1\stm32cubeide\plugins\com.st.stm32cube.ide.mcu.externaltools.gnu-tools-for-stm32.10.3-2021.10.win32_1.0.200.202301161003\tools\arm-none-eabi\bin\ld.exe: ./Core/Src/main.o: in function `SystemClock_Config':
C:/Users/kzhou/Desktop/RF projects/Git/STM32/STM32-learning/Projects/STM32F0/BLDC_Controller/BLDC_STM32F030R8T6/Debug/../Core/Src/main.c:120: multiple definition of `SystemClock_Config'; ./Core/Src/Mymain.o:C:/Users/kzhou/Desktop/RF projects/Git/STM32/STM32-learning/Projects/STM32F0/BLDC_Controller/BLDC_STM32F030R8T6/Debug/../Core/Src/Mymain.c:155: first defined here
c:\st\stm32cubeide_1.12.1\stm32cubeide\plugins\com.st.stm32cube.ide.mcu.externaltools.gnu-tools-for-stm32.10.3-2021.10.win32_1.0.200.202301161003\tools\arm-none-eabi\bin\ld.exe: ./Core/Src/main.o: in function `Error_Handler':
C:/Users/kzhou/Desktop/RF projects/Git/STM32/STM32-learning/Projects/STM32F0/BLDC_Controller/BLDC_STM32F030R8T6/Debug/../Core/Src/main.c:171: multiple definition of `Error_Handler'; ./Core/Src/Mymain.o:C:/Users/kzhou/Desktop/RF projects/Git/STM32/STM32-learning/Projects/STM32F0/BLDC_Controller/BLDC_STM32F030R8T6/Debug/../Core/Src/Mymain.c:213: first defined here
collect2.exe: error: ld returned 1 exit status
make: *** [makefile:64: BLDC_STM32F030R8T6.elf] Error 1
"make -j8 all" terminated with exit code 2. Build might be incomplete.
17:27:35 **** Incremental Build of configuration Debug for project BLDC_STM32F030R8T6 ****
make -j8 all 
arm-none-eabi-gcc "../Core/Src/BLDC.c" -mcpu=cortex-m0 -std=gnu11 -g3 -DDEBUG -DUSE_HAL_DRIVER -DSTM32F030x8 -c -I../Core/Inc -I../Drivers/STM32F0xx_HAL_Driver/Inc -I../Drivers/STM32F0xx_HAL_Driver/Inc/Legacy -I../Drivers/CMSIS/Device/ST/STM32F0xx/Include -I../Drivers/CMSIS/Include -O0 -ffunction-sections -fdata-sections -Wall -fstack-usage -fcyclomatic-complexity -MMD -MP -MF"Core/Src/BLDC.d" -MT"Core/Src/BLDC.o" --specs=nano.specs -mfloat-abi=soft -mthumb -o "Core/Src/BLDC.o"
arm-none-eabi-gcc "../Core/Src/Mymain.c" -mcpu=cortex-m0 -std=gnu11 -g3 -DDEBUG -DUSE_HAL_DRIVER -DSTM32F030x8 -c -I../Core/Inc -I../Drivers/STM32F0xx_HAL_Driver/Inc -I../Drivers/STM32F0xx_HAL_Driver/Inc/Legacy -I../Drivers/CMSIS/Device/ST/STM32F0xx/Include -I../Drivers/CMSIS/Include -O0 -ffunction-sections -fdata-sections -Wall -fstack-usage -fcyclomatic-complexity -MMD -MP -MF"Core/Src/Mymain.d" -MT"Core/Src/Mymain.o" --specs=nano.specs -mfloat-abi=soft -mthumb -o "Core/Src/Mymain.o"
arm-none-eabi-gcc "../Core/Src/adc.c" -mcpu=cortex-m0 -std=gnu11 -g3 -DDEBUG -DUSE_HAL_DRIVER -DSTM32F030x8 -c -I../Core/Inc -I../Drivers/STM32F0xx_HAL_Driver/Inc -I../Drivers/STM32F0xx_HAL_Driver/Inc/Legacy -I../Drivers/CMSIS/Device/ST/STM32F0xx/Include -I../Drivers/CMSIS/Include -O0 -ffunction-sections -fdata-sections -Wall -fstack-usage -fcyclomatic-complexity -MMD -MP -MF"Core/Src/adc.d" -MT"Core/Src/adc.o" --specs=nano.specs -mfloat-abi=soft -mthumb -o "Core/Src/adc.o"
arm-none-eabi-gcc "../Core/Src/dma.c" -mcpu=cortex-m0 -std=gnu11 -g3 -DDEBUG -DUSE_HAL_DRIVER -DSTM32F030x8 -c -I../Core/Inc -I../Drivers/STM32F0xx_HAL_Driver/Inc -I../Drivers/STM32F0xx_HAL_Driver/Inc/Legacy -I../Drivers/CMSIS/Device/ST/STM32F0xx/Include -I../Drivers/CMSIS/Include -O0 -ffunction-sections -fdata-sections -Wall -fstack-usage -fcyclomatic-complexity -MMD -MP -MF"Core/Src/dma.d" -MT"Core/Src/dma.o" --specs=nano.specs -mfloat-abi=soft -mthumb -o "Core/Src/dma.o"
arm-none-eabi-gcc "../Core/Src/gpio.c" -mcpu=cortex-m0 -std=gnu11 -g3 -DDEBUG -DUSE_HAL_DRIVER -DSTM32F030x8 -c -I../Core/Inc -I../Drivers/STM32F0xx_HAL_Driver/Inc -I../Drivers/STM32F0xx_HAL_Driver/Inc/Legacy -I../Drivers/CMSIS/Device/ST/STM32F0xx/Include -I../Drivers/CMSIS/Include -O0 -ffunction-sections -fdata-sections -Wall -fstack-usage -fcyclomatic-complexity -MMD -MP -MF"Core/Src/gpio.d" -MT"Core/Src/gpio.o" --specs=nano.specs -mfloat-abi=soft -mthumb -o "Core/Src/gpio.o"
arm-none-eabi-gcc "../Core/Src/spi.c" -mcpu=cortex-m0 -std=gnu11 -g3 -DDEBUG -DUSE_HAL_DRIVER -DSTM32F030x8 -c -I../Core/Inc -I../Drivers/STM32F0xx_HAL_Driver/Inc -I../Drivers/STM32F0xx_HAL_Driver/Inc/Legacy -I../Drivers/CMSIS/Device/ST/STM32F0xx/Include -I../Drivers/CMSIS/Include -O0 -ffunction-sections -fdata-sections -Wall -fstack-usage -fcyclomatic-complexity -MMD -MP -MF"Core/Src/spi.d" -MT"Core/Src/spi.o" --specs=nano.specs -mfloat-abi=soft -mthumb -o "Core/Src/spi.o"
arm-none-eabi-gcc "../Core/Src/stm32f0xx_hal_msp.c" -mcpu=cortex-m0 -std=gnu11 -g3 -DDEBUG -DUSE_HAL_DRIVER -DSTM32F030x8 -c -I../Core/Inc -I../Drivers/STM32F0xx_HAL_Driver/Inc -I../Drivers/STM32F0xx_HAL_Driver/Inc/Legacy -I../Drivers/CMSIS/Device/ST/STM32F0xx/Include -I../Drivers/CMSIS/Include -O0 -ffunction-sections -fdata-sections -Wall -fstack-usage -fcyclomatic-complexity -MMD -MP -MF"Core/Src/stm32f0xx_hal_msp.d" -MT"Core/Src/stm32f0xx_hal_msp.o" --specs=nano.specs -mfloat-abi=soft -mthumb -o "Core/Src/stm32f0xx_hal_msp.o"
arm-none-eabi-gcc "../Core/Src/stm32f0xx_it.c" -mcpu=cortex-m0 -std=gnu11 -g3 -DDEBUG -DUSE_HAL_DRIVER -DSTM32F030x8 -c -I../Core/Inc -I../Drivers/STM32F0xx_HAL_Driver/Inc -I../Drivers/STM32F0xx_HAL_Driver/Inc/Legacy -I../Drivers/CMSIS/Device/ST/STM32F0xx/Include -I../Drivers/CMSIS/Include -O0 -ffunction-sections -fdata-sections -Wall -fstack-usage -fcyclomatic-complexity -MMD -MP -MF"Core/Src/stm32f0xx_it.d" -MT"Core/Src/stm32f0xx_it.o" --specs=nano.specs -mfloat-abi=soft -mthumb -o "Core/Src/stm32f0xx_it.o"
../Core/Src/Mymain.c: In function 'HAL_TIM_PeriodElapsedCallback':
../Core/Src/Mymain.c:260:4: warning: implicit declaration of function 'BLDC_Driving_test' [-Wimplicit-function-declaration]
  260 |    BLDC_Driving_test();
      |    ^~~~~~~~~~~~~~~~~
../Core/Src/Mymain.c: In function 'HAL_UART_RxCpltCallback':
../Core/Src/Mymain.c:298:8: warning: multi-character character constant [-Wmultichar]
  298 |   case '44':
      |        ^~~~
../Core/Src/Mymain.c:298:3: warning: case label value exceeds maximum value for type [-Wswitch-outside-range]
  298 |   case '44':
      |   ^~~~
arm-none-eabi-gcc "../Core/Src/syscalls.c" -mcpu=cortex-m0 -std=gnu11 -g3 -DDEBUG -DUSE_HAL_DRIVER -DSTM32F030x8 -c -I../Core/Inc -I../Drivers/STM32F0xx_HAL_Driver/Inc -I../Drivers/STM32F0xx_HAL_Driver/Inc/Legacy -I../Drivers/CMSIS/Device/ST/STM32F0xx/Include -I../Drivers/CMSIS/Include -O0 -ffunction-sections -fdata-sections -Wall -fstack-usage -fcyclomatic-complexity -MMD -MP -MF"Core/Src/syscalls.d" -MT"Core/Src/syscalls.o" --specs=nano.specs -mfloat-abi=soft -mthumb -o "Core/Src/syscalls.o"
arm-none-eabi-gcc "../Core/Src/sysmem.c" -mcpu=cortex-m0 -std=gnu11 -g3 -DDEBUG -DUSE_HAL_DRIVER -DSTM32F030x8 -c -I../Core/Inc -I../Drivers/STM32F0xx_HAL_Driver/Inc -I../Drivers/STM32F0xx_HAL_Driver/Inc/Legacy -I../Drivers/CMSIS/Device/ST/STM32F0xx/Include -I../Drivers/CMSIS/Include -O0 -ffunction-sections -fdata-sections -Wall -fstack-usage -fcyclomatic-complexity -MMD -MP -MF"Core/Src/sysmem.d" -MT"Core/Src/sysmem.o" --specs=nano.specs -mfloat-abi=soft -mthumb -o "Core/Src/sysmem.o"
arm-none-eabi-gcc "../Core/Src/system_stm32f0xx.c" -mcpu=cortex-m0 -std=gnu11 -g3 -DDEBUG -DUSE_HAL_DRIVER -DSTM32F030x8 -c -I../Core/Inc -I../Drivers/STM32F0xx_HAL_Driver/Inc -I../Drivers/STM32F0xx_HAL_Driver/Inc/Legacy -I../Drivers/CMSIS/Device/ST/STM32F0xx/Include -I../Drivers/CMSIS/Include -O0 -ffunction-sections -fdata-sections -Wall -fstack-usage -fcyclomatic-complexity -MMD -MP -MF"Core/Src/system_stm32f0xx.d" -MT"Core/Src/system_stm32f0xx.o" --specs=nano.specs -mfloat-abi=soft -mthumb -o "Core/Src/system_stm32f0xx.o"
arm-none-eabi-gcc "../Core/Src/tim.c" -mcpu=cortex-m0 -std=gnu11 -g3 -DDEBUG -DUSE_HAL_DRIVER -DSTM32F030x8 -c -I../Core/Inc -I../Drivers/STM32F0xx_HAL_Driver/Inc -I../Drivers/STM32F0xx_HAL_Driver/Inc/Legacy -I../Drivers/CMSIS/Device/ST/STM32F0xx/Include -I../Drivers/CMSIS/Include -O0 -ffunction-sections -fdata-sections -Wall -fstack-usage -fcyclomatic-complexity -MMD -MP -MF"Core/Src/tim.d" -MT"Core/Src/tim.o" --specs=nano.specs -mfloat-abi=soft -mthumb -o "Core/Src/tim.o"
arm-none-eabi-gcc "../Core/Src/usart.c" -mcpu=cortex-m0 -std=gnu11 -g3 -DDEBUG -DUSE_HAL_DRIVER -DSTM32F030x8 -c -I../Core/Inc -I../Drivers/STM32F0xx_HAL_Driver/Inc -I../Drivers/STM32F0xx_HAL_Driver/Inc/Legacy -I../Drivers/CMSIS/Device/ST/STM32F0xx/Include -I../Drivers/CMSIS/Include -O0 -ffunction-sections -fdata-sections -Wall -fstack-usage -fcyclomatic-complexity -MMD -MP -MF"Core/Src/usart.d" -MT"Core/Src/usart.o" --specs=nano.specs -mfloat-abi=soft -mthumb -o "Core/Src/usart.o"
arm-none-eabi-gcc -o "BLDC_STM32F030R8T6.elf" @"objects.list"   -mcpu=cortex-m0 -T"C:\Users\kzhou\Desktop\RF projects\Git\STM32\STM32-learning\Projects\STM32F0\BLDC_Controller\BLDC_STM32F030R8T6\STM32F030R8TX_FLASH.ld" --specs=nosys.specs -Wl,-Map="BLDC_STM32F030R8T6.map" -Wl,--gc-sections -static --specs=nano.specs -mfloat-abi=soft -mthumb -u _printf_float -u _scanf_float -Wl,--start-group -lc -lm -Wl,--end-group
Finished building target: BLDC_STM32F030R8T6.elf
 
arm-none-eabi-size   BLDC_STM32F030R8T6.elf 
arm-none-eabi-objdump -h -S  BLDC_STM32F030R8T6.elf  > "BLDC_STM32F030R8T6.list"
   text	   data	    bss	    dec	    hex	filename
  54232	    532	   2500	  57264	   dfb0	BLDC_STM32F030R8T6.elf
Finished building: default.size.stdout
 
Finished building: BLDC_STM32F030R8T6.list
 
17:28:28 **** Incremental Build of configuration Debug for project BLDC_STM32F030R8T6 ****
make -j8 all 
arm-none-eabi-gcc "../Core/Src/Mymain.c" -mcpu=cortex-m0 -std=gnu11 -g3 -DDEBUG -DUSE_HAL_DRIVER -DSTM32F030x8 -c -I../Core/Inc -I../Drivers/STM32F0xx_HAL_Driver/Inc -I../Drivers/STM32F0xx_HAL_Driver/Inc/Legacy -I../Drivers/CMSIS/Device/ST/STM32F0xx/Include -I../Drivers/CMSIS/Include -O0 -ffunction-sections -fdata-sections -Wall -fstack-usage -fcyclomatic-complexity -MMD -MP -MF"Core/Src/Mymain.d" -MT"Core/Src/Mymain.o" --specs=nano.specs -mfloat-abi=soft -mthumb -o "Core/Src/Mymain.o"
../Core/Src/Mymain.c: In function 'HAL_TIM_PeriodElapsedCallback':
../Core/Src/Mymain.c:260:4: warning: implicit declaration of function 'BLDC_Driving_test' [-Wimplicit-function-declaration]
  260 |    BLDC_Driving_test();
      |    ^~~~~~~~~~~~~~~~~
../Core/Src/Mymain.c: In function 'HAL_UART_RxCpltCallback':
../Core/Src/Mymain.c:298:8: warning: multi-character character constant [-Wmultichar]
  298 |   case '10':
      |        ^~~~
../Core/Src/Mymain.c:298:3: warning: case label value exceeds maximum value for type [-Wswitch-outside-range]
  298 |   case '10':
      |   ^~~~
arm-none-eabi-gcc -o "BLDC_STM32F030R8T6.elf" @"objects.list"   -mcpu=cortex-m0 -T"C:\Users\kzhou\Desktop\RF projects\Git\STM32\STM32-learning\Projects\STM32F0\BLDC_Controller\BLDC_STM32F030R8T6\STM32F030R8TX_FLASH.ld" --specs=nosys.specs -Wl,-Map="BLDC_STM32F030R8T6.map" -Wl,--gc-sections -static --specs=nano.specs -mfloat-abi=soft -mthumb -u _printf_float -u _scanf_float -Wl,--start-group -lc -lm -Wl,--end-group
Finished building target: BLDC_STM32F030R8T6.elf
 
arm-none-eabi-size   BLDC_STM32F030R8T6.elf 
arm-none-eabi-objdump -h -S  BLDC_STM32F030R8T6.elf  > "BLDC_STM32F030R8T6.list"
   text	   data	    bss	    dec	    hex	filename
  54232	    532	   2500	  57264	   dfb0	BLDC_STM32F030R8T6.elf
Finished building: default.size.stdout
 
Finished building: BLDC_STM32F030R8T6.list
 
17:29:08 **** Incremental Build of configuration Debug for project BLDC_STM32F030R8T6 ****
make -j8 all 
arm-none-eabi-gcc "../Core/Src/Mymain.c" -mcpu=cortex-m0 -std=gnu11 -g3 -DDEBUG -DUSE_HAL_DRIVER -DSTM32F030x8 -c -I../Core/Inc -I../Drivers/STM32F0xx_HAL_Driver/Inc -I../Drivers/STM32F0xx_HAL_Driver/Inc/Legacy -I../Drivers/CMSIS/Device/ST/STM32F0xx/Include -I../Drivers/CMSIS/Include -O0 -ffunction-sections -fdata-sections -Wall -fstack-usage -fcyclomatic-complexity -MMD -MP -MF"Core/Src/Mymain.d" -MT"Core/Src/Mymain.o" --specs=nano.specs -mfloat-abi=soft -mthumb -o "Core/Src/Mymain.o"
../Core/Src/Mymain.c: In function 'HAL_TIM_PeriodElapsedCallback':
../Core/Src/Mymain.c:260:4: warning: implicit declaration of function 'BLDC_Driving_test' [-Wimplicit-function-declaration]
  260 |    BLDC_Driving_test();
      |    ^~~~~~~~~~~~~~~~~
../Core/Src/Mymain.c: In function 'HAL_UART_RxCpltCallback':
../Core/Src/Mymain.c:298:8: warning: multi-character character constant [-Wmultichar]
  298 |   case 'T14':
      |        ^~~~~
../Core/Src/Mymain.c:298:3: warning: case label value exceeds maximum value for type [-Wswitch-outside-range]
  298 |   case 'T14':
      |   ^~~~
arm-none-eabi-gcc -o "BLDC_STM32F030R8T6.elf" @"objects.list"   -mcpu=cortex-m0 -T"C:\Users\kzhou\Desktop\RF projects\Git\STM32\STM32-learning\Projects\STM32F0\BLDC_Controller\BLDC_STM32F030R8T6\STM32F030R8TX_FLASH.ld" --specs=nosys.specs -Wl,-Map="BLDC_STM32F030R8T6.map" -Wl,--gc-sections -static --specs=nano.specs -mfloat-abi=soft -mthumb -u _printf_float -u _scanf_float -Wl,--start-group -lc -lm -Wl,--end-group
Finished building target: BLDC_STM32F030R8T6.elf
 
arm-none-eabi-size   BLDC_STM32F030R8T6.elf 
arm-none-eabi-objdump -h -S  BLDC_STM32F030R8T6.elf  > "BLDC_STM32F030R8T6.list"
   text	   data	    bss	    dec	    hex	filename
  54232	    532	   2500	  57264	   dfb0	BLDC_STM32F030R8T6.elf
Finished building: default.size.stdout
 
Finished building: BLDC_STM32F030R8T6.list
 
17:29:12 **** Incremental Build of configuration Debug for project BLDC_STM32F030R8T6 ****
make -j8 all 
arm-none-eabi-gcc "../Core/Src/Mymain.c" -mcpu=cortex-m0 -std=gnu11 -g3 -DDEBUG -DUSE_HAL_DRIVER -DSTM32F030x8 -c -I../Core/Inc -I../Drivers/STM32F0xx_HAL_Driver/Inc -I../Drivers/STM32F0xx_HAL_Driver/Inc/Legacy -I../Drivers/CMSIS/Device/ST/STM32F0xx/Include -I../Drivers/CMSIS/Include -O0 -ffunction-sections -fdata-sections -Wall -fstack-usage -fcyclomatic-complexity -MMD -MP -MF"Core/Src/Mymain.d" -MT"Core/Src/Mymain.o" --specs=nano.specs -mfloat-abi=soft -mthumb -o "Core/Src/Mymain.o"
../Core/Src/Mymain.c: In function 'HAL_TIM_PeriodElapsedCallback':
../Core/Src/Mymain.c:260:4: warning: implicit declaration of function 'BLDC_Driving_test' [-Wimplicit-function-declaration]
  260 |    BLDC_Driving_test();
      |    ^~~~~~~~~~~~~~~~~
arm-none-eabi-gcc -o "BLDC_STM32F030R8T6.elf" @"objects.list"   -mcpu=cortex-m0 -T"C:\Users\kzhou\Desktop\RF projects\Git\STM32\STM32-learning\Projects\STM32F0\BLDC_Controller\BLDC_STM32F030R8T6\STM32F030R8TX_FLASH.ld" --specs=nosys.specs -Wl,-Map="BLDC_STM32F030R8T6.map" -Wl,--gc-sections -static --specs=nano.specs -mfloat-abi=soft -mthumb -u _printf_float -u _scanf_float -Wl,--start-group -lc -lm -Wl,--end-group
Finished building target: BLDC_STM32F030R8T6.elf
 
arm-none-eabi-size   BLDC_STM32F030R8T6.elf 
arm-none-eabi-objdump -h -S  BLDC_STM32F030R8T6.elf  > "BLDC_STM32F030R8T6.list"
   text	   data	    bss	    dec	    hex	filename
  54252	    532	   2500	  57284	   dfc4	BLDC_STM32F030R8T6.elf
Finished building: default.size.stdout
 
Finished building: BLDC_STM32F030R8T6.list
 
17:29:22 **** Incremental Build of configuration Debug for project BLDC_STM32F030R8T6 ****
make -j8 all 
arm-none-eabi-size   BLDC_STM32F030R8T6.elf 
   text	   data	    bss	    dec	    hex	filename
  54252	    532	   2500	  57284	   dfc4	BLDC_STM32F030R8T6.elf
Finished building: default.size.stdout
 
17:29:51 **** Incremental Build of configuration Debug for project BLDC_STM32F030R8T6 ****
make -j8 all 
arm-none-eabi-size   BLDC_STM32F030R8T6.elf 
   text	   data	    bss	    dec	    hex	filename
  54252	    532	   2500	  57284	   dfc4	BLDC_STM32F030R8T6.elf
Finished building: default.size.stdout
 
17:30:58 **** Incremental Build of configuration Debug for project BLDC_STM32F030R8T6 ****
make -j8 all 
arm-none-eabi-size   BLDC_STM32F030R8T6.elf 
   text	   data	    bss	    dec	    hex	filename
  54252	    532	   2500	  57284	   dfc4	BLDC_STM32F030R8T6.elf
Finished building: default.size.stdout
 
17:35:56 **** Incremental Build of configuration Debug for project BLDC_STM32F030R8T6 ****
make -j8 all 
arm-none-eabi-gcc "../Core/Src/Mymain.c" -mcpu=cortex-m0 -std=gnu11 -g3 -DDEBUG -DUSE_HAL_DRIVER -DSTM32F030x8 -c -I../Core/Inc -I../Drivers/STM32F0xx_HAL_Driver/Inc -I../Drivers/STM32F0xx_HAL_Driver/Inc/Legacy -I../Drivers/CMSIS/Device/ST/STM32F0xx/Include -I../Drivers/CMSIS/Include -O0 -ffunction-sections -fdata-sections -Wall -fstack-usage -fcyclomatic-complexity -MMD -MP -MF"Core/Src/Mymain.d" -MT"Core/Src/Mymain.o" --specs=nano.specs -mfloat-abi=soft -mthumb -o "Core/Src/Mymain.o"
../Core/Src/Mymain.c: In function 'main':
../Core/Src/Mymain.c:139:27: warning: format '%d' expects argument of type 'int', but argument 2 has type 'uint32_t' {aka 'volatile long unsigned int'} [-Wformat=]
  139 |   printf("\r\n tim14 arr:%d", TIM14->ARR);
      |                          ~^
      |                           |
      |                           int
      |                          %ld
../Core/Src/Mymain.c: In function 'HAL_TIM_PeriodElapsedCallback':
../Core/Src/Mymain.c:259:4: warning: implicit declaration of function 'BLDC_Driving_test' [-Wimplicit-function-declaration]
  259 |    BLDC_Driving_test();
      |    ^~~~~~~~~~~~~~~~~
arm-none-eabi-gcc -o "BLDC_STM32F030R8T6.elf" @"objects.list"   -mcpu=cortex-m0 -T"C:\Users\kzhou\Desktop\RF projects\Git\STM32\STM32-learning\Projects\STM32F0\BLDC_Controller\BLDC_STM32F030R8T6\STM32F030R8TX_FLASH.ld" --specs=nosys.specs -Wl,-Map="BLDC_STM32F030R8T6.map" -Wl,--gc-sections -static --specs=nano.specs -mfloat-abi=soft -mthumb -u _printf_float -u _scanf_float -Wl,--start-group -lc -lm -Wl,--end-group
Finished building target: BLDC_STM32F030R8T6.elf
 
arm-none-eabi-size   BLDC_STM32F030R8T6.elf 
arm-none-eabi-objdump -h -S  BLDC_STM32F030R8T6.elf  > "BLDC_STM32F030R8T6.list"
   text	   data	    bss	    dec	    hex	filename
  54288	    532	   2500	  57320	   dfe8	BLDC_STM32F030R8T6.elf
Finished building: default.size.stdout
 
Finished building: BLDC_STM32F030R8T6.list
 
17:38:02 **** Incremental Build of configuration Debug for project BLDC_STM32F030R8T6 ****
make -j8 all 
arm-none-eabi-gcc "../Core/Src/Mymain.c" -mcpu=cortex-m0 -std=gnu11 -g3 -DDEBUG -DUSE_HAL_DRIVER -DSTM32F030x8 -c -I../Core/Inc -I../Drivers/STM32F0xx_HAL_Driver/Inc -I../Drivers/STM32F0xx_HAL_Driver/Inc/Legacy -I../Drivers/CMSIS/Device/ST/STM32F0xx/Include -I../Drivers/CMSIS/Include -O0 -ffunction-sections -fdata-sections -Wall -fstack-usage -fcyclomatic-complexity -MMD -MP -MF"Core/Src/Mymain.d" -MT"Core/Src/Mymain.o" --specs=nano.specs -mfloat-abi=soft -mthumb -o "Core/Src/Mymain.o"
../Core/Src/Mymain.c: In function 'main':
../Core/Src/Mymain.c:139:27: warning: format '%d' expects argument of type 'int', but argument 2 has type 'uint32_t' {aka 'volatile long unsigned int'} [-Wformat=]
  139 |   printf("\r\n tim14 arr:%d", TIM14->ARR);
      |                          ~^
      |                           |
      |                           int
      |                          %ld
../Core/Src/Mymain.c: In function 'HAL_TIM_PeriodElapsedCallback':
../Core/Src/Mymain.c:259:4: warning: implicit declaration of function 'BLDC_Driving_test' [-Wimplicit-function-declaration]
  259 |    BLDC_Driving_test();
      |    ^~~~~~~~~~~~~~~~~
arm-none-eabi-gcc -o "BLDC_STM32F030R8T6.elf" @"objects.list"   -mcpu=cortex-m0 -T"C:\Users\kzhou\Desktop\RF projects\Git\STM32\STM32-learning\Projects\STM32F0\BLDC_Controller\BLDC_STM32F030R8T6\STM32F030R8TX_FLASH.ld" --specs=nosys.specs -Wl,-Map="BLDC_STM32F030R8T6.map" -Wl,--gc-sections -static --specs=nano.specs -mfloat-abi=soft -mthumb -u _printf_float -u _scanf_float -Wl,--start-group -lc -lm -Wl,--end-group
Finished building target: BLDC_STM32F030R8T6.elf
 
arm-none-eabi-size   BLDC_STM32F030R8T6.elf 
arm-none-eabi-objdump -h -S  BLDC_STM32F030R8T6.elf  > "BLDC_STM32F030R8T6.list"
   text	   data	    bss	    dec	    hex	filename
  54320	    532	   2500	  57352	   e008	BLDC_STM32F030R8T6.elf
Finished building: default.size.stdout
 
Finished building: BLDC_STM32F030R8T6.list
 
17:40:23 **** Incremental Build of configuration Debug for project BLDC_STM32F030R8T6 ****
make -j8 all 
arm-none-eabi-gcc "../Core/Src/Mymain.c" -mcpu=cortex-m0 -std=gnu11 -g3 -DDEBUG -DUSE_HAL_DRIVER -DSTM32F030x8 -c -I../Core/Inc -I../Drivers/STM32F0xx_HAL_Driver/Inc -I../Drivers/STM32F0xx_HAL_Driver/Inc/Legacy -I../Drivers/CMSIS/Device/ST/STM32F0xx/Include -I../Drivers/CMSIS/Include -O0 -ffunction-sections -fdata-sections -Wall -fstack-usage -fcyclomatic-complexity -MMD -MP -MF"Core/Src/Mymain.d" -MT"Core/Src/Mymain.o" --specs=nano.specs -mfloat-abi=soft -mthumb -o "Core/Src/Mymain.o"
../Core/Src/Mymain.c: In function 'main':
../Core/Src/Mymain.c:139:27: warning: format '%d' expects argument of type 'int', but argument 2 has type 'uint32_t' {aka 'volatile long unsigned int'} [-Wformat=]
  139 |   printf("\r\n tim14 arr:%d", TIM14->ARR);
      |                          ~^
      |                           |
      |                           int
      |                          %ld
../Core/Src/Mymain.c: In function 'HAL_TIM_PeriodElapsedCallback':
../Core/Src/Mymain.c:259:4: warning: implicit declaration of function 'BLDC_Driving_test' [-Wimplicit-function-declaration]
  259 |    BLDC_Driving_test();
      |    ^~~~~~~~~~~~~~~~~
arm-none-eabi-gcc -o "BLDC_STM32F030R8T6.elf" @"objects.list"   -mcpu=cortex-m0 -T"C:\Users\kzhou\Desktop\RF projects\Git\STM32\STM32-learning\Projects\STM32F0\BLDC_Controller\BLDC_STM32F030R8T6\STM32F030R8TX_FLASH.ld" --specs=nosys.specs -Wl,-Map="BLDC_STM32F030R8T6.map" -Wl,--gc-sections -static --specs=nano.specs -mfloat-abi=soft -mthumb -u _printf_float -u _scanf_float -Wl,--start-group -lc -lm -Wl,--end-group
Finished building target: BLDC_STM32F030R8T6.elf
 
arm-none-eabi-size   BLDC_STM32F030R8T6.elf 
arm-none-eabi-objdump -h -S  BLDC_STM32F030R8T6.elf  > "BLDC_STM32F030R8T6.list"
   text	   data	    bss	    dec	    hex	filename
  54320	    532	   2500	  57352	   e008	BLDC_STM32F030R8T6.elf
Finished building: default.size.stdout
 
Finished building: BLDC_STM32F030R8T6.list
 
17:42:56 **** Incremental Build of configuration Debug for project BLDC_STM32F030R8T6 ****
make -j8 all 
arm-none-eabi-gcc "../Core/Src/Mymain.c" -mcpu=cortex-m0 -std=gnu11 -g3 -DDEBUG -DUSE_HAL_DRIVER -DSTM32F030x8 -c -I../Core/Inc -I../Drivers/STM32F0xx_HAL_Driver/Inc -I../Drivers/STM32F0xx_HAL_Driver/Inc/Legacy -I../Drivers/CMSIS/Device/ST/STM32F0xx/Include -I../Drivers/CMSIS/Include -O0 -ffunction-sections -fdata-sections -Wall -fstack-usage -fcyclomatic-complexity -MMD -MP -MF"Core/Src/Mymain.d" -MT"Core/Src/Mymain.o" --specs=nano.specs -mfloat-abi=soft -mthumb -o "Core/Src/Mymain.o"
../Core/Src/Mymain.c: In function 'main':
../Core/Src/Mymain.c:139:27: warning: format '%d' expects argument of type 'int', but argument 2 has type 'uint32_t' {aka 'volatile long unsigned int'} [-Wformat=]
  139 |   printf("\r\n tim14 arr:%d", TIM14->ARR);
      |                          ~^
      |                           |
      |                           int
      |                          %ld
../Core/Src/Mymain.c: In function 'HAL_TIM_PeriodElapsedCallback':
../Core/Src/Mymain.c:259:4: warning: implicit declaration of function 'BLDC_Driving_test' [-Wimplicit-function-declaration]
  259 |    BLDC_Driving_test();
      |    ^~~~~~~~~~~~~~~~~
arm-none-eabi-gcc -o "BLDC_STM32F030R8T6.elf" @"objects.list"   -mcpu=cortex-m0 -T"C:\Users\kzhou\Desktop\RF projects\Git\STM32\STM32-learning\Projects\STM32F0\BLDC_Controller\BLDC_STM32F030R8T6\STM32F030R8TX_FLASH.ld" --specs=nosys.specs -Wl,-Map="BLDC_STM32F030R8T6.map" -Wl,--gc-sections -static --specs=nano.specs -mfloat-abi=soft -mthumb -u _printf_float -u _scanf_float -Wl,--start-group -lc -lm -Wl,--end-group
Finished building target: BLDC_STM32F030R8T6.elf
 
arm-none-eabi-size   BLDC_STM32F030R8T6.elf 
arm-none-eabi-objdump -h -S  BLDC_STM32F030R8T6.elf  > "BLDC_STM32F030R8T6.list"
   text	   data	    bss	    dec	    hex	filename
  54320	    532	   2500	  57352	   e008	BLDC_STM32F030R8T6.elf
Finished building: default.size.stdout
 
Finished building: BLDC_STM32F030R8T6.list
 
17:59:12 **** Incremental Build of configuration Debug for project BLDC_STM32F030R8T6 ****
make -j8 all 
arm-none-eabi-size   BLDC_STM32F030R8T6.elf 
   text	   data	    bss	    dec	    hex	filename
  54320	    532	   2500	  57352	   e008	BLDC_STM32F030R8T6.elf
Finished building: default.size.stdout
 
18:00:45 **** Incremental Build of configuration Debug for project BLDC_STM32F030R8T6 ****
make -j8 all 
arm-none-eabi-gcc "../Core/Src/Mymain.c" -mcpu=cortex-m0 -std=gnu11 -g3 -DDEBUG -DUSE_HAL_DRIVER -DSTM32F030x8 -c -I../Core/Inc -I../Drivers/STM32F0xx_HAL_Driver/Inc -I../Drivers/STM32F0xx_HAL_Driver/Inc/Legacy -I../Drivers/CMSIS/Device/ST/STM32F0xx/Include -I../Drivers/CMSIS/Include -O0 -ffunction-sections -fdata-sections -Wall -fstack-usage -fcyclomatic-complexity -MMD -MP -MF"Core/Src/Mymain.d" -MT"Core/Src/Mymain.o" --specs=nano.specs -mfloat-abi=soft -mthumb -o "Core/Src/Mymain.o"
../Core/Src/Mymain.c: In function 'main':
[...]
make: *** [Core/Src/subdir.mk:55: Core/Src/Mymain.o] Error 1
make: *** Waiting for unfinished jobs....
"make -j8 all" terminated with exit code 2. Build might be incomplete.
01:21:23 **** Incremental Build of configuration Debug for project BLDC_STM32F030R8T6 ****
make -j8 all 
arm-none-eabi-gcc "../Core/Src/Mymain.c" -mcpu=cortex-m0 -std=gnu11 -g3 -DDEBUG -DUSE_HAL_DRIVER -DSTM32F030x8 -c -I../Core/Inc -I../Drivers/STM32F0xx_HAL_Driver/Inc -I../Drivers/STM32F0xx_HAL_Driver/Inc/Legacy -I../Drivers/CMSIS/Device/ST/STM32F0xx/Include -I../Drivers/CMSIS/Include -O0 -ffunction-sections -fdata-sections -Wall -fstack-usage -fcyclomatic-complexity -MMD -MP -MF"Core/Src/Mymain.d" -MT"Core/Src/Mymain.o" --specs=nano.specs -mfloat-abi=soft -mthumb -o "Core/Src/Mymain.o"
arm-none-eabi-gcc -o "BLDC_STM32F030R8T6.elf" @"objects.list"   -mcpu=cortex-m0 -T"C:\Users\kzhou\Desktop\RF projects\Git\STM32\STM32-learning\Projects\STM32F0\BLDC_Controller\BLDC_STM32F030R8T6\STM32F030R8TX_FLASH.ld" --specs=nosys.specs -Wl,-Map="BLDC_STM32F030R8T6.map" -Wl,--gc-sections -static --specs=nano.specs -mfloat-abi=soft -mthumb -u _printf_float -u _scanf_float -Wl,--start-group -lc -lm -Wl,--end-group
Finished building target: BLDC_STM32F030R8T6.elf
 
arm-none-eabi-size   BLDC_STM32F030R8T6.elf 
arm-none-eabi-objdump -h -S  BLDC_STM32F030R8T6.elf  > "BLDC_STM32F030R8T6.list"
   text	   data	    bss	    dec	    hex	filename
  55048	    532	   2508	  58088	   e2e8	BLDC_STM32F030R8T6.elf
Finished building: default.size.stdout
 
Finished building: BLDC_STM32F030R8T6.list
 
01:21:25 **** Incremental Build of configuration Debug for project BLDC_STM32F030R8T6 ****
make -j8 all 
arm-none-eabi-size   BLDC_STM32F030R8T6.elf 
   text	   data	    bss	    dec	    hex	filename
  55048	    532	   2508	  58088	   e2e8	BLDC_STM32F030R8T6.elf
Finished building: default.size.stdout
 
01:25:52 **** Incremental Build of configuration Debug for project BLDC_STM32F030R8T6 ****
make -j8 all 
arm-none-eabi-gcc "../Core/Src/BLDC.c" -mcpu=cortex-m0 -std=gnu11 -g3 -DDEBUG -DUSE_HAL_DRIVER -DSTM32F030x8 -c -I../Core/Inc -I../Drivers/STM32F0xx_HAL_Driver/Inc -I../Drivers/STM32F0xx_HAL_Driver/Inc/Legacy -I../Drivers/CMSIS/Device/ST/STM32F0xx/Include -I../Drivers/CMSIS/Include -O0 -ffunction-sections -fdata-sections -Wall -fstack-usage -fcyclomatic-complexity -MMD -MP -MF"Core/Src/BLDC.d" -MT"Core/Src/BLDC.o" --specs=nano.specs -mfloat-abi=soft -mthumb -o "Core/Src/BLDC.o"
arm-none-eabi-gcc "../Core/Src/Mymain.c" -mcpu=cortex-m0 -std=gnu11 -g3 -DDEBUG -DUSE_HAL_DRIVER -DSTM32F030x8 -c -I../Core/Inc -I../Drivers/STM32F0xx_HAL_Driver/Inc -I../Drivers/STM32F0xx_HAL_Driver/Inc/Legacy -I../Drivers/CMSIS/Device/ST/STM32F0xx/Include -I../Drivers/CMSIS/Include -O0 -ffunction-sections -fdata-sections -Wall -fstack-usage -fcyclomatic-complexity -MMD -MP -MF"Core/Src/Mymain.d" -MT"Core/Src/Mymain.o" --specs=nano.specs -mfloat-abi=soft -mthumb -o "Core/Src/Mymain.o"
../Core/Src/BLDC.c: In function 'BLDC_Driving_test':
../Core/Src/BLDC.c:68:1: warning: control reaches end of non-void function [-Wreturn-type]
   68 | }
      | ^
arm-none-eabi-gcc -o "BLDC_STM32F030R8T6.elf" @"objects.list"   -mcpu=cortex-m0 -T"C:\Users\kzhou\Desktop\RF projects\Git\STM32\STM32-learning\Projects\STM32F0\BLDC_Controller\BLDC_STM32F030R8T6\STM32F030R8TX_FLASH.ld" --specs=nosys.specs -Wl,-Map="BLDC_STM32F030R8T6.map" -Wl,--gc-sections -static --specs=nano.specs -mfloat-abi=soft -mthumb -u _printf_float -u _scanf_float -Wl,--start-group -lc -lm -Wl,--end-group
Finished building target: BLDC_STM32F030R8T6.elf
 
arm-none-eabi-size   BLDC_STM32F030R8T6.elf 
arm-none-eabi-objdump -h -S  BLDC_STM32F030R8T6.elf  > "BLDC_STM32F030R8T6.list"
   text	   data	    bss	    dec	    hex	filename
  55052	    532	   2508	  58092	   e2ec	BLDC_STM32F030R8T6.elf
Finished building: default.size.stdout
 
Finished building: BLDC_STM32F030R8T6.list
 
01:26:39 **** Incremental Build of configuration Debug for project BLDC_STM32F030R8T6 ****
make -j8 all 
arm-none-eabi-gcc "../Core/Src/BLDC.c" -mcpu=cortex-m0 -std=gnu11 -g3 -DDEBUG -DUSE_HAL_DRIVER -DSTM32F030x8 -c -I../Core/Inc -I../Drivers/STM32F0xx_HAL_Driver/Inc -I../Drivers/STM32F0xx_HAL_Driver/Inc/Legacy -I../Drivers/CMSIS/Device/ST/STM32F0xx/Include -I../Drivers/CMSIS/Include -O0 -ffunction-sections -fdata-sections -Wall -fstack-usage -fcyclomatic-complexity -MMD -MP -MF"Core/Src/BLDC.d" -MT"Core/Src/BLDC.o" --specs=nano.specs -mfloat-abi=soft -mthumb -o "Core/Src/BLDC.o"
../Core/Src/BLDC.c: In function 'BLDC_Driving_test':
../Core/Src/BLDC.c:68:23: error: expected ';' before '}' token
   68 |  return adc_val->speed
      |                       ^
      |                       ;
   69 | }
      | ~                      
make: *** [Core/Src/subdir.mk:55: Core/Src/BLDC.o] Error 1
"make -j8 all" terminated with exit code 2. Build might be incomplete.
01:26:43 **** Incremental Build of configuration Debug for project BLDC_STM32F030R8T6 ****
make -j8 all 
arm-none-eabi-gcc "../Core/Src/BLDC.c" -mcpu=cortex-m0 -std=gnu11 -g3 -DDEBUG -DUSE_HAL_DRIVER -DSTM32F030x8 -c -I../Core/Inc -I../Drivers/STM32F0xx_HAL_Driver/Inc -I../Drivers/STM32F0xx_HAL_Driver/Inc/Legacy -I../Drivers/CMSIS/Device/ST/STM32F0xx/Include -I../Drivers/CMSIS/Include -O0 -ffunction-sections -fdata-sections -Wall -fstack-usage -fcyclomatic-complexity -MMD -MP -MF"Core/Src/BLDC.d" -MT"Core/Src/BLDC.o" --specs=nano.specs -mfloat-abi=soft -mthumb -o "Core/Src/BLDC.o"
arm-none-eabi-gcc -o "BLDC_STM32F030R8T6.elf" @"objects.list"   -mcpu=cortex-m0 -T"C:\Users\kzhou\Desktop\RF projects\Git\STM32\STM32-learning\Projects\STM32F0\BLDC_Controller\BLDC_STM32F030R8T6\STM32F030R8TX_FLASH.ld" --specs=nosys.specs -Wl,-Map="BLDC_STM32F030R8T6.map" -Wl,--gc-sections -static --specs=nano.specs -mfloat-abi=soft -mthumb -u _printf_float -u _scanf_float -Wl,--start-group -lc -lm -Wl,--end-group
Finished building target: BLDC_STM32F030R8T6.elf
 
arm-none-eabi-size   BLDC_STM32F030R8T6.elf 
arm-none-eabi-objdump -h -S  BLDC_STM32F030R8T6.elf  > "BLDC_STM32F030R8T6.list"
   text	   data	    bss	    dec	    hex	filename
  55052	    532	   2508	  58092	   e2ec	BLDC_STM32F030R8T6.elf
Finished building: default.size.stdout
 
Finished building: BLDC_STM32F030R8T6.list
 
01:26:48 **** Incremental Build of configuration Debug for project BLDC_STM32F030R8T6 ****
make -j8 all 
arm-none-eabi-size   BLDC_STM32F030R8T6.elf 
   text	   data	    bss	    dec	    hex	filename
  55052	    532	   2508	  58092	   e2ec	BLDC_STM32F030R8T6.elf
Finished building: default.size.stdout
 
01:28:27 **** Incremental Build of configuration Debug for project BLDC_STM32F030R8T6 ****
make -j8 all 
arm-none-eabi-gcc "../Core/Src/BLDC.c" -mcpu=cortex-m0 -std=gnu11 -g3 -DDEBUG -DUSE_HAL_DRIVER -DSTM32F030x8 -c -I../Core/Inc -I../Drivers/STM32F0xx_HAL_Driver/Inc -I../Drivers/STM32F0xx_HAL_Driver/Inc/Legacy -I../Drivers/CMSIS/Device/ST/STM32F0xx/Include -I../Drivers/CMSIS/Include -O0 -ffunction-sections -fdata-sections -Wall -fstack-usage -fcyclomatic-complexity -MMD -MP -MF"Core/Src/BLDC.d" -MT"Core/Src/BLDC.o" --specs=nano.specs -mfloat-abi=soft -mthumb -o "Core/Src/BLDC.o"
arm-none-eabi-gcc "../Core/Src/Mymain.c" -mcpu=cortex-m0 -std=gnu11 -g3 -DDEBUG -DUSE_HAL_DRIVER -DSTM32F030x8 -c -I../Core/Inc -I../Drivers/STM32F0xx_HAL_Driver/Inc -I../Drivers/STM32F0xx_HAL_Driver/Inc/Legacy -I../Drivers/CMSIS/Device/ST/STM32F0xx/Include -I../Drivers/CMSIS/Include -O0 -ffunction-sections -fdata-sections -Wall -fstack-usage -fcyclomatic-complexity -MMD -MP -MF"Core/Src/Mymain.d" -MT"Core/Src/Mymain.o" --specs=nano.specs -mfloat-abi=soft -mthumb -o "Core/Src/Mymain.o"
arm-none-eabi-gcc -o "BLDC_STM32F030R8T6.elf" @"objects.list"   -mcpu=cortex-m0 -T"C:\Users\kzhou\Desktop\RF projects\Git\STM32\STM32-learning\Projects\STM32F0\BLDC_Controller\BLDC_STM32F030R8T6\STM32F030R8TX_FLASH.ld" --specs=nosys.specs -Wl,-Map="BLDC_STM32F030R8T6.map" -Wl,--gc-sections -static --specs=nano.specs -mfloat-abi=soft -mthumb -u _printf_float -u _scanf_float -Wl,--start-group -lc -lm -Wl,--end-group
Finished building target: BLDC_STM32F030R8T6.elf
 
arm-none-eabi-size   BLDC_STM32F030R8T6.elf 
arm-none-eabi-objdump -h -S  BLDC_STM32F030R8T6.elf  > "BLDC_STM32F030R8T6.list"
   text	   data	    bss	    dec	    hex	filename
  55048	    532	   2508	  58088	   e2e8	BLDC_STM32F030R8T6.elf
Finished building: default.size.stdout
 
Finished building: BLDC_STM32F030R8T6.list
 
01:29:05 **** Incremental Build of configuration Debug for project BLDC_STM32F030R8T6 ****
make -j8 all 
arm-none-eabi-gcc "../Core/Src/BLDC.c" -mcpu=cortex-m0 -std=gnu11 -g3 -DDEBUG -DUSE_HAL_DRIVER -DSTM32F030x8 -c -I../Core/Inc -I../Drivers/STM32F0xx_HAL_Driver/Inc -I../Drivers/STM32F0xx_HAL_Driver/Inc/Legacy -I../Drivers/CMSIS/Device/ST/STM32F0xx/Include -I../Drivers/CMSIS/Include -O0 -ffunction-sections -fdata-sections -Wall -fstack-usage -fcyclomatic-complexity -MMD -MP -MF"Core/Src/BLDC.d" -MT"Core/Src/BLDC.o" --specs=nano.specs -mfloat-abi=soft -mthumb -o "Core/Src/BLDC.o"
arm-none-eabi-gcc -o "BLDC_STM32F030R8T6.elf" @"objects.list"   -mcpu=cortex-m0 -T"C:\Users\kzhou\Desktop\RF projects\Git\STM32\STM32-learning\Projects\STM32F0\BLDC_Controller\BLDC_STM32F030R8T6\STM32F030R8TX_FLASH.ld" --specs=nosys.specs -Wl,-Map="BLDC_STM32F030R8T6.map" -Wl,--gc-sections -static --specs=nano.specs -mfloat-abi=soft -mthumb -u _printf_float -u _scanf_float -Wl,--start-group -lc -lm -Wl,--end-group
Finished building target: BLDC_STM32F030R8T6.elf
 
arm-none-eabi-size   BLDC_STM32F030R8T6.elf 
arm-none-eabi-objdump -h -S  BLDC_STM32F030R8T6.elf  > "BLDC_STM32F030R8T6.list"
   text	   data	    bss	    dec	    hex	filename
  55056	    532	   2508	  58096	   e2f0	BLDC_STM32F030R8T6.elf
Finished building: default.size.stdout
 
Finished building: BLDC_STM32F030R8T6.list
 
01:31:27 **** Incremental Build of configuration Debug for project BLDC_STM32F030R8T6 ****
make -j8 all 
arm-none-eabi-gcc "../Core/Src/BLDC.c" -mcpu=cortex-m0 -std=gnu11 -g3 -DDEBUG -DUSE_HAL_DRIVER -DSTM32F030x8 -c -I../Core/Inc -I../Drivers/STM32F0xx_HAL_Driver/Inc -I../Drivers/STM32F0xx_HAL_Driver/Inc/Legacy -I../Drivers/CMSIS/Device/ST/STM32F0xx/Include -I../Drivers/CMSIS/Include -O0 -ffunction-sections -fdata-sections -Wall -fstack-usage -fcyclomatic-complexity -MMD -MP -MF"Core/Src/BLDC.d" -MT"Core/Src/BLDC.o" --specs=nano.specs -mfloat-abi=soft -mthumb -o "Core/Src/BLDC.o"
arm-none-eabi-gcc -o "BLDC_STM32F030R8T6.elf" @"objects.list"   -mcpu=cortex-m0 -T"C:\Users\kzhou\Desktop\RF projects\Git\STM32\STM32-learning\Projects\STM32F0\BLDC_Controller\BLDC_STM32F030R8T6\STM32F030R8TX_FLASH.ld" --specs=nosys.specs -Wl,-Map="BLDC_STM32F030R8T6.map" -Wl,--gc-sections -static --specs=nano.specs -mfloat-abi=soft -mthumb -u _printf_float -u _scanf_float -Wl,--start-group -lc -lm -Wl,--end-group
Finished building target: BLDC_STM32F030R8T6.elf
 
arm-none-eabi-size   BLDC_STM32F030R8T6.elf 
arm-none-eabi-objdump -h -S  BLDC_STM32F030R8T6.elf  > "BLDC_STM32F030R8T6.list"
   text	   data	    bss	    dec	    hex	filename
  55048	    532	   2508	  58088	   e2e8	BLDC_STM32F030R8T6.elf
Finished building: default.size.stdout
 
Finished building: BLDC_STM32F030R8T6.list
 
01:34:34 **** Incremental Build of configuration Debug for project BLDC_STM32F030R8T6 ****
make -j8 all 
arm-none-eabi-gcc "../Core/Src/BLDC.c" -mcpu=cortex-m0 -std=gnu11 -g3 -DDEBUG -DUSE_HAL_DRIVER -DSTM32F030x8 -c -I../Core/Inc -I../Drivers/STM32F0xx_HAL_Driver/Inc -I../Drivers/STM32F0xx_HAL_Driver/Inc/Legacy -I../Drivers/CMSIS/Device/ST/STM32F0xx/Include -I../Drivers/CMSIS/Include -O0 -ffunction-sections -fdata-sections -Wall -fstack-usage -fcyclomatic-complexity -MMD -MP -MF"Core/Src/BLDC.d" -MT"Core/Src/BLDC.o" --specs=nano.specs -mfloat-abi=soft -mthumb -o "Core/Src/BLDC.o"
arm-none-eabi-gcc -o "BLDC_STM32F030R8T6.elf" @"objects.list"   -mcpu=cortex-m0 -T"C:\Users\kzhou\Desktop\RF projects\Git\STM32\STM32-learning\Projects\STM32F0\BLDC_Controller\BLDC_STM32F030R8T6\STM32F030R8TX_FLASH.ld" --specs=nosys.specs -Wl,-Map="BLDC_STM32F030R8T6.map" -Wl,--gc-sections -static --specs=nano.specs -mfloat-abi=soft -mthumb -u _printf_float -u _scanf_float -Wl,--start-group -lc -lm -Wl,--end-group
Finished building target: BLDC_STM32F030R8T6.elf
 
arm-none-eabi-size   BLDC_STM32F030R8T6.elf 
arm-none-eabi-objdump -h -S  BLDC_STM32F030R8T6.elf  > "BLDC_STM32F030R8T6.list"
   text	   data	    bss	    dec	    hex	filename
  55048	    532	   2508	  58088	   e2e8	BLDC_STM32F030R8T6.elf
Finished building: default.size.stdout
 
Finished building: BLDC_STM32F030R8T6.list
 
01:37:45 **** Incremental Build of configuration Debug for project BLDC_STM32F030R8T6 ****
make -j8 all 
arm-none-eabi-gcc "../Core/Src/BLDC.c" -mcpu=cortex-m0 -std=gnu11 -g3 -DDEBUG -DUSE_HAL_DRIVER -DSTM32F030x8 -c -I../Core/Inc -I../Drivers/STM32F0xx_HAL_Driver/Inc -I../Drivers/STM32F0xx_HAL_Driver/Inc/Legacy -I../Drivers/CMSIS/Device/ST/STM32F0xx/Include -I../Drivers/CMSIS/Include -O0 -ffunction-sections -fdata-sections -Wall -fstack-usage -fcyclomatic-complexity -MMD -MP -MF"Core/Src/BLDC.d" -MT"Core/Src/BLDC.o" --specs=nano.specs -mfloat-abi=soft -mthumb -o "Core/Src/BLDC.o"
arm-none-eabi-gcc "../Core/Src/Mymain.c" -mcpu=cortex-m0 -std=gnu11 -g3 -DDEBUG -DUSE_HAL_DRIVER -DSTM32F030x8 -c -I../Core/Inc -I../Drivers/STM32F0xx_HAL_Driver/Inc -I../Drivers/STM32F0xx_HAL_Driver/Inc/Legacy -I../Drivers/CMSIS/Device/ST/STM32F0xx/Include -I../Drivers/CMSIS/Include -O0 -ffunction-sections -fdata-sections -Wall -fstack-usage -fcyclomatic-complexity -MMD -MP -MF"Core/Src/Mymain.d" -MT"Core/Src/Mymain.o" --specs=nano.specs -mfloat-abi=soft -mthumb -o "Core/Src/Mymain.o"
arm-none-eabi-gcc -o "BLDC_STM32F030R8T6.elf" @"objects.list"   -mcpu=cortex-m0 -T"C:\Users\kzhou\Desktop\RF projects\Git\STM32\STM32-learning\Projects\STM32F0\BLDC_Controller\BLDC_STM32F030R8T6\STM32F030R8TX_FLASH.ld" --specs=nosys.specs -Wl,-Map="BLDC_STM32F030R8T6.map" -Wl,--gc-sections -static --specs=nano.specs -mfloat-abi=soft -mthumb -u _printf_float -u _scanf_float -Wl,--start-group -lc -lm -Wl,--end-group
Finished building target: BLDC_STM32F030R8T6.elf
 
arm-none-eabi-size   BLDC_STM32F030R8T6.elf 
arm-none-eabi-objdump -h -S  BLDC_STM32F030R8T6.elf  > "BLDC_STM32F030R8T6.list"
   text	   data	    bss	    dec	    hex	filename
  55048	    532	   2508	  58088	   e2e8	BLDC_STM32F030R8T6.elf
Finished building: default.size.stdout
 
Finished building: BLDC_STM32F030R8T6.list
 
01:38:25 **** Incremental Build of configuration Debug for project BLDC_STM32F030R8T6 ****
make -j8 all 
arm-none-eabi-gcc "../Core/Src/Mymain.c" -mcpu=cortex-m0 -std=gnu11 -g3 -DDEBUG -DUSE_HAL_DRIVER -DSTM32F030x8 -c -I../Core/Inc -I../Drivers/STM32F0xx_HAL_Driver/Inc -I../Drivers/STM32F0xx_HAL_Driver/Inc/Legacy -I../Drivers/CMSIS/Device/ST/STM32F0xx/Include -I../Drivers/CMSIS/Include -O0 -ffunction-sections -fdata-sections -Wall -fstack-usage -fcyclomatic-complexity -MMD -MP -MF"Core/Src/Mymain.d" -MT"Core/Src/Mymain.o" --specs=nano.specs -mfloat-abi=soft -mthumb -o "Core/Src/Mymain.o"
arm-none-eabi-gcc -o "BLDC_STM32F030R8T6.elf" @"objects.list"   -mcpu=cortex-m0 -T"C:\Users\kzhou\Desktop\RF projects\Git\STM32\STM32-learning\Projects\STM32F0\BLDC_Controller\BLDC_STM32F030R8T6\STM32F030R8TX_FLASH.ld" --specs=nosys.specs -Wl,-Map="BLDC_STM32F030R8T6.map" -Wl,--gc-sections -static --specs=nano.specs -mfloat-abi=soft -mthumb -u _printf_float -u _scanf_float -Wl,--start-group -lc -lm -Wl,--end-group
Finished building target: BLDC_STM32F030R8T6.elf
 
arm-none-eabi-size   BLDC_STM32F030R8T6.elf 
arm-none-eabi-objdump -h -S  BLDC_STM32F030R8T6.elf  > "BLDC_STM32F030R8T6.list"
   text	   data	    bss	    dec	    hex	filename
  55048	    532	   2508	  58088	   e2e8	BLDC_STM32F030R8T6.elf
Finished building: default.size.stdout
 
Finished building: BLDC_STM32F030R8T6.list
 
01:41:22 **** Incremental Build of configuration Debug for project BLDC_STM32F030R8T6 ****
make -j8 all 
arm-none-eabi-gcc "../Core/Src/BLDC.c" -mcpu=cortex-m0 -std=gnu11 -g3 -DDEBUG -DUSE_HAL_DRIVER -DSTM32F030x8 -c -I../Core/Inc -I../Drivers/STM32F0xx_HAL_Driver/Inc -I../Drivers/STM32F0xx_HAL_Driver/Inc/Legacy -I../Drivers/CMSIS/Device/ST/STM32F0xx/Include -I../Drivers/CMSIS/Include -O0 -ffunction-sections -fdata-sections -Wall -fstack-usage -fcyclomatic-complexity -MMD -MP -MF"Core/Src/BLDC.d" -MT"Core/Src/BLDC.o" --specs=nano.specs -mfloat-abi=soft -mthumb -o "Core/Src/BLDC.o"
arm-none-eabi-gcc -o "BLDC_STM32F030R8T6.elf" @"objects.list"   -mcpu=cortex-m0 -T"C:\Users\kzhou\Desktop\RF projects\Git\STM32\STM32-learning\Projects\STM32F0\BLDC_Controller\BLDC_STM32F030R8T6\STM32F030R8TX_FLASH.ld" --specs=nosys.specs -Wl,-Map="BLDC_STM32F030R8T6.map" -Wl,--gc-sections -static --specs=nano.specs -mfloat-abi=soft -mthumb -u _printf_float -u _scanf_float -Wl,--start-group -lc -lm -Wl,--end-group
Finished building target: BLDC_STM32F030R8T6.elf
 
arm-none-eabi-size   BLDC_STM32F030R8T6.elf 
arm-none-eabi-objdump -h -S  BLDC_STM32F030R8T6.elf  > "BLDC_STM32F030R8T6.list"
   text	   data	    bss	    dec	    hex	filename
  55052	    532	   2508	  58092	   e2ec	BLDC_STM32F030R8T6.elf
Finished building: default.size.stdout
 
Finished building: BLDC_STM32F030R8T6.list
 
01:43:09 **** Incremental Build of configuration Debug for project BLDC_STM32F030R8T6 ****
make -j8 all 
arm-none-eabi-gcc "../Core/Src/BLDC.c" -mcpu=cortex-m0 -std=gnu11 -g3 -DDEBUG -DUSE_HAL_DRIVER -DSTM32F030x8 -c -I../Core/Inc -I../Drivers/STM32F0xx_HAL_Driver/Inc -I../Drivers/STM32F0xx_HAL_Driver/Inc/Legacy -I../Drivers/CMSIS/Device/ST/STM32F0xx/Include -I../Drivers/CMSIS/Include -O0 -ffunction-sections -fdata-sections -Wall -fstack-usage -fcyclomatic-complexity -MMD -MP -MF"Core/Src/BLDC.d" -MT"Core/Src/BLDC.o" --specs=nano.specs -mfloat-abi=soft -mthumb -o "Core/Src/BLDC.o"
arm-none-eabi-gcc -o "BLDC_STM32F030R8T6.elf" @"objects.list"   -mcpu=cortex-m0 -T"C:\Users\kzhou\Desktop\RF projects\Git\STM32\STM32-learning\Projects\STM32F0\BLDC_Controller\BLDC_STM32F030R8T6\STM32F030R8TX_FLASH.ld" --specs=nosys.specs -Wl,-Map="BLDC_STM32F030R8T6.map" -Wl,--gc-sections -static --specs=nano.specs -mfloat-abi=soft -mthumb -u _printf_float -u _scanf_float -Wl,--start-group -lc -lm -Wl,--end-group
Finished building target: BLDC_STM32F030R8T6.elf
 
arm-none-eabi-size   BLDC_STM32F030R8T6.elf 
arm-none-eabi-objdump -h -S  BLDC_STM32F030R8T6.elf  > "BLDC_STM32F030R8T6.list"
   text	   data	    bss	    dec	    hex	filename
  55048	    532	   2508	  58088	   e2e8	BLDC_STM32F030R8T6.elf
Finished building: default.size.stdout
 
Finished building: BLDC_STM32F030R8T6.list
 
01:45:05 **** Incremental Build of configuration Debug for project BLDC_STM32F030R8T6 ****
make -j8 all 
arm-none-eabi-gcc "../Core/Src/BLDC.c" -mcpu=cortex-m0 -std=gnu11 -g3 -DDEBUG -DUSE_HAL_DRIVER -DSTM32F030x8 -c -I../Core/Inc -I../Drivers/STM32F0xx_HAL_Driver/Inc -I../Drivers/STM32F0xx_HAL_Driver/Inc/Legacy -I../Drivers/CMSIS/Device/ST/STM32F0xx/Include -I../Drivers/CMSIS/Include -O0 -ffunction-sections -fdata-sections -Wall -fstack-usage -fcyclomatic-complexity -MMD -MP -MF"Core/Src/BLDC.d" -MT"Core/Src/BLDC.o" --specs=nano.specs -mfloat-abi=soft -mthumb -o "Core/Src/BLDC.o"
arm-none-eabi-gcc -o "BLDC_STM32F030R8T6.elf" @"objects.list"   -mcpu=cortex-m0 -T"C:\Users\kzhou\Desktop\RF projects\Git\STM32\STM32-learning\Projects\STM32F0\BLDC_Controller\BLDC_STM32F030R8T6\STM32F030R8TX_FLASH.ld" --specs=nosys.specs -Wl,-Map="BLDC_STM32F030R8T6.map" -Wl,--gc-sections -static --specs=nano.specs -mfloat-abi=soft -mthumb -u _printf_float -u _scanf_float -Wl,--start-group -lc -lm -Wl,--end-group
Finished building target: BLDC_STM32F030R8T6.elf
 
arm-none-eabi-size   BLDC_STM32F030R8T6.elf 
arm-none-eabi-objdump -h -S  BLDC_STM32F030R8T6.elf  > "BLDC_STM32F030R8T6.list"
   text	   data	    bss	    dec	    hex	filename
  55048	    532	   2508	  58088	   e2e8	BLDC_STM32F030R8T6.elf
Finished building: default.size.stdout
 
Finished building: BLDC_STM32F030R8T6.list
 
