15:08:31 **** Incremental Build of configuration Debug for project BLDC_STM32F030R8T6 ****
make -j8 all 
arm-none-eabi-gcc "../Core/Src/Mymain.c" -mcpu=cortex-m0 -std=gnu11 -g3 -DDEBUG -DUSE_HAL_DRIVER -DSTM32F030x8 -c -I../Core/Inc -I../Drivers/STM32F0xx_HAL_Driver/Inc -I../Drivers/STM32F0xx_HAL_Driver/Inc/Legacy -I../Drivers/CMSIS/Device/ST/STM32F0xx/Include -I../Drivers/CMSIS/Include -O0 -ffunction-sections -fdata-sections -Wall -fstack-usage -fcyclomatic-complexity -MMD -MP -MF"Core/Src/Mymain.d" -MT"Core/Src/Mymain.o" --specs=nano.specs -mfloat-abi=soft -mthumb -o "Core/Src/Mymain.o"
../Core/Src/Mymain.c: In function 'HAL_TIM_PeriodElapsedCallback':
../Core/Src/Mymain.c:352:56: warning: unused variable 'short_rls_cnt' [-Wunused-variable]
  352 |                         static char count; static char short_rls_cnt = 0;
      |                                                        ^~~~~~~~~~~~~
../Core/Src/Mymain.c: In function 'HAL_UART_RxCpltCallback':
../Core/Src/Mymain.c:464:32: warning: pointer targets in passing argument 1 of 'sscanf' differ in signedness [-Wpointer-sign]
  464 |                         sscanf(rxbuf, "%[^P]", a);
      |                                ^~~~~
      |                                |
      |                                uint8_t * {aka unsigned char *}
In file included from ../Core/Inc/main.h:40,
                 from ../Core/Src/Mymain.c:20:
C:\ST\STM32CubeIDE_1.15.1\STM32CubeIDE\plugins\com.st.stm32cube.ide.mcu.externaltools.gnu-tools-for-stm32.12.3.rel1.win32_1.0.100.202403111256\tools\bin/../lib/gcc/arm-none-eabi/12.3.1/../../../../arm-none-eabi/include/stdio.h:210:17: note: expected 'const char * restrict' but argument is of type 'uint8_t *' {aka 'unsigned char *'}
  210 | int     sscanf (const char *__restrict, const char *__restrict, ...)
      |                 ^
../Core/Src/Mymain.c:474:32: warning: pointer targets in passing argument 1 of 'sscanf' differ in signedness [-Wpointer-sign]
  474 |                         sscanf(rxbuf, "%[^I]", a);
      |                                ^~~~~
      |                                |
      |                                uint8_t * {aka unsigned char *}
C:\ST\STM32CubeIDE_1.15.1\STM32CubeIDE\plugins\com.st.stm32cube.ide.mcu.externaltools.gnu-tools-for-stm32.12.3.rel1.win32_1.0.100.202403111256\tools\bin/../lib/gcc/arm-none-eabi/12.3.1/../../../../arm-none-eabi/include/stdio.h:210:17: note: expected 'const char * restrict' but argument is of type 'uint8_t *' {aka 'unsigned char *'}
  210 | int     sscanf (const char *__restrict, const char *__restrict, ...)
      |                 ^
../Core/Src/Mymain.c:486:40: warning: pointer targets in passing argument 1 of 'sscanf' differ in signedness [-Wpointer-sign]
  486 |                                 sscanf(rxbuf, "%[^D]", a);
      |                                        ^~~~~
      |                                        |
      |                                        uint8_t * {aka unsigned char *}
C:\ST\STM32CubeIDE_1.15.1\STM32CubeIDE\plugins\com.st.stm32cube.ide.mcu.externaltools.gnu-tools-for-stm32.12.3.rel1.win32_1.0.100.202403111256\tools\bin/../lib/gcc/arm-none-eabi/12.3.1/../../../../arm-none-eabi/include/stdio.h:210:17: note: expected 'const char * restrict' but argument is of type 'uint8_t *' {aka 'unsigned char *'}
  210 | int     sscanf (const char *__restrict, const char *__restrict, ...)
      |                 ^
arm-none-eabi-gcc -o "BLDC_STM32F030R8T6.elf" @"objects.list"   -mcpu=cortex-m0 -T"C:\Users\kzhou\Desktop\RF_projects\Git\STM32\STM32-learning\Projects\STM32F0\E-wagon STM32 project\Cube\BLDC_STM32F030R8T6\STM32F030R8TX_FLASH.ld" --specs=nosys.specs -Wl,-Map="BLDC_STM32F030R8T6.map" -Wl,--gc-sections -static --specs=nano.specs -mfloat-abi=soft -mthumb -u _printf_float -u _scanf_float -Wl,--start-group -lc -lm -Wl,--end-group
C:/ST/STM32CubeIDE_1.15.1/STM32CubeIDE/plugins/com.st.stm32cube.ide.mcu.externaltools.gnu-tools-for-stm32.12.3.rel1.win32_1.0.100.202403111256/tools/bin/../lib/gcc/arm-none-eabi/12.3.1/../../../../arm-none-eabi/bin/ld.exe: warning: BLDC_STM32F030R8T6.elf has a LOAD segment with RWX permissions
Finished building target: BLDC_STM32F030R8T6.elf
 
arm-none-eabi-size  BLDC_STM32F030R8T6.elf 
arm-none-eabi-objdump -h -S BLDC_STM32F030R8T6.elf  > "BLDC_STM32F030R8T6.list"
   text	   data	    bss	    dec	    hex	filename
  61268	    524	   3308	  65100	   fe4c	BLDC_STM32F030R8T6.elf
Finished building: default.size.stdout
 
Finished building: BLDC_STM32F030R8T6.list
 

15:08:32 Build Finished. 0 errors, 5 warnings. (took 824ms)

