12:17:27 **** Incremental Build of configuration Debug for project BLDC_STM32F030R8T6 ****
make -j8 all 
arm-none-eabi-gcc "../Core/Src/BLDC.c" -mcpu=cortex-m0 -std=gnu11 -g3 -DDEBUG -DUSE_HAL_DRIVER -DSTM32F030x8 -c -I../Core/Inc -I../Drivers/STM32F0xx_HAL_Driver/Inc -I../Drivers/STM32F0xx_HAL_Driver/Inc/Legacy -I../Drivers/CMSIS/Device/ST/STM32F0xx/Include -I../Drivers/CMSIS/Include -O0 -ffunction-sections -fdata-sections -Wall -fstack-usage -fcyclomatic-complexity -MMD -MP -MF"Core/Src/BLDC.d" -MT"Core/Src/BLDC.o" --specs=nano.specs -mfloat-abi=soft -mthumb -o "Core/Src/BLDC.o"
arm-none-eabi-gcc "../Core/Src/Mymain.c" -mcpu=cortex-m0 -std=gnu11 -g3 -DDEBUG -DUSE_HAL_DRIVER -DSTM32F030x8 -c -I../Core/Inc -I../Drivers/STM32F0xx_HAL_Driver/Inc -I../Drivers/STM32F0xx_HAL_Driver/Inc/Legacy -I../Drivers/CMSIS/Device/ST/STM32F0xx/Include -I../Drivers/CMSIS/Include -O0 -ffunction-sections -fdata-sections -Wall -fstack-usage -fcyclomatic-complexity -MMD -MP -MF"Core/Src/Mymain.d" -MT"Core/Src/Mymain.o" --specs=nano.specs -mfloat-abi=soft -mthumb -o "Core/Src/Mymain.o"
arm-none-eabi-gcc "../Core/Src/adc.c" -mcpu=cortex-m0 -std=gnu11 -g3 -DDEBUG -DUSE_HAL_DRIVER -DSTM32F030x8 -c -I../Core/Inc -I../Drivers/STM32F0xx_HAL_Driver/Inc -I../Drivers/STM32F0xx_HAL_Driver/Inc/Legacy -I../Drivers/CMSIS/Device/ST/STM32F0xx/Include -I../Drivers/CMSIS/Include -O0 -ffunction-sections -fdata-sections -Wall -fstack-usage -fcyclomatic-complexity -MMD -MP -MF"Core/Src/adc.d" -MT"Core/Src/adc.o" --specs=nano.specs -mfloat-abi=soft -mthumb -o "Core/Src/adc.o"
arm-none-eabi-gcc "../Core/Src/dma.c" -mcpu=cortex-m0 -std=gnu11 -g3 -DDEBUG -DUSE_HAL_DRIVER -DSTM32F030x8 -c -I../Core/Inc -I../Drivers/STM32F0xx_HAL_Driver/Inc -I../Drivers/STM32F0xx_HAL_Driver/Inc/Legacy -I../Drivers/CMSIS/Device/ST/STM32F0xx/Include -I../Drivers/CMSIS/Include -O0 -ffunction-sections -fdata-sections -Wall -fstack-usage -fcyclomatic-complexity -MMD -MP -MF"Core/Src/dma.d" -MT"Core/Src/dma.o" --specs=nano.specs -mfloat-abi=soft -mthumb -o "Core/Src/dma.o"
arm-none-eabi-gcc "../Core/Src/gpio.c" -mcpu=cortex-m0 -std=gnu11 -g3 -DDEBUG -DUSE_HAL_DRIVER -DSTM32F030x8 -c -I../Core/Inc -I../Drivers/STM32F0xx_HAL_Driver/Inc -I../Drivers/STM32F0xx_HAL_Driver/Inc/Legacy -I../Drivers/CMSIS/Device/ST/STM32F0xx/Include -I../Drivers/CMSIS/Include -O0 -ffunction-sections -fdata-sections -Wall -fstack-usage -fcyclomatic-complexity -MMD -MP -MF"Core/Src/gpio.d" -MT"Core/Src/gpio.o" --specs=nano.specs -mfloat-abi=soft -mthumb -o "Core/Src/gpio.o"
arm-none-eabi-gcc "../Core/Src/spi.c" -mcpu=cortex-m0 -std=gnu11 -g3 -DDEBUG -DUSE_HAL_DRIVER -DSTM32F030x8 -c -I../Core/Inc -I../Drivers/STM32F0xx_HAL_Driver/Inc -I../Drivers/STM32F0xx_HAL_Driver/Inc/Legacy -I../Drivers/CMSIS/Device/ST/STM32F0xx/Include -I../Drivers/CMSIS/Include -O0 -ffunction-sections -fdata-sections -Wall -fstack-usage -fcyclomatic-complexity -MMD -MP -MF"Core/Src/spi.d" -MT"Core/Src/spi.o" --specs=nano.specs -mfloat-abi=soft -mthumb -o "Core/Src/spi.o"
arm-none-eabi-gcc "../Core/Src/stm32f0xx_hal_msp.c" -mcpu=cortex-m0 -std=gnu11 -g3 -DDEBUG -DUSE_HAL_DRIVER -DSTM32F030x8 -c -I../Core/Inc -I../Drivers/STM32F0xx_HAL_Driver/Inc -I../Drivers/STM32F0xx_HAL_Driver/Inc/Legacy -I../Drivers/CMSIS/Device/ST/STM32F0xx/Include -I../Drivers/CMSIS/Include -O0 -ffunction-sections -fdata-sections -Wall -fstack-usage -fcyclomatic-complexity -MMD -MP -MF"Core/Src/stm32f0xx_hal_msp.d" -MT"Core/Src/stm32f0xx_hal_msp.o" --specs=nano.specs -mfloat-abi=soft -mthumb -o "Core/Src/stm32f0xx_hal_msp.o"
arm-none-eabi-gcc "../Core/Src/stm32f0xx_it.c" -mcpu=cortex-m0 -std=gnu11 -g3 -DDEBUG -DUSE_HAL_DRIVER -DSTM32F030x8 -c -I../Core/Inc -I../Drivers/STM32F0xx_HAL_Driver/Inc -I../Drivers/STM32F0xx_HAL_Driver/Inc/Legacy -I../Drivers/CMSIS/Device/ST/STM32F0xx/Include -I../Drivers/CMSIS/Include -O0 -ffunction-sections -fdata-sections -Wall -fstack-usage -fcyclomatic-complexity -MMD -MP -MF"Core/Src/stm32f0xx_it.d" -MT"Core/Src/stm32f0xx_it.o" --specs=nano.specs -mfloat-abi=soft -mthumb -o "Core/Src/stm32f0xx_it.o"
../Core/Src/Mymain.c: In function 'HAL_TIM_PeriodElapsedCallback':
../Core/Src/Mymain.c:352:56: warning: unused variable 'short_rls_cnt' [-Wunused-variable]
  352 |                         static char count; static char short_rls_cnt = 0;
      |                                                        ^~~~~~~~~~~~~
../Core/Src/Mymain.c: In function 'HAL_UART_RxCpltCallback':
../Core/Src/Mymain.c:464:32: warning: pointer targets in passing argument 1 of 'sscanf' differ in signedness [-Wpointer-sign]
  464 |                         sscanf(rxbuf, "%[^P]", a);
      |                                ^~~~~
      |                                |
      |                                uint8_t * {aka unsigned char *}
In file included from ../Core/Inc/main.h:40,
                 from ../Core/Src/Mymain.c:20:
C:\ST\STM32CubeIDE_1.15.1\STM32CubeIDE\plugins\com.st.stm32cube.ide.mcu.externaltools.gnu-tools-for-stm32.12.3.rel1.win32_1.0.100.202403111256\tools\bin/../lib/gcc/arm-none-eabi/12.3.1/../../../../arm-none-eabi/include/stdio.h:210:17: note: expected 'const char * restrict' but argument is of type 'uint8_t *' {aka 'unsigned char *'}
  210 | int     sscanf (const char *__restrict, const char *__restrict, ...)
      |                 ^
../Core/Src/Mymain.c:474:32: warning: pointer targets in passing argument 1 of 'sscanf' differ in signedness [-Wpointer-sign]
  474 |                         sscanf(rxbuf, "%[^I]", a);
      |                                ^~~~~
      |                                |
      |                                uint8_t * {aka unsigned char *}
C:\ST\STM32CubeIDE_1.15.1\STM32CubeIDE\plugins\com.st.stm32cube.ide.mcu.externaltools.gnu-tools-for-stm32.12.3.rel1.win32_1.0.100.202403111256\tools\bin/../lib/gcc/arm-none-eabi/12.3.1/../../../../arm-none-eabi/include/stdio.h:210:17: note: expected 'const char * restrict' but argument is of type 'uint8_t *' {aka 'unsigned char *'}
  210 | int     sscanf (const char *__restrict, const char *__restrict, ...)
      |                 ^
../Core/Src/Mymain.c:486:40: warning: pointer targets in passing argument 1 of 'sscanf' differ in signedness [-Wpointer-sign]
  486 |                                 sscanf(rxbuf, "%[^D]", a);
      |                                        ^~~~~
      |                                        |
      |                                        uint8_t * {aka unsigned char *}
C:\ST\STM32CubeIDE_1.15.1\STM32CubeIDE\plugins\com.st.stm32cube.ide.mcu.externaltools.gnu-tools-for-stm32.12.3.rel1.win32_1.0.100.202403111256\tools\bin/../lib/gcc/arm-none-eabi/12.3.1/../../../../arm-none-eabi/include/stdio.h:210:17: note: expected 'const char * restrict' but argument is of type 'uint8_t *' {aka 'unsigned char *'}
  210 | int     sscanf (const char *__restrict, const char *__restrict, ...)
      |                 ^
arm-none-eabi-gcc "../Core/Src/sw_spi.c" -mcpu=cortex-m0 -std=gnu11 -g3 -DDEBUG -DUSE_HAL_DRIVER -DSTM32F030x8 -c -I../Core/Inc -I../Drivers/STM32F0xx_HAL_Driver/Inc -I../Drivers/STM32F0xx_HAL_Driver/Inc/Legacy -I../Drivers/CMSIS/Device/ST/STM32F0xx/Include -I../Drivers/CMSIS/Include -O0 -ffunction-sections -fdata-sections -Wall -fstack-usage -fcyclomatic-complexity -MMD -MP -MF"Core/Src/sw_spi.d" -MT"Core/Src/sw_spi.o" --specs=nano.specs -mfloat-abi=soft -mthumb -o "Core/Src/sw_spi.o"
arm-none-eabi-gcc "../Core/Src/syscalls.c" -mcpu=cortex-m0 -std=gnu11 -g3 -DDEBUG -DUSE_HAL_DRIVER -DSTM32F030x8 -c -I../Core/Inc -I../Drivers/STM32F0xx_HAL_Driver/Inc -I../Drivers/STM32F0xx_HAL_Driver/Inc/Legacy -I../Drivers/CMSIS/Device/ST/STM32F0xx/Include -I../Drivers/CMSIS/Include -O0 -ffunction-sections -fdata-sections -Wall -fstack-usage -fcyclomatic-complexity -MMD -MP -MF"Core/Src/syscalls.d" -MT"Core/Src/syscalls.o" --specs=nano.specs -mfloat-abi=soft -mthumb -o "Core/Src/syscalls.o"
arm-none-eabi-gcc "../Core/Src/sysmem.c" -mcpu=cortex-m0 -std=gnu11 -g3 -DDEBUG -DUSE_HAL_DRIVER -DSTM32F030x8 -c -I../Core/Inc -I../Drivers/STM32F0xx_HAL_Driver/Inc -I../Drivers/STM32F0xx_HAL_Driver/Inc/Legacy -I../Drivers/CMSIS/Device/ST/STM32F0xx/Include -I../Drivers/CMSIS/Include -O0 -ffunction-sections -fdata-sections -Wall -fstack-usage -fcyclomatic-complexity -MMD -MP -MF"Core/Src/sysmem.d" -MT"Core/Src/sysmem.o" --specs=nano.specs -mfloat-abi=soft -mthumb -o "Core/Src/sysmem.o"
arm-none-eabi-gcc "../Core/Src/system_stm32f0xx.c" -mcpu=cortex-m0 -std=gnu11 -g3 -DDEBUG -DUSE_HAL_DRIVER -DSTM32F030x8 -c -I../Core/Inc -I../Drivers/STM32F0xx_HAL_Driver/Inc -I../Drivers/STM32F0xx_HAL_Driver/Inc/Legacy -I../Drivers/CMSIS/Device/ST/STM32F0xx/Include -I../Drivers/CMSIS/Include -O0 -ffunction-sections -fdata-sections -Wall -fstack-usage -fcyclomatic-complexity -MMD -MP -MF"Core/Src/system_stm32f0xx.d" -MT"Core/Src/system_stm32f0xx.o" --specs=nano.specs -mfloat-abi=soft -mthumb -o "Core/Src/system_stm32f0xx.o"
arm-none-eabi-gcc "../Core/Src/tim.c" -mcpu=cortex-m0 -std=gnu11 -g3 -DDEBUG -DUSE_HAL_DRIVER -DSTM32F030x8 -c -I../Core/Inc -I../Drivers/STM32F0xx_HAL_Driver/Inc -I../Drivers/STM32F0xx_HAL_Driver/Inc/Legacy -I../Drivers/CMSIS/Device/ST/STM32F0xx/Include -I../Drivers/CMSIS/Include -O0 -ffunction-sections -fdata-sections -Wall -fstack-usage -fcyclomatic-complexity -MMD -MP -MF"Core/Src/tim.d" -MT"Core/Src/tim.o" --specs=nano.specs -mfloat-abi=soft -mthumb -o "Core/Src/tim.o"
arm-none-eabi-gcc "../Core/Src/usart.c" -mcpu=cortex-m0 -std=gnu11 -g3 -DDEBUG -DUSE_HAL_DRIVER -DSTM32F030x8 -c -I../Core/Inc -I../Drivers/STM32F0xx_HAL_Driver/Inc -I../Drivers/STM32F0xx_HAL_Driver/Inc/Legacy -I../Drivers/CMSIS/Device/ST/STM32F0xx/Include -I../Drivers/CMSIS/Include -O0 -ffunction-sections -fdata-sections -Wall -fstack-usage -fcyclomatic-complexity -MMD -MP -MF"Core/Src/usart.d" -MT"Core/Src/usart.o" --specs=nano.specs -mfloat-abi=soft -mthumb -o "Core/Src/usart.o"
arm-none-eabi-gcc -o "BLDC_STM32F030R8T6.elf" @"objects.list"   -mcpu=cortex-m0 -T"C:\Users\kzhou\Desktop\RF_projects\Git\STM32\STM32-learning\Projects\STM32F0\E-wagon STM32 project\Cube\BLDC_STM32F030R8T6\STM32F030R8TX_FLASH.ld" --specs=nosys.specs -Wl,-Map="BLDC_STM32F030R8T6.map" -Wl,--gc-sections -static --specs=nano.specs -mfloat-abi=soft -mthumb -u _printf_float -u _scanf_float -Wl,--start-group -lc -lm -Wl,--end-group
C:/ST/STM32CubeIDE_1.15.1/STM32CubeIDE/plugins/com.st.stm32cube.ide.mcu.externaltools.gnu-tools-for-stm32.12.3.rel1.win32_1.0.100.202403111256/tools/bin/../lib/gcc/arm-none-eabi/12.3.1/../../../../arm-none-eabi/bin/ld.exe: warning: BLDC_STM32F030R8T6.elf has a LOAD segment with RWX permissions
Finished building target: BLDC_STM32F030R8T6.elf
 
arm-none-eabi-size  BLDC_STM32F030R8T6.elf 
arm-none-eabi-objdump -h -S BLDC_STM32F030R8T6.elf  > "BLDC_STM32F030R8T6.list"
   text	   data	    bss	    dec	    hex	filename
  61548	    524	   3308	  65380	   ff64	BLDC_STM32F030R8T6.elf
Finished building: default.size.stdout
 
Finished building: BLDC_STM32F030R8T6.list
 
15:08:46 **** Incremental Build of configuration Debug for project BLDC_STM32F030R8T6 ****
make -j8 all 
arm-none-eabi-gcc "../Core/Src/tim.c" -mcpu=cortex-m0 -std=gnu11 -g3 -DDEBUG -DUSE_HAL_DRIVER -DSTM32F030x8 -c -I../Core/Inc -I../Drivers/STM32F0xx_HAL_Driver/Inc -I../Drivers/STM32F0xx_HAL_Driver/Inc/Legacy -I../Drivers/CMSIS/Device/ST/STM32F0xx/Include -I../Drivers/CMSIS/Include -O0 -ffunction-sections -fdata-sections -Wall -fstack-usage -fcyclomatic-complexity -MMD -MP -MF"Core/Src/tim.d" -MT"Core/Src/tim.o" --specs=nano.specs -mfloat-abi=soft -mthumb -o "Core/Src/tim.o"
arm-none-eabi-gcc -o "BLDC_STM32F030R8T6.elf" @"objects.list"   -mcpu=cortex-m0 -T"C:\Users\kzhou\Desktop\RF_projects\Git\STM32\STM32-learning\Projects\STM32F0\E-wagon STM32 project\Cube\BLDC_STM32F030R8T6\STM32F030R8TX_FLASH.ld" --specs=nosys.specs -Wl,-Map="BLDC_STM32F030R8T6.map" -Wl,--gc-sections -static --specs=nano.specs -mfloat-abi=soft -mthumb -u _printf_float -u _scanf_float -Wl,--start-group -lc -lm -Wl,--end-group
C:/ST/STM32CubeIDE_1.15.1/STM32CubeIDE/plugins/com.st.stm32cube.ide.mcu.externaltools.gnu-tools-for-stm32.12.3.rel1.win32_1.0.100.202403111256/tools/bin/../lib/gcc/arm-none-eabi/12.3.1/../../../../arm-none-eabi/bin/ld.exe: warning: BLDC_STM32F030R8T6.elf has a LOAD segment with RWX permissions
Finished building target: BLDC_STM32F030R8T6.elf
 
arm-none-eabi-size  BLDC_STM32F030R8T6.elf 
arm-none-eabi-objdump -h -S BLDC_STM32F030R8T6.elf  > "BLDC_STM32F030R8T6.list"
   text	   data	    bss	    dec	    hex	filename
  61548	    524	   3308	  65380	   ff64	BLDC_STM32F030R8T6.elf
Finished building: default.size.stdout
 
Finished building: BLDC_STM32F030R8T6.list
 
15:09:47 **** Incremental Build of configuration Debug for project BLDC_STM32F030R8T6 ****
make -j8 all 
arm-none-eabi-size  BLDC_STM32F030R8T6.elf 
   text	   data	    bss	    dec	    hex	filename
  61548	    524	   3308	  65380	   ff64	BLDC_STM32F030R8T6.elf
Finished building: default.size.stdout
 
15:12:37 **** Incremental Build of configuration Debug for project BLDC_STM32F030R8T6 ****
make -j8 all 
arm-none-eabi-gcc "../Core/Src/Mymain.c" -mcpu=cortex-m0 -std=gnu11 -g3 -DDEBUG -DUSE_HAL_DRIVER -DSTM32F030x8 -c -I../Core/Inc -I../Drivers/STM32F0xx_HAL_Driver/Inc -I../Drivers/STM32F0xx_HAL_Driver/Inc/Legacy -I../Drivers/CMSIS/Device/ST/STM32F0xx/Include -I../Drivers/CMSIS/Include -O0 -ffunction-sections -fdata-sections -Wall -fstack-usage -fcyclomatic-complexity -MMD -MP -MF"Core/Src/Mymain.d" -MT"Core/Src/Mymain.o" --specs=nano.specs -mfloat-abi=soft -mthumb -o "Core/Src/Mymain.o"
../Core/Src/Mymain.c: In function 'HAL_UART_RxCpltCallback':
../Core/Src/Mymain.c:464:32: warning: pointer targets in passing argument 1 of 'sscanf' differ in signedness [-Wpointer-sign]
  464 |                         sscanf(rxbuf, "%[^P]", a);
      |                                ^~~~~
      |                                |
      |                                uint8_t * {aka unsigned char *}
In file included from ../Core/Inc/main.h:40,
                 from ../Core/Src/Mymain.c:20:
C:\ST\STM32CubeIDE_1.15.1\STM32CubeIDE\plugins\com.st.stm32cube.ide.mcu.externaltools.gnu-tools-for-stm32.12.3.rel1.win32_1.0.100.202403111256\tools\bin/../lib/gcc/arm-none-eabi/12.3.1/../../../../arm-none-eabi/include/stdio.h:210:17: note: expected 'const char * restrict' but argument is of type 'uint8_t *' {aka 'unsigned char *'}
  210 | int     sscanf (const char *__restrict, const char *__restrict, ...)
      |                 ^
../Core/Src/Mymain.c:474:32: warning: pointer targets in passing argument 1 of 'sscanf' differ in signedness [-Wpointer-sign]
  474 |                         sscanf(rxbuf, "%[^I]", a);
      |                                ^~~~~
      |                                |
      |                                uint8_t * {aka unsigned char *}
C:\ST\STM32CubeIDE_1.15.1\STM32CubeIDE\plugins\com.st.stm32cube.ide.mcu.externaltools.gnu-tools-for-stm32.12.3.rel1.win32_1.0.100.202403111256\tools\bin/../lib/gcc/arm-none-eabi/12.3.1/../../../../arm-none-eabi/include/stdio.h:210:17: note: expected 'const char * restrict' but argument is of type 'uint8_t *' {aka 'unsigned char *'}
  210 | int     sscanf (const char *__restrict, const char *__restrict, ...)
      |                 ^
../Core/Src/Mymain.c:486:40: warning: pointer targets in passing argument 1 of 'sscanf' differ in signedness [-Wpointer-sign]
  486 |                                 sscanf(rxbuf, "%[^D]", a);
      |                                        ^~~~~
      |                                        |
      |                                        uint8_t * {aka unsigned char *}
C:\ST\STM32CubeIDE_1.15.1\STM32CubeIDE\plugins\com.st.stm32cube.ide.mcu.externaltools.gnu-tools-for-stm32.12.3.rel1.win32_1.0.100.202403111256\tools\bin/../lib/gcc/arm-none-eabi/12.3.1/../../../../arm-none-eabi/include/stdio.h:210:17: note: expected 'const char * restrict' but argument is of type 'uint8_t *' {aka 'unsigned char *'}
  210 | int     sscanf (const char *__restrict, const char *__restrict, ...)
      |                 ^
arm-none-eabi-gcc -o "BLDC_STM32F030R8T6.elf" @"objects.list"   -mcpu=cortex-m0 -T"C:\Users\kzhou\Desktop\RF_projects\Git\STM32\STM32-learning\Projects\STM32F0\E-wagon STM32 project\Cube\BLDC_STM32F030R8T6\STM32F030R8TX_FLASH.ld" --specs=nosys.specs -Wl,-Map="BLDC_STM32F030R8T6.map" -Wl,--gc-sections -static --specs=nano.specs -mfloat-abi=soft -mthumb -u _printf_float -u _scanf_float -Wl,--start-group -lc -lm -Wl,--end-group
C:/ST/STM32CubeIDE_1.15.1/STM32CubeIDE/plugins/com.st.stm32cube.ide.mcu.externaltools.gnu-tools-for-stm32.12.3.rel1.win32_1.0.100.202403111256/tools/bin/../lib/gcc/arm-none-eabi/12.3.1/../../../../arm-none-eabi/bin/ld.exe: warning: BLDC_STM32F030R8T6.elf has a LOAD segment with RWX permissions
Finished building target: BLDC_STM32F030R8T6.elf
 
arm-none-eabi-size  BLDC_STM32F030R8T6.elf 
arm-none-eabi-objdump -h -S BLDC_STM32F030R8T6.elf  > "BLDC_STM32F030R8T6.list"
   text	   data	    bss	    dec	    hex	filename
  61412	    524	   3308	  65244	   fedc	BLDC_STM32F030R8T6.elf
Finished building: default.size.stdout
 
Finished building: BLDC_STM32F030R8T6.list
 
16:01:35 **** Incremental Build of configuration Debug for project BLDC_STM32F030R8T6 ****
make -j8 all 
arm-none-eabi-gcc "../Core/Src/tim.c" -mcpu=cortex-m0 -std=gnu11 -g3 -DDEBUG -DUSE_HAL_DRIVER -DSTM32F030x8 -c -I../Core/Inc -I../Drivers/STM32F0xx_HAL_Driver/Inc -I../Drivers/STM32F0xx_HAL_Driver/Inc/Legacy -I../Drivers/CMSIS/Device/ST/STM32F0xx/Include -I../Drivers/CMSIS/Include -O0 -ffunction-sections -fdata-sections -Wall -fstack-usage -fcyclomatic-complexity -MMD -MP -MF"Core/Src/tim.d" -MT"Core/Src/tim.o" --specs=nano.specs -mfloat-abi=soft -mthumb -o "Core/Src/tim.o"
arm-none-eabi-gcc -o "BLDC_STM32F030R8T6.elf" @"objects.list"   -mcpu=cortex-m0 -T"C:\Users\kzhou\Desktop\RF_projects\Git\STM32\STM32-learning\Projects\STM32F0\E-wagon STM32 project\Cube\BLDC_STM32F030R8T6\STM32F030R8TX_FLASH.ld" --specs=nosys.specs -Wl,-Map="BLDC_STM32F030R8T6.map" -Wl,--gc-sections -static --specs=nano.specs -mfloat-abi=soft -mthumb -u _printf_float -u _scanf_float -Wl,--start-group -lc -lm -Wl,--end-group
C:/ST/STM32CubeIDE_1.15.1/STM32CubeIDE/plugins/com.st.stm32cube.ide.mcu.externaltools.gnu-tools-for-stm32.12.3.rel1.win32_1.0.100.202403111256/tools/bin/../lib/gcc/arm-none-eabi/12.3.1/../../../../arm-none-eabi/bin/ld.exe: warning: BLDC_STM32F030R8T6.elf has a LOAD segment with RWX permissions
Finished building target: BLDC_STM32F030R8T6.elf
 
arm-none-eabi-size  BLDC_STM32F030R8T6.elf 
arm-none-eabi-objdump -h -S BLDC_STM32F030R8T6.elf  > "BLDC_STM32F030R8T6.list"
   text	   data	    bss	    dec	    hex	filename
  61412	    524	   3308	  65244	   fedc	BLDC_STM32F030R8T6.elf
Finished building: default.size.stdout
 
Finished building: BLDC_STM32F030R8T6.list
 
16:04:19 **** Incremental Build of configuration Debug for project BLDC_STM32F030R8T6 ****
make -j8 all 
arm-none-eabi-gcc "../Core/Src/Mymain.c" -mcpu=cortex-m0 -std=gnu11 -g3 -DDEBUG -DUSE_HAL_DRIVER -DSTM32F030x8 -c -I../Core/Inc -I../Drivers/STM32F0xx_HAL_Driver/Inc -I../Drivers/STM32F0xx_HAL_Driver/Inc/Legacy -I../Drivers/CMSIS/Device/ST/STM32F0xx/Include -I../Drivers/CMSIS/Include -O0 -ffunction-sections -fdata-sections -Wall -fstack-usage -fcyclomatic-complexity -MMD -MP -MF"Core/Src/Mymain.d" -MT"Core/Src/Mymain.o" --specs=nano.specs -mfloat-abi=soft -mthumb -o "Core/Src/Mymain.o"
../Core/Src/Mymain.c: In function 'HAL_UART_RxCpltCallback':
../Core/Src/Mymain.c:464:32: warning: pointer targets in passing argument 1 of 'sscanf' differ in signedness [-Wpointer-sign]
  464 |                         sscanf(rxbuf, "%[^P]", a);
      |                                ^~~~~
      |                                |
      |                                uint8_t * {aka unsigned char *}
In file included from ../Core/Inc/main.h:40,
                 from ../Core/Src/Mymain.c:20:
C:\ST\STM32CubeIDE_1.15.1\STM32CubeIDE\plugins\com.st.stm32cube.ide.mcu.externaltools.gnu-tools-for-stm32.12.3.rel1.win32_1.0.100.202403111256\tools\bin/../lib/gcc/arm-none-eabi/12.3.1/../../../../arm-none-eabi/include/stdio.h:210:17: note: expected 'const char * restrict' but argument is of type 'uint8_t *' {aka 'unsigned char *'}
  210 | int     sscanf (const char *__restrict, const char *__restrict, ...)
      |                 ^
../Core/Src/Mymain.c:474:32: warning: pointer targets in passing argument 1 of 'sscanf' differ in signedness [-Wpointer-sign]
  474 |                         sscanf(rxbuf, "%[^I]", a);
      |                                ^~~~~
      |                                |
      |                                uint8_t * {aka unsigned char *}
C:\ST\STM32CubeIDE_1.15.1\STM32CubeIDE\plugins\com.st.stm32cube.ide.mcu.externaltools.gnu-tools-for-stm32.12.3.rel1.win32_1.0.100.202403111256\tools\bin/../lib/gcc/arm-none-eabi/12.3.1/../../../../arm-none-eabi/include/stdio.h:210:17: note: expected 'const char * restrict' but argument is of type 'uint8_t *' {aka 'unsigned char *'}
  210 | int     sscanf (const char *__restrict, const char *__restrict, ...)
      |                 ^
../Core/Src/Mymain.c:486:40: warning: pointer targets in passing argument 1 of 'sscanf' differ in signedness [-Wpointer-sign]
  486 |                                 sscanf(rxbuf, "%[^D]", a);
      |                                        ^~~~~
      |                                        |
      |                                        uint8_t * {aka unsigned char *}
C:\ST\STM32CubeIDE_1.15.1\STM32CubeIDE\plugins\com.st.stm32cube.ide.mcu.externaltools.gnu-tools-for-stm32.12.3.rel1.win32_1.0.100.202403111256\tools\bin/../lib/gcc/arm-none-eabi/12.3.1/../../../../arm-none-eabi/include/stdio.h:210:17: note: expected 'const char * restrict' but argument is of type 'uint8_t *' {aka 'unsigned char *'}
  210 | int     sscanf (const char *__restrict, const char *__restrict, ...)
      |                 ^
arm-none-eabi-gcc -o "BLDC_STM32F030R8T6.elf" @"objects.list"   -mcpu=cortex-m0 -T"C:\Users\kzhou\Desktop\RF_projects\Git\STM32\STM32-learning\Projects\STM32F0\E-wagon STM32 project\Cube\BLDC_STM32F030R8T6\STM32F030R8TX_FLASH.ld" --specs=nosys.specs -Wl,-Map="BLDC_STM32F030R8T6.map" -Wl,--gc-sections -static --specs=nano.specs -mfloat-abi=soft -mthumb -u _printf_float -u _scanf_float -Wl,--start-group -lc -lm -Wl,--end-group
C:/ST/STM32CubeIDE_1.15.1/STM32CubeIDE/plugins/com.st.stm32cube.ide.mcu.externaltools.gnu-tools-for-stm32.12.3.rel1.win32_1.0.100.202403111256/tools/bin/../lib/gcc/arm-none-eabi/12.3.1/../../../../arm-none-eabi/bin/ld.exe: warning: BLDC_STM32F030R8T6.elf has a LOAD segment with RWX permissions
Finished building target: BLDC_STM32F030R8T6.elf
 
arm-none-eabi-size  BLDC_STM32F030R8T6.elf 
arm-none-eabi-objdump -h -S BLDC_STM32F030R8T6.elf  > "BLDC_STM32F030R8T6.list"
   text	   data	    bss	    dec	    hex	filename
  61400	    524	   3308	  65232	   fed0	BLDC_STM32F030R8T6.elf
Finished building: default.size.stdout
 
Finished building: BLDC_STM32F030R8T6.list
 
08:45:38 **** Incremental Build of configuration Debug for project BLDC_STM32F030R8T6 ****
make -j8 all 
arm-none-eabi-gcc "../Core/Src/BLDC.c" -mcpu=cortex-m0 -std=gnu11 -g3 -DDEBUG -DUSE_HAL_DRIVER -DSTM32F030x8 -c -I../Core/Inc -I../Drivers/STM32F0xx_HAL_Driver/Inc -I../Drivers/STM32F0xx_HAL_Driver/Inc/Legacy -I../Drivers/CMSIS/Device/ST/STM32F0xx/Include -I../Drivers/CMSIS/Include -O0 -ffunction-sections -fdata-sections -Wall -fstack-usage -fcyclomatic-complexity -MMD -MP -MF"Core/Src/BLDC.d" -MT"Core/Src/BLDC.o" --specs=nano.specs -mfloat-abi=soft -mthumb -o "Core/Src/BLDC.o"
arm-none-eabi-gcc "../Core/Src/Mymain.c" -mcpu=cortex-m0 -std=gnu11 -g3 -DDEBUG -DUSE_HAL_DRIVER -DSTM32F030x8 -c -I../Core/Inc -I../Drivers/STM32F0xx_HAL_Driver/Inc -I../Drivers/STM32F0xx_HAL_Driver/Inc/Legacy -I../Drivers/CMSIS/Device/ST/STM32F0xx/Include -I../Drivers/CMSIS/Include -O0 -ffunction-sections -fdata-sections -Wall -fstack-usage -fcyclomatic-complexity -MMD -MP -MF"Core/Src/Mymain.d" -MT"Core/Src/Mymain.o" --specs=nano.specs -mfloat-abi=soft -mthumb -o "Core/Src/Mymain.o"
arm-none-eabi-gcc "../Core/Src/adc.c" -mcpu=cortex-m0 -std=gnu11 -g3 -DDEBUG -DUSE_HAL_DRIVER -DSTM32F030x8 -c -I../Core/Inc -I../Drivers/STM32F0xx_HAL_Driver/Inc -I../Drivers/STM32F0xx_HAL_Driver/Inc/Legacy -I../Drivers/CMSIS/Device/ST/STM32F0xx/Include -I../Drivers/CMSIS/Include -O0 -ffunction-sections -fdata-sections -Wall -fstack-usage -fcyclomatic-complexity -MMD -MP -MF"Core/Src/adc.d" -MT"Core/Src/adc.o" --specs=nano.specs -mfloat-abi=soft -mthumb -o "Core/Src/adc.o"
arm-none-eabi-gcc "../Core/Src/dma.c" -mcpu=cortex-m0 -std=gnu11 -g3 -DDEBUG -DUSE_HAL_DRIVER -DSTM32F030x8 -c -I../Core/Inc -I../Drivers/STM32F0xx_HAL_Driver/Inc -I../Drivers/STM32F0xx_HAL_Driver/Inc/Legacy -I../Drivers/CMSIS/Device/ST/STM32F0xx/Include -I../Drivers/CMSIS/Include -O0 -ffunction-sections -fdata-sections -Wall -fstack-usage -fcyclomatic-complexity -MMD -MP -MF"Core/Src/dma.d" -MT"Core/Src/dma.o" --specs=nano.specs -mfloat-abi=soft -mthumb -o "Core/Src/dma.o"
arm-none-eabi-gcc "../Core/Src/gpio.c" -mcpu=cortex-m0 -std=gnu11 -g3 -DDEBUG -DUSE_HAL_DRIVER -DSTM32F030x8 -c -I../Core/Inc -I../Drivers/STM32F0xx_HAL_Driver/Inc -I../Drivers/STM32F0xx_HAL_Driver/Inc/Legacy -I../Drivers/CMSIS/Device/ST/STM32F0xx/Include -I../Drivers/CMSIS/Include -O0 -ffunction-sections -fdata-sections -Wall -fstack-usage -fcyclomatic-complexity -MMD -MP -MF"Core/Src/gpio.d" -MT"Core/Src/gpio.o" --specs=nano.specs -mfloat-abi=soft -mthumb -o "Core/Src/gpio.o"
arm-none-eabi-gcc "../Core/Src/spi.c" -mcpu=cortex-m0 -std=gnu11 -g3 -DDEBUG -DUSE_HAL_DRIVER -DSTM32F030x8 -c -I../Core/Inc -I../Drivers/STM32F0xx_HAL_Driver/Inc -I../Drivers/STM32F0xx_HAL_Driver/Inc/Legacy -I../Drivers/CMSIS/Device/ST/STM32F0xx/Include -I../Drivers/CMSIS/Include -O0 -ffunction-sections -fdata-sections -Wall -fstack-usage -fcyclomatic-complexity -MMD -MP -MF"Core/Src/spi.d" -MT"Core/Src/spi.o" --specs=nano.specs -mfloat-abi=soft -mthumb -o "Core/Src/spi.o"
arm-none-eabi-gcc "../Core/Src/stm32f0xx_hal_msp.c" -mcpu=cortex-m0 -std=gnu11 -g3 -DDEBUG -DUSE_HAL_DRIVER -DSTM32F030x8 -c -I../Core/Inc -I../Drivers/STM32F0xx_HAL_Driver/Inc -I../Drivers/STM32F0xx_HAL_Driver/Inc/Legacy -I../Drivers/CMSIS/Device/ST/STM32F0xx/Include -I../Drivers/CMSIS/Include -O0 -ffunction-sections -fdata-sections -Wall -fstack-usage -fcyclomatic-complexity -MMD -MP -MF"Core/Src/stm32f0xx_hal_msp.d" -MT"Core/Src/stm32f0xx_hal_msp.o" --specs=nano.specs -mfloat-abi=soft -mthumb -o "Core/Src/stm32f0xx_hal_msp.o"
arm-none-eabi-gcc "../Core/Src/stm32f0xx_it.c" -mcpu=cortex-m0 -std=gnu11 -g3 -DDEBUG -DUSE_HAL_DRIVER -DSTM32F030x8 -c -I../Core/Inc -I../Drivers/STM32F0xx_HAL_Driver/Inc -I../Drivers/STM32F0xx_HAL_Driver/Inc/Legacy -I../Drivers/CMSIS/Device/ST/STM32F0xx/Include -I../Drivers/CMSIS/Include -O0 -ffunction-sections -fdata-sections -Wall -fstack-usage -fcyclomatic-complexity -MMD -MP -MF"Core/Src/stm32f0xx_it.d" -MT"Core/Src/stm32f0xx_it.o" --specs=nano.specs -mfloat-abi=soft -mthumb -o "Core/Src/stm32f0xx_it.o"
../Core/Src/Mymain.c: In function 'HAL_TIM_PeriodElapsedCallback':
../Core/Src/Mymain.c:354:56: warning: unused variable 'short_rls_cnt' [-Wunused-variable]
  354 |                         static char count; static char short_rls_cnt = 0;
      |                                                        ^~~~~~~~~~~~~
../Core/Src/Mymain.c: In function 'HAL_UART_RxCpltCallback':
../Core/Src/Mymain.c:466:32: warning: pointer targets in passing argument 1 of 'sscanf' differ in signedness [-Wpointer-sign]
  466 |                         sscanf(rxbuf, "%[^P]", a);
      |                                ^~~~~
      |                                |
      |                                uint8_t * {aka unsigned char *}
In file included from ../Core/Inc/main.h:40,
                 from ../Core/Src/Mymain.c:20:
C:\ST\STM32CubeIDE_1.15.1\STM32CubeIDE\plugins\com.st.stm32cube.ide.mcu.externaltools.gnu-tools-for-stm32.12.3.rel1.win32_1.0.100.202403111256\tools\bin/../lib/gcc/arm-none-eabi/12.3.1/../../../../arm-none-eabi/include/stdio.h:210:17: note: expected 'const char * restrict' but argument is of type 'uint8_t *' {aka 'unsigned char *'}
  210 | int     sscanf (const char *__restrict, const char *__restrict, ...)
      |                 ^
../Core/Src/Mymain.c:476:32: warning: pointer targets in passing argument 1 of 'sscanf' differ in signedness [-Wpointer-sign]
  476 |                         sscanf(rxbuf, "%[^I]", a);
      |                                ^~~~~
      |                                |
      |                                uint8_t * {aka unsigned char *}
C:\ST\STM32CubeIDE_1.15.1\STM32CubeIDE\plugins\com.st.stm32cube.ide.mcu.externaltools.gnu-tools-for-stm32.12.3.rel1.win32_1.0.100.202403111256\tools\bin/../lib/gcc/arm-none-eabi/12.3.1/../../../../arm-none-eabi/include/stdio.h:210:17: note: expected 'const char * restrict' but argument is of type 'uint8_t *' {aka 'unsigned char *'}
  210 | int     sscanf (const char *__restrict, const char *__restrict, ...)
      |                 ^
../Core/Src/Mymain.c:488:40: warning: pointer targets in passing argument 1 of 'sscanf' differ in signedness [-Wpointer-sign]
  488 |                                 sscanf(rxbuf, "%[^D]", a);
      |                                        ^~~~~
      |                                        |
      |                                        uint8_t * {aka unsigned char *}
C:\ST\STM32CubeIDE_1.15.1\STM32CubeIDE\plugins\com.st.stm32cube.ide.mcu.externaltools.gnu-tools-for-stm32.12.3.rel1.win32_1.0.100.202403111256\tools\bin/../lib/gcc/arm-none-eabi/12.3.1/../../../../arm-none-eabi/include/stdio.h:210:17: note: expected 'const char * restrict' but argument is of type 'uint8_t *' {aka 'unsigned char *'}
  210 | int     sscanf (const char *__restrict, const char *__restrict, ...)
      |                 ^
arm-none-eabi-gcc "../Core/Src/sw_spi.c" -mcpu=cortex-m0 -std=gnu11 -g3 -DDEBUG -DUSE_HAL_DRIVER -DSTM32F030x8 -c -I../Core/Inc -I../Drivers/STM32F0xx_HAL_Driver/Inc -I../Drivers/STM32F0xx_HAL_Driver/Inc/Legacy -I../Drivers/CMSIS/Device/ST/STM32F0xx/Include -I../Drivers/CMSIS/Include -O0 -ffunction-sections -fdata-sections -Wall -fstack-usage -fcyclomatic-complexity -MMD -MP -MF"Core/Src/sw_spi.d" -MT"Core/Src/sw_spi.o" --specs=nano.specs -mfloat-abi=soft -mthumb -o "Core/Src/sw_spi.o"
arm-none-eabi-gcc "../Core/Src/syscalls.c" -mcpu=cortex-m0 -std=gnu11 -g3 -DDEBUG -DUSE_HAL_DRIVER -DSTM32F030x8 -c -I../Core/Inc -I../Drivers/STM32F0xx_HAL_Driver/Inc -I../Drivers/STM32F0xx_HAL_Driver/Inc/Legacy -I../Drivers/CMSIS/Device/ST/STM32F0xx/Include -I../Drivers/CMSIS/Include -O0 -ffunction-sections -fdata-sections -Wall -fstack-usage -fcyclomatic-complexity -MMD -MP -MF"Core/Src/syscalls.d" -MT"Core/Src/syscalls.o" --specs=nano.specs -mfloat-abi=soft -mthumb -o "Core/Src/syscalls.o"
arm-none-eabi-gcc "../Core/Src/tim.c" -mcpu=cortex-m0 -std=gnu11 -g3 -DDEBUG -DUSE_HAL_DRIVER -DSTM32F030x8 -c -I../Core/Inc -I../Drivers/STM32F0xx_HAL_Driver/Inc -I../Drivers/STM32F0xx_HAL_Driver/Inc/Legacy -I../Drivers/CMSIS/Device/ST/STM32F0xx/Include -I../Drivers/CMSIS/Include -O0 -ffunction-sections -fdata-sections -Wall -fstack-usage -fcyclomatic-complexity -MMD -MP -MF"Core/Src/tim.d" -MT"Core/Src/tim.o" --specs=nano.specs -mfloat-abi=soft -mthumb -o "Core/Src/tim.o"
arm-none-eabi-gcc "../Core/Src/usart.c" -mcpu=cortex-m0 -std=gnu11 -g3 -DDEBUG -DUSE_HAL_DRIVER -DSTM32F030x8 -c -I../Core/Inc -I../Drivers/STM32F0xx_HAL_Driver/Inc -I../Drivers/STM32F0xx_HAL_Driver/Inc/Legacy -I../Drivers/CMSIS/Device/ST/STM32F0xx/Include -I../Drivers/CMSIS/Include -O0 -ffunction-sections -fdata-sections -Wall -fstack-usage -fcyclomatic-complexity -MMD -MP -MF"Core/Src/usart.d" -MT"Core/Src/usart.o" --specs=nano.specs -mfloat-abi=soft -mthumb -o "Core/Src/usart.o"
arm-none-eabi-gcc -o "BLDC_STM32F030R8T6.elf" @"objects.list"   -mcpu=cortex-m0 -T"C:\Users\kzhou\Desktop\RF_projects\Git\STM32\STM32-learning\Projects\STM32F0\E-wagon STM32 project\Cube\BLDC_STM32F030R8T6\STM32F030R8TX_FLASH.ld" --specs=nosys.specs -Wl,-Map="BLDC_STM32F030R8T6.map" -Wl,--gc-sections -static --specs=nano.specs -mfloat-abi=soft -mthumb -u _printf_float -u _scanf_float -Wl,--start-group -lc -lm -Wl,--end-group
C:/ST/STM32CubeIDE_1.15.1/STM32CubeIDE/plugins/com.st.stm32cube.ide.mcu.externaltools.gnu-tools-for-stm32.12.3.rel1.win32_1.0.100.202403111256/tools/bin/../lib/gcc/arm-none-eabi/12.3.1/../../../../arm-none-eabi/bin/ld.exe: warning: BLDC_STM32F030R8T6.elf has a LOAD segment with RWX permissions
Finished building target: BLDC_STM32F030R8T6.elf
 
arm-none-eabi-size  BLDC_STM32F030R8T6.elf 
arm-none-eabi-objdump -h -S BLDC_STM32F030R8T6.elf  > "BLDC_STM32F030R8T6.list"
   text	   data	    bss	    dec	    hex	filename
  61136	    524	   3308	  64968	   fdc8	BLDC_STM32F030R8T6.elf
Finished building: default.size.stdout
 
Finished building: BLDC_STM32F030R8T6.list
 
08:46:02 **** Incremental Build of configuration Debug for project BLDC_STM32F030R8T6 ****
make -j8 all 
arm-none-eabi-size  BLDC_STM32F030R8T6.elf 
   text	   data	    bss	    dec	    hex	filename
  61136	    524	   3308	  64968	   fdc8	BLDC_STM32F030R8T6.elf
Finished building: default.size.stdout
 
08:49:57 **** Incremental Build of configuration Debug for project BLDC_STM32F030R8T6 ****
make -j8 all 
arm-none-eabi-size  BLDC_STM32F030R8T6.elf 
   text	   data	    bss	    dec	    hex	filename
  61136	    524	   3308	  64968	   fdc8	BLDC_STM32F030R8T6.elf
Finished building: default.size.stdout
 
08:51:38 **** Incremental Build of configuration Debug for project BLDC_STM32F030R8T6 ****
make -j8 all 
arm-none-eabi-gcc "../Core/Src/Mymain.c" -mcpu=cortex-m0 -std=gnu11 -g3 -DDEBUG -DUSE_HAL_DRIVER -DSTM32F030x8 -c -I../Core/Inc -I../Drivers/STM32F0xx_HAL_Driver/Inc -I../Drivers/STM32F0xx_HAL_Driver/Inc/Legacy -I../Drivers/CMSIS/Device/ST/STM32F0xx/Include -I../Drivers/CMSIS/Include -O0 -ffunction-sections -fdata-sections -Wall -fstack-usage -fcyclomatic-complexity -MMD -MP -MF"Core/Src/Mymain.d" -MT"Core/Src/Mymain.o" --specs=nano.specs -mfloat-abi=soft -mthumb -o "Core/Src/Mymain.o"
../Core/Src/Mymain.c: In function 'HAL_UART_RxCpltCallback':
../Core/Src/Mymain.c:466:32: warning: pointer targets in passing argument 1 of 'sscanf' differ in signedness [-Wpointer-sign]
  466 |                         sscanf(rxbuf, "%[^P]", a);
      |                                ^~~~~
      |                                |
      |                                uint8_t * {aka unsigned char *}
In file included from ../Core/Inc/main.h:40,
                 from ../Core/Src/Mymain.c:20:
C:\ST\STM32CubeIDE_1.15.1\STM32CubeIDE\plugins\com.st.stm32cube.ide.mcu.externaltools.gnu-tools-for-stm32.12.3.rel1.win32_1.0.100.202403111256\tools\bin/../lib/gcc/arm-none-eabi/12.3.1/../../../../arm-none-eabi/include/stdio.h:210:17: note: expected 'const char * restrict' but argument is of type 'uint8_t *' {aka 'unsigned char *'}
  210 | int     sscanf (const char *__restrict, const char *__restrict, ...)
      |                 ^
../Core/Src/Mymain.c:476:32: warning: pointer targets in passing argument 1 of 'sscanf' differ in signedness [-Wpointer-sign]
  476 |                         sscanf(rxbuf, "%[^I]", a);
      |                                ^~~~~
      |                                |
      |                                uint8_t * {aka unsigned char *}
C:\ST\STM32CubeIDE_1.15.1\STM32CubeIDE\plugins\com.st.stm32cube.ide.mcu.externaltools.gnu-tools-for-stm32.12.3.rel1.win32_1.0.100.202403111256\tools\bin/../lib/gcc/arm-none-eabi/12.3.1/../../../../arm-none-eabi/include/stdio.h:210:17: note: expected 'const char * restrict' but argument is of type 'uint8_t *' {aka 'unsigned char *'}
  210 | int     sscanf (const char *__restrict, const char *__restrict, ...)
      |                 ^
../Core/Src/Mymain.c:488:40: warning: pointer targets in passing argument 1 of 'sscanf' differ in signedness [-Wpointer-sign]
  488 |                                 sscanf(rxbuf, "%[^D]", a);
      |                                        ^~~~~
      |                                        |
      |                                        uint8_t * {aka unsigned char *}
C:\ST\STM32CubeIDE_1.15.1\STM32CubeIDE\plugins\com.st.stm32cube.ide.mcu.externaltools.gnu-tools-for-stm32.12.3.rel1.win32_1.0.100.202403111256\tools\bin/../lib/gcc/arm-none-eabi/12.3.1/../../../../arm-none-eabi/include/stdio.h:210:17: note: expected 'const char * restrict' but argument is of type 'uint8_t *' {aka 'unsigned char *'}
  210 | int     sscanf (const char *__restrict, const char *__restrict, ...)
      |                 ^
arm-none-eabi-gcc -o "BLDC_STM32F030R8T6.elf" @"objects.list"   -mcpu=cortex-m0 -T"C:\Users\kzhou\Desktop\RF_projects\Git\STM32\STM32-learning\Projects\STM32F0\E-wagon STM32 project\Cube\BLDC_STM32F030R8T6\STM32F030R8TX_FLASH.ld" --specs=nosys.specs -Wl,-Map="BLDC_STM32F030R8T6.map" -Wl,--gc-sections -static --specs=nano.specs -mfloat-abi=soft -mthumb -u _printf_float -u _scanf_float -Wl,--start-group -lc -lm -Wl,--end-group
C:/ST/STM32CubeIDE_1.15.1/STM32CubeIDE/plugins/com.st.stm32cube.ide.mcu.externaltools.gnu-tools-for-stm32.12.3.rel1.win32_1.0.100.202403111256/tools/bin/../lib/gcc/arm-none-eabi/12.3.1/../../../../arm-none-eabi/bin/ld.exe: warning: BLDC_STM32F030R8T6.elf has a LOAD segment with RWX permissions
Finished building target: BLDC_STM32F030R8T6.elf
 
arm-none-eabi-size  BLDC_STM32F030R8T6.elf 
arm-none-eabi-objdump -h -S BLDC_STM32F030R8T6.elf  > "BLDC_STM32F030R8T6.list"
   text	   data	    bss	    dec	    hex	filename
  60988	    524	   3308	  64820	   fd34	BLDC_STM32F030R8T6.elf
Finished building: default.size.stdout
 
Finished building: BLDC_STM32F030R8T6.list
 
08:53:44 **** Incremental Build of configuration Debug for project BLDC_STM32F030R8T6 ****
make -j8 all 
arm-none-eabi-gcc "../Core/Src/tim.c" -mcpu=cortex-m0 -std=gnu11 -g3 -DDEBUG -DUSE_HAL_DRIVER -DSTM32F030x8 -c -I../Core/Inc -I../Drivers/STM32F0xx_HAL_Driver/Inc -I../Drivers/STM32F0xx_HAL_Driver/Inc/Legacy -I../Drivers/CMSIS/Device/ST/STM32F0xx/Include -I../Drivers/CMSIS/Include -O0 -ffunction-sections -fdata-sections -Wall -fstack-usage -fcyclomatic-complexity -MMD -MP -MF"Core/Src/tim.d" -MT"Core/Src/tim.o" --specs=nano.specs -mfloat-abi=soft -mthumb -o "Core/Src/tim.o"
arm-none-eabi-gcc -o "BLDC_STM32F030R8T6.elf" @"objects.list"   -mcpu=cortex-m0 -T"C:\Users\kzhou\Desktop\RF_projects\Git\STM32\STM32-learning\Projects\STM32F0\E-wagon STM32 project\Cube\BLDC_STM32F030R8T6\STM32F030R8TX_FLASH.ld" --specs=nosys.specs -Wl,-Map="BLDC_STM32F030R8T6.map" -Wl,--gc-sections -static --specs=nano.specs -mfloat-abi=soft -mthumb -u _printf_float -u _scanf_float -Wl,--start-group -lc -lm -Wl,--end-group
C:/ST/STM32CubeIDE_1.15.1/STM32CubeIDE/plugins/com.st.stm32cube.ide.mcu.externaltools.gnu-tools-for-stm32.12.3.rel1.win32_1.0.100.202403111256/tools/bin/../lib/gcc/arm-none-eabi/12.3.1/../../../../arm-none-eabi/bin/ld.exe: warning: BLDC_STM32F030R8T6.elf has a LOAD segment with RWX permissions
Finished building target: BLDC_STM32F030R8T6.elf
 
arm-none-eabi-size  BLDC_STM32F030R8T6.elf 
arm-none-eabi-objdump -h -S BLDC_STM32F030R8T6.elf  > "BLDC_STM32F030R8T6.list"
   text	   data	    bss	    dec	    hex	filename
  60988	    524	   3308	  64820	   fd34	BLDC_STM32F030R8T6.elf
Finished building: default.size.stdout
 
Finished building: BLDC_STM32F030R8T6.list
 
09:29:29 **** Incremental Build of configuration Debug for project BLDC_STM32F030R8T6 ****
make -j8 all 
arm-none-eabi-size  BLDC_STM32F030R8T6.elf 
   text	   data	    bss	    dec	    hex	filename
  60988	    524	   3308	  64820	   fd34	BLDC_STM32F030R8T6.elf
Finished building: default.size.stdout
 
09:33:40 **** Incremental Build of configuration Debug for project BLDC_STM32F030R8T6 ****
make -j8 all 
arm-none-eabi-gcc "../Core/Src/BLDC.c" -mcpu=cortex-m0 -std=gnu11 -g3 -DDEBUG -DUSE_HAL_DRIVER -DSTM32F030x8 -c -I../Core/Inc -I../Drivers/STM32F0xx_HAL_Driver/Inc -I../Drivers/STM32F0xx_HAL_Driver/Inc/Legacy -I../Drivers/CMSIS/Device/ST/STM32F0xx/Include -I../Drivers/CMSIS/Include -O0 -ffunction-sections -fdata-sections -Wall -fstack-usage -fcyclomatic-complexity -MMD -MP -MF"Core/Src/BLDC.d" -MT"Core/Src/BLDC.o" --specs=nano.specs -mfloat-abi=soft -mthumb -o "Core/Src/BLDC.o"
arm-none-eabi-gcc "../Core/Src/Mymain.c" -mcpu=cortex-m0 -std=gnu11 -g3 -DDEBUG -DUSE_HAL_DRIVER -DSTM32F030x8 -c -I../Core/Inc -I../Drivers/STM32F0xx_HAL_Driver/Inc -I../Drivers/STM32F0xx_HAL_Driver/Inc/Legacy -I../Drivers/CMSIS/Device/ST/STM32F0xx/Include -I../Drivers/CMSIS/Include -O0 -ffunction-sections -fdata-sections -Wall -fstack-usage -fcyclomatic-complexity -MMD -MP -MF"Core/Src/Mymain.d" -MT"Core/Src/Mymain.o" --specs=nano.specs -mfloat-abi=soft -mthumb -o "Core/Src/Mymain.o"
arm-none-eabi-gcc "../Core/Src/adc.c" -mcpu=cortex-m0 -std=gnu11 -g3 -DDEBUG -DUSE_HAL_DRIVER -DSTM32F030x8 -c -I../Core/Inc -I../Drivers/STM32F0xx_HAL_Driver/Inc -I../Drivers/STM32F0xx_HAL_Driver/Inc/Legacy -I../Drivers/CMSIS/Device/ST/STM32F0xx/Include -I../Drivers/CMSIS/Include -O0 -ffunction-sections -fdata-sections -Wall -fstack-usage -fcyclomatic-complexity -MMD -MP -MF"Core/Src/adc.d" -MT"Core/Src/adc.o" --specs=nano.specs -mfloat-abi=soft -mthumb -o "Core/Src/adc.o"
arm-none-eabi-gcc "../Core/Src/dma.c" -mcpu=cortex-m0 -std=gnu11 -g3 -DDEBUG -DUSE_HAL_DRIVER -DSTM32F030x8 -c -I../Core/Inc -I../Drivers/STM32F0xx_HAL_Driver/Inc -I../Drivers/STM32F0xx_HAL_Driver/Inc/Legacy -I../Drivers/CMSIS/Device/ST/STM32F0xx/Include -I../Drivers/CMSIS/Include -O0 -ffunction-sections -fdata-sections -Wall -fstack-usage -fcyclomatic-complexity -MMD -MP -MF"Core/Src/dma.d" -MT"Core/Src/dma.o" --specs=nano.specs -mfloat-abi=soft -mthumb -o "Core/Src/dma.o"
arm-none-eabi-gcc "../Core/Src/gpio.c" -mcpu=cortex-m0 -std=gnu11 -g3 -DDEBUG -DUSE_HAL_DRIVER -DSTM32F030x8 -c -I../Core/Inc -I../Drivers/STM32F0xx_HAL_Driver/Inc -I../Drivers/STM32F0xx_HAL_Driver/Inc/Legacy -I../Drivers/CMSIS/Device/ST/STM32F0xx/Include -I../Drivers/CMSIS/Include -O0 -ffunction-sections -fdata-sections -Wall -fstack-usage -fcyclomatic-complexity -MMD -MP -MF"Core/Src/gpio.d" -MT"Core/Src/gpio.o" --specs=nano.specs -mfloat-abi=soft -mthumb -o "Core/Src/gpio.o"
arm-none-eabi-gcc "../Core/Src/spi.c" -mcpu=cortex-m0 -std=gnu11 -g3 -DDEBUG -DUSE_HAL_DRIVER -DSTM32F030x8 -c -I../Core/Inc -I../Drivers/STM32F0xx_HAL_Driver/Inc -I../Drivers/STM32F0xx_HAL_Driver/Inc/Legacy -I../Drivers/CMSIS/Device/ST/STM32F0xx/Include -I../Drivers/CMSIS/Include -O0 -ffunction-sections -fdata-sections -Wall -fstack-usage -fcyclomatic-complexity -MMD -MP -MF"Core/Src/spi.d" -MT"Core/Src/spi.o" --specs=nano.specs -mfloat-abi=soft -mthumb -o "Core/Src/spi.o"
arm-none-eabi-gcc "../Core/Src/stm32f0xx_hal_msp.c" -mcpu=cortex-m0 -std=gnu11 -g3 -DDEBUG -DUSE_HAL_DRIVER -DSTM32F030x8 -c -I../Core/Inc -I../Drivers/STM32F0xx_HAL_Driver/Inc -I../Drivers/STM32F0xx_HAL_Driver/Inc/Legacy -I../Drivers/CMSIS/Device/ST/STM32F0xx/Include -I../Drivers/CMSIS/Include -O0 -ffunction-sections -fdata-sections -Wall -fstack-usage -fcyclomatic-complexity -MMD -MP -MF"Core/Src/stm32f0xx_hal_msp.d" -MT"Core/Src/stm32f0xx_hal_msp.o" --specs=nano.specs -mfloat-abi=soft -mthumb -o "Core/Src/stm32f0xx_hal_msp.o"
arm-none-eabi-gcc "../Core/Src/stm32f0xx_it.c" -mcpu=cortex-m0 -std=gnu11 -g3 -DDEBUG -DUSE_HAL_DRIVER -DSTM32F030x8 -c -I../Core/Inc -I../Drivers/STM32F0xx_HAL_Driver/Inc -I../Drivers/STM32F0xx_HAL_Driver/Inc/Legacy -I../Drivers/CMSIS/Device/ST/STM32F0xx/Include -I../Drivers/CMSIS/Include -O0 -ffunction-sections -fdata-sections -Wall -fstack-usage -fcyclomatic-complexity -MMD -MP -MF"Core/Src/stm32f0xx_it.d" -MT"Core/Src/stm32f0xx_it.o" --specs=nano.specs -mfloat-abi=soft -mthumb -o "Core/Src/stm32f0xx_it.o"
../Core/Src/Mymain.c: In function 'HAL_UART_RxCpltCallback':
../Core/Src/Mymain.c:466:32: warning: pointer targets in passing argument 1 of 'sscanf' differ in signedness [-Wpointer-sign]
  466 |                         sscanf(rxbuf, "%[^P]", a);
      |                                ^~~~~
      |                                |
      |                                uint8_t * {aka unsigned char *}
In file included from ../Core/Inc/main.h:40,
                 from ../Core/Src/Mymain.c:20:
C:\ST\STM32CubeIDE_1.15.1\STM32CubeIDE\plugins\com.st.stm32cube.ide.mcu.externaltools.gnu-tools-for-stm32.12.3.rel1.win32_1.0.100.202403111256\tools\bin/../lib/gcc/arm-none-eabi/12.3.1/../../../../arm-none-eabi/include/stdio.h:210:17: note: expected 'const char * restrict' but argument is of type 'uint8_t *' {aka 'unsigned char *'}
  210 | int     sscanf (const char *__restrict, const char *__restrict, ...)
      |                 ^
../Core/Src/Mymain.c:476:32: warning: pointer targets in passing argument 1 of 'sscanf' differ in signedness [-Wpointer-sign]
  476 |                         sscanf(rxbuf, "%[^I]", a);
      |                                ^~~~~
      |                                |
      |                                uint8_t * {aka unsigned char *}
C:\ST\STM32CubeIDE_1.15.1\STM32CubeIDE\plugins\com.st.stm32cube.ide.mcu.externaltools.gnu-tools-for-stm32.12.3.rel1.win32_1.0.100.202403111256\tools\bin/../lib/gcc/arm-none-eabi/12.3.1/../../../../arm-none-eabi/include/stdio.h:210:17: note: expected 'const char * restrict' but argument is of type 'uint8_t *' {aka 'unsigned char *'}
  210 | int     sscanf (const char *__restrict, const char *__restrict, ...)
      |                 ^
../Core/Src/Mymain.c:488:40: warning: pointer targets in passing argument 1 of 'sscanf' differ in signedness [-Wpointer-sign]
  488 |                                 sscanf(rxbuf, "%[^D]", a);
      |                                        ^~~~~
      |                                        |
      |                                        uint8_t * {aka unsigned char *}
C:\ST\STM32CubeIDE_1.15.1\STM32CubeIDE\plugins\com.st.stm32cube.ide.mcu.externaltools.gnu-tools-for-stm32.12.3.rel1.win32_1.0.100.202403111256\tools\bin/../lib/gcc/arm-none-eabi/12.3.1/../../../../arm-none-eabi/include/stdio.h:210:17: note: expected 'const char * restrict' but argument is of type 'uint8_t *' {aka 'unsigned char *'}
  210 | int     sscanf (const char *__restrict, const char *__restrict, ...)
      |                 ^
arm-none-eabi-gcc "../Core/Src/sw_spi.c" -mcpu=cortex-m0 -std=gnu11 -g3 -DDEBUG -DUSE_HAL_DRIVER -DSTM32F030x8 -c -I../Core/Inc -I../Drivers/STM32F0xx_HAL_Driver/Inc -I../Drivers/STM32F0xx_HAL_Driver/Inc/Legacy -I../Drivers/CMSIS/Device/ST/STM32F0xx/Include -I../Drivers/CMSIS/Include -O0 -ffunction-sections -fdata-sections -Wall -fstack-usage -fcyclomatic-complexity -MMD -MP -MF"Core/Src/sw_spi.d" -MT"Core/Src/sw_spi.o" --specs=nano.specs -mfloat-abi=soft -mthumb -o "Core/Src/sw_spi.o"
arm-none-eabi-gcc "../Core/Src/syscalls.c" -mcpu=cortex-m0 -std=gnu11 -g3 -DDEBUG -DUSE_HAL_DRIVER -DSTM32F030x8 -c -I../Core/Inc -I../Drivers/STM32F0xx_HAL_Driver/Inc -I../Drivers/STM32F0xx_HAL_Driver/Inc/Legacy -I../Drivers/CMSIS/Device/ST/STM32F0xx/Include -I../Drivers/CMSIS/Include -O0 -ffunction-sections -fdata-sections -Wall -fstack-usage -fcyclomatic-complexity -MMD -MP -MF"Core/Src/syscalls.d" -MT"Core/Src/syscalls.o" --specs=nano.specs -mfloat-abi=soft -mthumb -o "Core/Src/syscalls.o"
arm-none-eabi-gcc "../Core/Src/tim.c" -mcpu=cortex-m0 -std=gnu11 -g3 -DDEBUG -DUSE_HAL_DRIVER -DSTM32F030x8 -c -I../Core/Inc -I../Drivers/STM32F0xx_HAL_Driver/Inc -I../Drivers/STM32F0xx_HAL_Driver/Inc/Legacy -I../Drivers/CMSIS/Device/ST/STM32F0xx/Include -I../Drivers/CMSIS/Include -O0 -ffunction-sections -fdata-sections -Wall -fstack-usage -fcyclomatic-complexity -MMD -MP -MF"Core/Src/tim.d" -MT"Core/Src/tim.o" --specs=nano.specs -mfloat-abi=soft -mthumb -o "Core/Src/tim.o"
arm-none-eabi-gcc "../Core/Src/usart.c" -mcpu=cortex-m0 -std=gnu11 -g3 -DDEBUG -DUSE_HAL_DRIVER -DSTM32F030x8 -c -I../Core/Inc -I../Drivers/STM32F0xx_HAL_Driver/Inc -I../Drivers/STM32F0xx_HAL_Driver/Inc/Legacy -I../Drivers/CMSIS/Device/ST/STM32F0xx/Include -I../Drivers/CMSIS/Include -O0 -ffunction-sections -fdata-sections -Wall -fstack-usage -fcyclomatic-complexity -MMD -MP -MF"Core/Src/usart.d" -MT"Core/Src/usart.o" --specs=nano.specs -mfloat-abi=soft -mthumb -o "Core/Src/usart.o"
arm-none-eabi-gcc -o "BLDC_STM32F030R8T6.elf" @"objects.list"   -mcpu=cortex-m0 -T"C:\Users\kzhou\Desktop\RF_projects\Git\STM32\STM32-learning\Projects\STM32F0\E-wagon STM32 project\Cube\BLDC_STM32F030R8T6\STM32F030R8TX_FLASH.ld" --specs=nosys.specs -Wl,-Map="BLDC_STM32F030R8T6.map" -Wl,--gc-sections -static --specs=nano.specs -mfloat-abi=soft -mthumb -u _printf_float -u _scanf_float -Wl,--start-group -lc -lm -Wl,--end-group
C:/ST/STM32CubeIDE_1.15.1/STM32CubeIDE/plugins/com.st.stm32cube.ide.mcu.externaltools.gnu-tools-for-stm32.12.3.rel1.win32_1.0.100.202403111256/tools/bin/../lib/gcc/arm-none-eabi/12.3.1/../../../../arm-none-eabi/bin/ld.exe: warning: BLDC_STM32F030R8T6.elf has a LOAD segment with RWX permissions
Finished building target: BLDC_STM32F030R8T6.elf
 
arm-none-eabi-size  BLDC_STM32F030R8T6.elf 
arm-none-eabi-objdump -h -S BLDC_STM32F030R8T6.elf  > "BLDC_STM32F030R8T6.list"
   text	   data	    bss	    dec	    hex	filename
  61004	    524	   3308	  64836	   fd44	BLDC_STM32F030R8T6.elf
Finished building: default.size.stdout
 
Finished building: BLDC_STM32F030R8T6.list
 
09:35:17 **** Incremental Build of configuration Debug for project BLDC_STM32F030R8T6 ****
make -j8 all 
arm-none-eabi-gcc "../Core/Src/BLDC.c" -mcpu=cortex-m0 -std=gnu11 -g3 -DDEBUG -DUSE_HAL_DRIVER -DSTM32F030x8 -c -I../Core/Inc -I../Drivers/STM32F0xx_HAL_Driver/Inc -I../Drivers/STM32F0xx_HAL_Driver/Inc/Legacy -I../Drivers/CMSIS/Device/ST/STM32F0xx/Include -I../Drivers/CMSIS/Include -O0 -ffunction-sections -fdata-sections -Wall -fstack-usage -fcyclomatic-complexity -MMD -MP -MF"Core/Src/BLDC.d" -MT"Core/Src/BLDC.o" --specs=nano.specs -mfloat-abi=soft -mthumb -o "Core/Src/BLDC.o"
arm-none-eabi-gcc "../Core/Src/Mymain.c" -mcpu=cortex-m0 -std=gnu11 -g3 -DDEBUG -DUSE_HAL_DRIVER -DSTM32F030x8 -c -I../Core/Inc -I../Drivers/STM32F0xx_HAL_Driver/Inc -I../Drivers/STM32F0xx_HAL_Driver/Inc/Legacy -I../Drivers/CMSIS/Device/ST/STM32F0xx/Include -I../Drivers/CMSIS/Include -O0 -ffunction-sections -fdata-sections -Wall -fstack-usage -fcyclomatic-complexity -MMD -MP -MF"Core/Src/Mymain.d" -MT"Core/Src/Mymain.o" --specs=nano.specs -mfloat-abi=soft -mthumb -o "Core/Src/Mymain.o"
arm-none-eabi-gcc "../Core/Src/adc.c" -mcpu=cortex-m0 -std=gnu11 -g3 -DDEBUG -DUSE_HAL_DRIVER -DSTM32F030x8 -c -I../Core/Inc -I../Drivers/STM32F0xx_HAL_Driver/Inc -I../Drivers/STM32F0xx_HAL_Driver/Inc/Legacy -I../Drivers/CMSIS/Device/ST/STM32F0xx/Include -I../Drivers/CMSIS/Include -O0 -ffunction-sections -fdata-sections -Wall -fstack-usage -fcyclomatic-complexity -MMD -MP -MF"Core/Src/adc.d" -MT"Core/Src/adc.o" --specs=nano.specs -mfloat-abi=soft -mthumb -o "Core/Src/adc.o"
arm-none-eabi-gcc "../Core/Src/dma.c" -mcpu=cortex-m0 -std=gnu11 -g3 -DDEBUG -DUSE_HAL_DRIVER -DSTM32F030x8 -c -I../Core/Inc -I../Drivers/STM32F0xx_HAL_Driver/Inc -I../Drivers/STM32F0xx_HAL_Driver/Inc/Legacy -I../Drivers/CMSIS/Device/ST/STM32F0xx/Include -I../Drivers/CMSIS/Include -O0 -ffunction-sections -fdata-sections -Wall -fstack-usage -fcyclomatic-complexity -MMD -MP -MF"Core/Src/dma.d" -MT"Core/Src/dma.o" --specs=nano.specs -mfloat-abi=soft -mthumb -o "Core/Src/dma.o"
arm-none-eabi-gcc "../Core/Src/gpio.c" -mcpu=cortex-m0 -std=gnu11 -g3 -DDEBUG -DUSE_HAL_DRIVER -DSTM32F030x8 -c -I../Core/Inc -I../Drivers/STM32F0xx_HAL_Driver/Inc -I../Drivers/STM32F0xx_HAL_Driver/Inc/Legacy -I../Drivers/CMSIS/Device/ST/STM32F0xx/Include -I../Drivers/CMSIS/Include -O0 -ffunction-sections -fdata-sections -Wall -fstack-usage -fcyclomatic-complexity -MMD -MP -MF"Core/Src/gpio.d" -MT"Core/Src/gpio.o" --specs=nano.specs -mfloat-abi=soft -mthumb -o "Core/Src/gpio.o"
arm-none-eabi-gcc "../Core/Src/spi.c" -mcpu=cortex-m0 -std=gnu11 -g3 -DDEBUG -DUSE_HAL_DRIVER -DSTM32F030x8 -c -I../Core/Inc -I../Drivers/STM32F0xx_HAL_Driver/Inc -I../Drivers/STM32F0xx_HAL_Driver/Inc/Legacy -I../Drivers/CMSIS/Device/ST/STM32F0xx/Include -I../Drivers/CMSIS/Include -O0 -ffunction-sections -fdata-sections -Wall -fstack-usage -fcyclomatic-complexity -MMD -MP -MF"Core/Src/spi.d" -MT"Core/Src/spi.o" --specs=nano.specs -mfloat-abi=soft -mthumb -o "Core/Src/spi.o"
arm-none-eabi-gcc "../Core/Src/stm32f0xx_hal_msp.c" -mcpu=cortex-m0 -std=gnu11 -g3 -DDEBUG -DUSE_HAL_DRIVER -DSTM32F030x8 -c -I../Core/Inc -I../Drivers/STM32F0xx_HAL_Driver/Inc -I../Drivers/STM32F0xx_HAL_Driver/Inc/Legacy -I../Drivers/CMSIS/Device/ST/STM32F0xx/Include -I../Drivers/CMSIS/Include -O0 -ffunction-sections -fdata-sections -Wall -fstack-usage -fcyclomatic-complexity -MMD -MP -MF"Core/Src/stm32f0xx_hal_msp.d" -MT"Core/Src/stm32f0xx_hal_msp.o" --specs=nano.specs -mfloat-abi=soft -mthumb -o "Core/Src/stm32f0xx_hal_msp.o"
arm-none-eabi-gcc "../Core/Src/stm32f0xx_it.c" -mcpu=cortex-m0 -std=gnu11 -g3 -DDEBUG -DUSE_HAL_DRIVER -DSTM32F030x8 -c -I../Core/Inc -I../Drivers/STM32F0xx_HAL_Driver/Inc -I../Drivers/STM32F0xx_HAL_Driver/Inc/Legacy -I../Drivers/CMSIS/Device/ST/STM32F0xx/Include -I../Drivers/CMSIS/Include -O0 -ffunction-sections -fdata-sections -Wall -fstack-usage -fcyclomatic-complexity -MMD -MP -MF"Core/Src/stm32f0xx_it.d" -MT"Core/Src/stm32f0xx_it.o" --specs=nano.specs -mfloat-abi=soft -mthumb -o "Core/Src/stm32f0xx_it.o"
../Core/Src/Mymain.c: In function 'HAL_UART_RxCpltCallback':
../Core/Src/Mymain.c:466:32: warning: pointer targets in passing argument 1 of 'sscanf' differ in signedness [-Wpointer-sign]
  466 |                         sscanf(rxbuf, "%[^P]", a);
      |                                ^~~~~
      |                                |
      |                                uint8_t * {aka unsigned char *}
In file included from ../Core/Inc/main.h:40,
                 from ../Core/Src/Mymain.c:20:
C:\ST\STM32CubeIDE_1.15.1\STM32CubeIDE\plugins\com.st.stm32cube.ide.mcu.externaltools.gnu-tools-for-stm32.12.3.rel1.win32_1.0.100.202403111256\tools\bin/../lib/gcc/arm-none-eabi/12.3.1/../../../../arm-none-eabi/include/stdio.h:210:17: note: expected 'const char * restrict' but argument is of type 'uint8_t *' {aka 'unsigned char *'}
  210 | int     sscanf (const char *__restrict, const char *__restrict, ...)
      |                 ^
../Core/Src/Mymain.c:476:32: warning: pointer targets in passing argument 1 of 'sscanf' differ in signedness [-Wpointer-sign]
  476 |                         sscanf(rxbuf, "%[^I]", a);
      |                                ^~~~~
      |                                |
      |                                uint8_t * {aka unsigned char *}
C:\ST\STM32CubeIDE_1.15.1\STM32CubeIDE\plugins\com.st.stm32cube.ide.mcu.externaltools.gnu-tools-for-stm32.12.3.rel1.win32_1.0.100.202403111256\tools\bin/../lib/gcc/arm-none-eabi/12.3.1/../../../../arm-none-eabi/include/stdio.h:210:17: note: expected 'const char * restrict' but argument is of type 'uint8_t *' {aka 'unsigned char *'}
  210 | int     sscanf (const char *__restrict, const char *__restrict, ...)
      |                 ^
../Core/Src/Mymain.c:488:40: warning: pointer targets in passing argument 1 of 'sscanf' differ in signedness [-Wpointer-sign]
  488 |                                 sscanf(rxbuf, "%[^D]", a);
      |                                        ^~~~~
      |                                        |
      |                                        uint8_t * {aka unsigned char *}
C:\ST\STM32CubeIDE_1.15.1\STM32CubeIDE\plugins\com.st.stm32cube.ide.mcu.externaltools.gnu-tools-for-stm32.12.3.rel1.win32_1.0.100.202403111256\tools\bin/../lib/gcc/arm-none-eabi/12.3.1/../../../../arm-none-eabi/include/stdio.h:210:17: note: expected 'const char * restrict' but argument is of type 'uint8_t *' {aka 'unsigned char *'}
  210 | int     sscanf (const char *__restrict, const char *__restrict, ...)
      |                 ^
arm-none-eabi-gcc "../Core/Src/sw_spi.c" -mcpu=cortex-m0 -std=gnu11 -g3 -DDEBUG -DUSE_HAL_DRIVER -DSTM32F030x8 -c -I../Core/Inc -I../Drivers/STM32F0xx_HAL_Driver/Inc -I../Drivers/STM32F0xx_HAL_Driver/Inc/Legacy -I../Drivers/CMSIS/Device/ST/STM32F0xx/Include -I../Drivers/CMSIS/Include -O0 -ffunction-sections -fdata-sections -Wall -fstack-usage -fcyclomatic-complexity -MMD -MP -MF"Core/Src/sw_spi.d" -MT"Core/Src/sw_spi.o" --specs=nano.specs -mfloat-abi=soft -mthumb -o "Core/Src/sw_spi.o"
arm-none-eabi-gcc "../Core/Src/syscalls.c" -mcpu=cortex-m0 -std=gnu11 -g3 -DDEBUG -DUSE_HAL_DRIVER -DSTM32F030x8 -c -I../Core/Inc -I../Drivers/STM32F0xx_HAL_Driver/Inc -I../Drivers/STM32F0xx_HAL_Driver/Inc/Legacy -I../Drivers/CMSIS/Device/ST/STM32F0xx/Include -I../Drivers/CMSIS/Include -O0 -ffunction-sections -fdata-sections -Wall -fstack-usage -fcyclomatic-complexity -MMD -MP -MF"Core/Src/syscalls.d" -MT"Core/Src/syscalls.o" --specs=nano.specs -mfloat-abi=soft -mthumb -o "Core/Src/syscalls.o"
arm-none-eabi-gcc "../Core/Src/tim.c" -mcpu=cortex-m0 -std=gnu11 -g3 -DDEBUG -DUSE_HAL_DRIVER -DSTM32F030x8 -c -I../Core/Inc -I../Drivers/STM32F0xx_HAL_Driver/Inc -I../Drivers/STM32F0xx_HAL_Driver/Inc/Legacy -I../Drivers/CMSIS/Device/ST/STM32F0xx/Include -I../Drivers/CMSIS/Include -O0 -ffunction-sections -fdata-sections -Wall -fstack-usage -fcyclomatic-complexity -MMD -MP -MF"Core/Src/tim.d" -MT"Core/Src/tim.o" --specs=nano.specs -mfloat-abi=soft -mthumb -o "Core/Src/tim.o"
arm-none-eabi-gcc "../Core/Src/usart.c" -mcpu=cortex-m0 -std=gnu11 -g3 -DDEBUG -DUSE_HAL_DRIVER -DSTM32F030x8 -c -I../Core/Inc -I../Drivers/STM32F0xx_HAL_Driver/Inc -I../Drivers/STM32F0xx_HAL_Driver/Inc/Legacy -I../Drivers/CMSIS/Device/ST/STM32F0xx/Include -I../Drivers/CMSIS/Include -O0 -ffunction-sections -fdata-sections -Wall -fstack-usage -fcyclomatic-complexity -MMD -MP -MF"Core/Src/usart.d" -MT"Core/Src/usart.o" --specs=nano.specs -mfloat-abi=soft -mthumb -o "Core/Src/usart.o"
arm-none-eabi-gcc -o "BLDC_STM32F030R8T6.elf" @"objects.list"   -mcpu=cortex-m0 -T"C:\Users\kzhou\Desktop\RF_projects\Git\STM32\STM32-learning\Projects\STM32F0\E-wagon STM32 project\Cube\BLDC_STM32F030R8T6\STM32F030R8TX_FLASH.ld" --specs=nosys.specs -Wl,-Map="BLDC_STM32F030R8T6.map" -Wl,--gc-sections -static --specs=nano.specs -mfloat-abi=soft -mthumb -u _printf_float -u _scanf_float -Wl,--start-group -lc -lm -Wl,--end-group
C:/ST/STM32CubeIDE_1.15.1/STM32CubeIDE/plugins/com.st.stm32cube.ide.mcu.externaltools.gnu-tools-for-stm32.12.3.rel1.win32_1.0.100.202403111256/tools/bin/../lib/gcc/arm-none-eabi/12.3.1/../../../../arm-none-eabi/bin/ld.exe: warning: BLDC_STM32F030R8T6.elf has a LOAD segment with RWX permissions
Finished building target: BLDC_STM32F030R8T6.elf
 
arm-none-eabi-size  BLDC_STM32F030R8T6.elf 
arm-none-eabi-objdump -h -S BLDC_STM32F030R8T6.elf  > "BLDC_STM32F030R8T6.list"
   text	   data	    bss	    dec	    hex	filename
  60988	    524	   3308	  64820	   fd34	BLDC_STM32F030R8T6.elf
Finished building: default.size.stdout
 
Finished building: BLDC_STM32F030R8T6.list
 
09:38:37 **** Incremental Build of configuration Debug for project BLDC_STM32F030R8T6 ****
make -j8 all 
arm-none-eabi-gcc "../Core/Src/Mymain.c" -mcpu=cortex-m0 -std=gnu11 -g3 -DDEBUG -DUSE_HAL_DRIVER -DSTM32F030x8 -c -I../Core/Inc -I../Drivers/STM32F0xx_HAL_Driver/Inc -I../Drivers/STM32F0xx_HAL_Driver/Inc/Legacy -I../Drivers/CMSIS/Device/ST/STM32F0xx/Include -I../Drivers/CMSIS/Include -O0 -ffunction-sections -fdata-sections -Wall -fstack-usage -fcyclomatic-complexity -MMD -MP -MF"Core/Src/Mymain.d" -MT"Core/Src/Mymain.o" --specs=nano.specs -mfloat-abi=soft -mthumb -o "Core/Src/Mymain.o"
arm-none-eabi-gcc "../Core/Src/tim.c" -mcpu=cortex-m0 -std=gnu11 -g3 -DDEBUG -DUSE_HAL_DRIVER -DSTM32F030x8 -c -I../Core/Inc -I../Drivers/STM32F0xx_HAL_Driver/Inc -I../Drivers/STM32F0xx_HAL_Driver/Inc/Legacy -I../Drivers/CMSIS/Device/ST/STM32F0xx/Include -I../Drivers/CMSIS/Include -O0 -ffunction-sections -fdata-sections -Wall -fstack-usage -fcyclomatic-complexity -MMD -MP -MF"Core/Src/tim.d" -MT"Core/Src/tim.o" --specs=nano.specs -mfloat-abi=soft -mthumb -o "Core/Src/tim.o"
../Core/Src/Mymain.c: In function 'HAL_UART_RxCpltCallback':
../Core/Src/Mymain.c:467:32: warning: pointer targets in passing argument 1 of 'sscanf' differ in signedness [-Wpointer-sign]
  467 |                         sscanf(rxbuf, "%[^P]", a);
      |                                ^~~~~
      |                                |
      |                                uint8_t * {aka unsigned char *}
In file included from ../Core/Inc/main.h:40,
                 from ../Core/Src/Mymain.c:20:
C:\ST\STM32CubeIDE_1.15.1\STM32CubeIDE\plugins\com.st.stm32cube.ide.mcu.externaltools.gnu-tools-for-stm32.12.3.rel1.win32_1.0.100.202403111256\tools\bin/../lib/gcc/arm-none-eabi/12.3.1/../../../../arm-none-eabi/include/stdio.h:210:17: note: expected 'const char * restrict' but argument is of type 'uint8_t *' {aka 'unsigned char *'}
  210 | int     sscanf (const char *__restrict, const char *__restrict, ...)
      |                 ^
../Core/Src/Mymain.c:477:32: warning: pointer targets in passing argument 1 of 'sscanf' differ in signedness [-Wpointer-sign]
  477 |                         sscanf(rxbuf, "%[^I]", a);
      |                                ^~~~~
      |                                |
      |                                uint8_t * {aka unsigned char *}
C:\ST\STM32CubeIDE_1.15.1\STM32CubeIDE\plugins\com.st.stm32cube.ide.mcu.externaltools.gnu-tools-for-stm32.12.3.rel1.win32_1.0.100.202403111256\tools\bin/../lib/gcc/arm-none-eabi/12.3.1/../../../../arm-none-eabi/include/stdio.h:210:17: note: expected 'const char * restrict' but argument is of type 'uint8_t *' {aka 'unsigned char *'}
  210 | int     sscanf (const char *__restrict, const char *__restrict, ...)
      |                 ^
../Core/Src/Mymain.c:489:40: warning: pointer targets in passing argument 1 of 'sscanf' differ in signedness [-Wpointer-sign]
  489 |                                 sscanf(rxbuf, "%[^D]", a);
      |                                        ^~~~~
      |                                        |
      |                                        uint8_t * {aka unsigned char *}
C:\ST\STM32CubeIDE_1.15.1\STM32CubeIDE\plugins\com.st.stm32cube.ide.mcu.externaltools.gnu-tools-for-stm32.12.3.rel1.win32_1.0.100.202403111256\tools\bin/../lib/gcc/arm-none-eabi/12.3.1/../../../../arm-none-eabi/include/stdio.h:210:17: note: expected 'const char * restrict' but argument is of type 'uint8_t *' {aka 'unsigned char *'}
  210 | int     sscanf (const char *__restrict, const char *__restrict, ...)
      |                 ^
arm-none-eabi-gcc -o "BLDC_STM32F030R8T6.elf" @"objects.list"   -mcpu=cortex-m0 -T"C:\Users\kzhou\Desktop\RF_projects\Git\STM32\STM32-learning\Projects\STM32F0\E-wagon STM32 project\Cube\BLDC_STM32F030R8T6\STM32F030R8TX_FLASH.ld" --specs=nosys.specs -Wl,-Map="BLDC_STM32F030R8T6.map" -Wl,--gc-sections -static --specs=nano.specs -mfloat-abi=soft -mthumb -u _printf_float -u _scanf_float -Wl,--start-group -lc -lm -Wl,--end-group
C:/ST/STM32CubeIDE_1.15.1/STM32CubeIDE/plugins/com.st.stm32cube.ide.mcu.externaltools.gnu-tools-for-stm32.12.3.rel1.win32_1.0.100.202403111256/tools/bin/../lib/gcc/arm-none-eabi/12.3.1/../../../../arm-none-eabi/bin/ld.exe: warning: BLDC_STM32F030R8T6.elf has a LOAD segment with RWX permissions
Finished building target: BLDC_STM32F030R8T6.elf
 
arm-none-eabi-size  BLDC_STM32F030R8T6.elf 
arm-none-eabi-objdump -h -S BLDC_STM32F030R8T6.elf  > "BLDC_STM32F030R8T6.list"
   text	   data	    bss	    dec	    hex	filename
  61392	    524	   3308	  65224	   fec8	BLDC_STM32F030R8T6.elf
Finished building: default.size.stdout
 
Finished building: BLDC_STM32F030R8T6.list
 
11:05:55 **** Incremental Build of configuration Debug for project 3S2P_BMS ****
make -j8 all 
arm-none-eabi-size  3S2P_BMS.elf 
   text	   data	    bss	    dec	    hex	filename
  23092	     96	  20976	  44164	   ac84	3S2P_BMS.elf
Finished building: default.size.stdout
 
11:05:57 **** Incremental Build of configuration Debug for project BLDC_STM32F030R8T6 ****
make -j8 all 
arm-none-eabi-gcc "../Core/Src/Mymain.c" -mcpu=cortex-m0 -std=gnu11 -g3 -DDEBUG -DUSE_HAL_DRIVER -DSTM32F030x8 -c -I../Core/Inc -I../Drivers/STM32F0xx_HAL_Driver/Inc -I../Drivers/STM32F0xx_HAL_Driver/Inc/Legacy -I../Drivers/CMSIS/Device/ST/STM32F0xx/Include -I../Drivers/CMSIS/Include -O0 -ffunction-sections -fdata-sections -Wall -fstack-usage -fcyclomatic-complexity -MMD -MP -MF"Core/Src/Mymain.d" -MT"Core/Src/Mymain.o" --specs=nano.specs -mfloat-abi=soft -mthumb -o "Core/Src/Mymain.o"
../Core/Src/Mymain.c: In function 'HAL_UART_RxCpltCallback':
../Core/Src/Mymain.c:469:32: warning: pointer targets in passing argument 1 of 'sscanf' differ in signedness [-Wpointer-sign]
  469 |                         sscanf(rxbuf, "%[^P]", a);
      |                                ^~~~~
      |                                |
      |                                uint8_t * {aka unsigned char *}
In file included from ../Core/Inc/main.h:40,
                 from ../Core/Src/Mymain.c:20:
C:\ST\STM32CubeIDE_1.15.1\STM32CubeIDE\plugins\com.st.stm32cube.ide.mcu.externaltools.gnu-tools-for-stm32.12.3.rel1.win32_1.0.100.202403111256\tools\bin/../lib/gcc/arm-none-eabi/12.3.1/../../../../arm-none-eabi/include/stdio.h:210:17: note: expected 'const char * restrict' but argument is of type 'uint8_t *' {aka 'unsigned char *'}
  210 | int     sscanf (const char *__restrict, const char *__restrict, ...)
      |                 ^
../Core/Src/Mymain.c:479:32: warning: pointer targets in passing argument 1 of 'sscanf' differ in signedness [-Wpointer-sign]
  479 |                         sscanf(rxbuf, "%[^I]", a);
      |                                ^~~~~
      |                                |
      |                                uint8_t * {aka unsigned char *}
C:\ST\STM32CubeIDE_1.15.1\STM32CubeIDE\plugins\com.st.stm32cube.ide.mcu.externaltools.gnu-tools-for-stm32.12.3.rel1.win32_1.0.100.202403111256\tools\bin/../lib/gcc/arm-none-eabi/12.3.1/../../../../arm-none-eabi/include/stdio.h:210:17: note: expected 'const char * restrict' but argument is of type 'uint8_t *' {aka 'unsigned char *'}
  210 | int     sscanf (const char *__restrict, const char *__restrict, ...)
      |                 ^
../Core/Src/Mymain.c:491:40: warning: pointer targets in passing argument 1 of 'sscanf' differ in signedness [-Wpointer-sign]
  491 |                                 sscanf(rxbuf, "%[^D]", a);
      |                                        ^~~~~
      |                                        |
      |                                        uint8_t * {aka unsigned char *}
C:\ST\STM32CubeIDE_1.15.1\STM32CubeIDE\plugins\com.st.stm32cube.ide.mcu.externaltools.gnu-tools-for-stm32.12.3.rel1.win32_1.0.100.202403111256\tools\bin/../lib/gcc/arm-none-eabi/12.3.1/../../../../arm-none-eabi/include/stdio.h:210:17: note: expected 'const char * restrict' but argument is of type 'uint8_t *' {aka 'unsigned char *'}
  210 | int     sscanf (const char *__restrict, const char *__restrict, ...)
      |                 ^
arm-none-eabi-gcc -o "BLDC_STM32F030R8T6.elf" @"objects.list"   -mcpu=cortex-m0 -T"C:\Users\kzhou\Desktop\RF_projects\Git\STM32\STM32-learning\Projects\STM32F0\E-wagon STM32 project\Cube\BLDC_STM32F030R8T6\STM32F030R8TX_FLASH.ld" --specs=nosys.specs -Wl,-Map="BLDC_STM32F030R8T6.map" -Wl,--gc-sections -static --specs=nano.specs -mfloat-abi=soft -mthumb -u _printf_float -u _scanf_float -Wl,--start-group -lc -lm -Wl,--end-group
C:/ST/STM32CubeIDE_1.15.1/STM32CubeIDE/plugins/com.st.stm32cube.ide.mcu.externaltools.gnu-tools-for-stm32.12.3.rel1.win32_1.0.100.202403111256/tools/bin/../lib/gcc/arm-none-eabi/12.3.1/../../../../arm-none-eabi/bin/ld.exe: warning: BLDC_STM32F030R8T6.elf has a LOAD segment with RWX permissions
Finished building target: BLDC_STM32F030R8T6.elf
 
arm-none-eabi-size  BLDC_STM32F030R8T6.elf 
arm-none-eabi-objdump -h -S BLDC_STM32F030R8T6.elf  > "BLDC_STM32F030R8T6.list"
   text	   data	    bss	    dec	    hex	filename
  61472	    524	   3308	  65304	   ff18	BLDC_STM32F030R8T6.elf
Finished building: default.size.stdout
 
Finished building: BLDC_STM32F030R8T6.list
 
11:06:00 **** Incremental Build of configuration Debug for project BLDC_STM32F030R8T6 ****
make -j8 all 
arm-none-eabi-size  BLDC_STM32F030R8T6.elf 
   text	   data	    bss	    dec	    hex	filename
  61472	    524	   3308	  65304	   ff18	BLDC_STM32F030R8T6.elf
Finished building: default.size.stdout
 
11:06:28 **** Incremental Build of configuration Debug for project BLDC_STM32F030R8T6 ****
make -j8 all 
arm-none-eabi-size  BLDC_STM32F030R8T6.elf 
   text	   data	    bss	    dec	    hex	filename
  61472	    524	   3308	  65304	   ff18	BLDC_STM32F030R8T6.elf
Finished building: default.size.stdout
 
11:07:15 **** Incremental Build of configuration Debug for project BLDC_STM32F030R8T6 ****
make -j8 all 
arm-none-eabi-size  BLDC_STM32F030R8T6.elf 
   text	   data	    bss	    dec	    hex	filename
  61472	    524	   3308	  65304	   ff18	BLDC_STM32F030R8T6.elf
Finished building: default.size.stdout
 
11:08:07 **** Incremental Build of configuration Debug for project BLDC_STM32F030R8T6 ****
make -j8 all 
arm-none-eabi-size  BLDC_STM32F030R8T6.elf 
   text	   data	    bss	    dec	    hex	filename
  61472	    524	   3308	  65304	   ff18	BLDC_STM32F030R8T6.elf
Finished building: default.size.stdout
 
11:09:35 **** Incremental Build of configuration Debug for project BLDC_STM32F030R8T6 ****
make -j8 all 
arm-none-eabi-gcc "../Core/Src/Mymain.c" -mcpu=cortex-m0 -std=gnu11 -g3 -DDEBUG -DUSE_HAL_DRIVER -DSTM32F030x8 -c -I../Core/Inc -I../Drivers/STM32F0xx_HAL_Driver/Inc -I../Drivers/STM32F0xx_HAL_Driver/Inc/Legacy -I../Drivers/CMSIS/Device/ST/STM32F0xx/Include -I../Drivers/CMSIS/Include -O0 -ffunction-sections -fdata-sections -Wall -fstack-usage -fcyclomatic-complexity -MMD -MP -MF"Core/Src/Mymain.d" -MT"Core/Src/Mymain.o" --specs=nano.specs -mfloat-abi=soft -mthumb -o "Core/Src/Mymain.o"
../Core/Src/Mymain.c: In function 'HAL_UART_RxCpltCallback':
../Core/Src/Mymain.c:469:32: warning: pointer targets in passing argument 1 of 'sscanf' differ in signedness [-Wpointer-sign]
  469 |                         sscanf(rxbuf, "%[^P]", a);
      |                                ^~~~~
      |                                |
      |                                uint8_t * {aka unsigned char *}
In file included from ../Core/Inc/main.h:40,
                 from ../Core/Src/Mymain.c:20:
C:\ST\STM32CubeIDE_1.15.1\STM32CubeIDE\plugins\com.st.stm32cube.ide.mcu.externaltools.gnu-tools-for-stm32.12.3.rel1.win32_1.0.100.202403111256\tools\bin/../lib/gcc/arm-none-eabi/12.3.1/../../../../arm-none-eabi/include/stdio.h:210:17: note: expected 'const char * restrict' but argument is of type 'uint8_t *' {aka 'unsigned char *'}
  210 | int     sscanf (const char *__restrict, const char *__restrict, ...)
      |                 ^
../Core/Src/Mymain.c:479:32: warning: pointer targets in passing argument 1 of 'sscanf' differ in signedness [-Wpointer-sign]
  479 |                         sscanf(rxbuf, "%[^I]", a);
      |                                ^~~~~
      |                                |
      |                                uint8_t * {aka unsigned char *}
C:\ST\STM32CubeIDE_1.15.1\STM32CubeIDE\plugins\com.st.stm32cube.ide.mcu.externaltools.gnu-tools-for-stm32.12.3.rel1.win32_1.0.100.202403111256\tools\bin/../lib/gcc/arm-none-eabi/12.3.1/../../../../arm-none-eabi/include/stdio.h:210:17: note: expected 'const char * restrict' but argument is of type 'uint8_t *' {aka 'unsigned char *'}
  210 | int     sscanf (const char *__restrict, const char *__restrict, ...)
      |                 ^
../Core/Src/Mymain.c:491:40: warning: pointer targets in passing argument 1 of 'sscanf' differ in signedness [-Wpointer-sign]
  491 |                                 sscanf(rxbuf, "%[^D]", a);
      |                                        ^~~~~
      |                                        |
      |                                        uint8_t * {aka unsigned char *}
C:\ST\STM32CubeIDE_1.15.1\STM32CubeIDE\plugins\com.st.stm32cube.ide.mcu.externaltools.gnu-tools-for-stm32.12.3.rel1.win32_1.0.100.202403111256\tools\bin/../lib/gcc/arm-none-eabi/12.3.1/../../../../arm-none-eabi/include/stdio.h:210:17: note: expected 'const char * restrict' but argument is of type 'uint8_t *' {aka 'unsigned char *'}
  210 | int     sscanf (const char *__restrict, const char *__restrict, ...)
      |                 ^
arm-none-eabi-gcc -o "BLDC_STM32F030R8T6.elf" @"objects.list"   -mcpu=cortex-m0 -T"C:\Users\kzhou\Desktop\RF_projects\Git\STM32\STM32-learning\Projects\STM32F0\E-wagon STM32 project\Cube\BLDC_STM32F030R8T6\STM32F030R8TX_FLASH.ld" --specs=nosys.specs -Wl,-Map="BLDC_STM32F030R8T6.map" -Wl,--gc-sections -static --specs=nano.specs -mfloat-abi=soft -mthumb -u _printf_float -u _scanf_float -Wl,--start-group -lc -lm -Wl,--end-group
C:/ST/STM32CubeIDE_1.15.1/STM32CubeIDE/plugins/com.st.stm32cube.ide.mcu.externaltools.gnu-tools-for-stm32.12.3.rel1.win32_1.0.100.202403111256/tools/bin/../lib/gcc/arm-none-eabi/12.3.1/../../../../arm-none-eabi/bin/ld.exe: warning: BLDC_STM32F030R8T6.elf has a LOAD segment with RWX permissions
Finished building target: BLDC_STM32F030R8T6.elf
 
arm-none-eabi-size  BLDC_STM32F030R8T6.elf 
arm-none-eabi-objdump -h -S BLDC_STM32F030R8T6.elf  > "BLDC_STM32F030R8T6.list"
   text	   data	    bss	    dec	    hex	filename
  61380	    524	   3308	  65212	   febc	BLDC_STM32F030R8T6.elf
Finished building: default.size.stdout
 
Finished building: BLDC_STM32F030R8T6.list
 
11:14:55 **** Incremental Build of configuration Debug for project BLDC_STM32F030R8T6 ****
make -j8 all 
arm-none-eabi-gcc "../Core/Src/tim.c" -mcpu=cortex-m0 -std=gnu11 -g3 -DDEBUG -DUSE_HAL_DRIVER -DSTM32F030x8 -c -I../Core/Inc -I../Drivers/STM32F0xx_HAL_Driver/Inc -I../Drivers/STM32F0xx_HAL_Driver/Inc/Legacy -I../Drivers/CMSIS/Device/ST/STM32F0xx/Include -I../Drivers/CMSIS/Include -O0 -ffunction-sections -fdata-sections -Wall -fstack-usage -fcyclomatic-complexity -MMD -MP -MF"Core/Src/tim.d" -MT"Core/Src/tim.o" --specs=nano.specs -mfloat-abi=soft -mthumb -o "Core/Src/tim.o"
arm-none-eabi-gcc -o "BLDC_STM32F030R8T6.elf" @"objects.list"   -mcpu=cortex-m0 -T"C:\Users\kzhou\Desktop\RF_projects\Git\STM32\STM32-learning\Projects\STM32F0\E-wagon STM32 project\Cube\BLDC_STM32F030R8T6\STM32F030R8TX_FLASH.ld" --specs=nosys.specs -Wl,-Map="BLDC_STM32F030R8T6.map" -Wl,--gc-sections -static --specs=nano.specs -mfloat-abi=soft -mthumb -u _printf_float -u _scanf_float -Wl,--start-group -lc -lm -Wl,--end-group
C:/ST/STM32CubeIDE_1.15.1/STM32CubeIDE/plugins/com.st.stm32cube.ide.mcu.externaltools.gnu-tools-for-stm32.12.3.rel1.win32_1.0.100.202403111256/tools/bin/../lib/gcc/arm-none-eabi/12.3.1/../../../../arm-none-eabi/bin/ld.exe: warning: BLDC_STM32F030R8T6.elf has a LOAD segment with RWX permissions
Finished building target: BLDC_STM32F030R8T6.elf
 
arm-none-eabi-size  BLDC_STM32F030R8T6.elf 
arm-none-eabi-objdump -h -S BLDC_STM32F030R8T6.elf  > "BLDC_STM32F030R8T6.list"
   text	   data	    bss	    dec	    hex	filename
  61380	    524	   3308	  65212	   febc	BLDC_STM32F030R8T6.elf
Finished building: default.size.stdout
 
Finished building: BLDC_STM32F030R8T6.list
 
11:50:56 **** Incremental Build of configuration Debug for project BLDC_STM32F030R8T6 ****
make -j8 all 
arm-none-eabi-gcc "../Core/Src/Mymain.c" -mcpu=cortex-m0 -std=gnu11 -g3 -DDEBUG -DUSE_HAL_DRIVER -DSTM32F030x8 -c -I../Core/Inc -I../Drivers/STM32F0xx_HAL_Driver/Inc -I../Drivers/STM32F0xx_HAL_Driver/Inc/Legacy -I../Drivers/CMSIS/Device/ST/STM32F0xx/Include -I../Drivers/CMSIS/Include -O0 -ffunction-sections -fdata-sections -Wall -fstack-usage -fcyclomatic-complexity -MMD -MP -MF"Core/Src/Mymain.d" -MT"Core/Src/Mymain.o" --specs=nano.specs -mfloat-abi=soft -mthumb -o "Core/Src/Mymain.o"
../Core/Src/Mymain.c: In function 'HAL_UART_RxCpltCallback':
../Core/Src/Mymain.c:469:32: warning: pointer targets in passing argument 1 of 'sscanf' differ in signedness [-Wpointer-sign]
  469 |                         sscanf(rxbuf, "%[^P]", a);
      |                                ^~~~~
      |                                |
      |                                uint8_t * {aka unsigned char *}
In file included from ../Core/Inc/main.h:40,
                 from ../Core/Src/Mymain.c:20:
C:\ST\STM32CubeIDE_1.15.1\STM32CubeIDE\plugins\com.st.stm32cube.ide.mcu.externaltools.gnu-tools-for-stm32.12.3.rel1.win32_1.0.100.202403111256\tools\bin/../lib/gcc/arm-none-eabi/12.3.1/../../../../arm-none-eabi/include/stdio.h:210:17: note: expected 'const char * restrict' but argument is of type 'uint8_t *' {aka 'unsigned char *'}
  210 | int     sscanf (const char *__restrict, const char *__restrict, ...)
      |                 ^
../Core/Src/Mymain.c:479:32: warning: pointer targets in passing argument 1 of 'sscanf' differ in signedness [-Wpointer-sign]
  479 |                         sscanf(rxbuf, "%[^I]", a);
      |                                ^~~~~
      |                                |
      |                                uint8_t * {aka unsigned char *}
C:\ST\STM32CubeIDE_1.15.1\STM32CubeIDE\plugins\com.st.stm32cube.ide.mcu.externaltools.gnu-tools-for-stm32.12.3.rel1.win32_1.0.100.202403111256\tools\bin/../lib/gcc/arm-none-eabi/12.3.1/../../../../arm-none-eabi/include/stdio.h:210:17: note: expected 'const char * restrict' but argument is of type 'uint8_t *' {aka 'unsigned char *'}
  210 | int     sscanf (const char *__restrict, const char *__restrict, ...)
      |                 ^
../Core/Src/Mymain.c:491:40: warning: pointer targets in passing argument 1 of 'sscanf' differ in signedness [-Wpointer-sign]
  491 |                                 sscanf(rxbuf, "%[^D]", a);
      |                                        ^~~~~
      |                                        |
      |                                        uint8_t * {aka unsigned char *}
C:\ST\STM32CubeIDE_1.15.1\STM32CubeIDE\plugins\com.st.stm32cube.ide.mcu.externaltools.gnu-tools-for-stm32.12.3.rel1.win32_1.0.100.202403111256\tools\bin/../lib/gcc/arm-none-eabi/12.3.1/../../../../arm-none-eabi/include/stdio.h:210:17: note: expected 'const char * restrict' but argument is of type 'uint8_t *' {aka 'unsigned char *'}
  210 | int     sscanf (const char *__restrict, const char *__restrict, ...)
      |                 ^
arm-none-eabi-gcc -o "BLDC_STM32F030R8T6.elf" @"objects.list"   -mcpu=cortex-m0 -T"C:\Users\kzhou\Desktop\RF_projects\Git\STM32\STM32-learning\Projects\STM32F0\E-wagon STM32 project\Cube\BLDC_STM32F030R8T6\STM32F030R8TX_FLASH.ld" --specs=nosys.specs -Wl,-Map="BLDC_STM32F030R8T6.map" -Wl,--gc-sections -static --specs=nano.specs -mfloat-abi=soft -mthumb -u _printf_float -u _scanf_float -Wl,--start-group -lc -lm -Wl,--end-group
C:/ST/STM32CubeIDE_1.15.1/STM32CubeIDE/plugins/com.st.stm32cube.ide.mcu.externaltools.gnu-tools-for-stm32.12.3.rel1.win32_1.0.100.202403111256/tools/bin/../lib/gcc/arm-none-eabi/12.3.1/../../../../arm-none-eabi/bin/ld.exe: warning: BLDC_STM32F030R8T6.elf has a LOAD segment with RWX permissions
Finished building target: BLDC_STM32F030R8T6.elf
 
arm-none-eabi-size  BLDC_STM32F030R8T6.elf 
arm-none-eabi-objdump -h -S BLDC_STM32F030R8T6.elf  > "BLDC_STM32F030R8T6.list"
   text	   data	    bss	    dec	    hex	filename
  61396	    524	   3308	  65228	   fecc	BLDC_STM32F030R8T6.elf
Finished building: default.size.stdout
 
Finished building: BLDC_STM32F030R8T6.list
 
11:51:57 **** Incremental Build of configuration Debug for project BLDC_STM32F030R8T6 ****
make -j8 all 
[...]
      |                                uint8_t * {aka unsigned char *}
C:\ST\STM32CubeIDE_1.15.1\STM32CubeIDE\plugins\com.st.stm32cube.ide.mcu.externaltools.gnu-tools-for-stm32.12.3.rel1.win32_1.0.100.202403111256\tools\bin/../lib/gcc/arm-none-eabi/12.3.1/../../../../arm-none-eabi/include/stdio.h:210:17: note: expected 'const char * restrict' but argument is of type 'uint8_t *' {aka 'unsigned char *'}
  210 | int     sscanf (const char *__restrict, const char *__restrict, ...)
      |                 ^
../Core/Src/Mymain.c:494:40: warning: pointer targets in passing argument 1 of 'sscanf' differ in signedness [-Wpointer-sign]
  494 |                                 sscanf(rxbuf, "%[^D]", a);
      |                                        ^~~~~
      |                                        |
      |                                        uint8_t * {aka unsigned char *}
C:\ST\STM32CubeIDE_1.15.1\STM32CubeIDE\plugins\com.st.stm32cube.ide.mcu.externaltools.gnu-tools-for-stm32.12.3.rel1.win32_1.0.100.202403111256\tools\bin/../lib/gcc/arm-none-eabi/12.3.1/../../../../arm-none-eabi/include/stdio.h:210:17: note: expected 'const char * restrict' but argument is of type 'uint8_t *' {aka 'unsigned char *'}
  210 | int     sscanf (const char *__restrict, const char *__restrict, ...)
      |                 ^
arm-none-eabi-gcc -o "BLDC_STM32F030R8T6.elf" @"objects.list"   -mcpu=cortex-m0 -T"C:\Users\kzhou\Desktop\RF_projects\Git\STM32\STM32-learning\Projects\STM32F0\E-wagon STM32 project\Cube\BLDC_STM32F030R8T6\STM32F030R8TX_FLASH.ld" --specs=nosys.specs -Wl,-Map="BLDC_STM32F030R8T6.map" -Wl,--gc-sections -static --specs=nano.specs -mfloat-abi=soft -mthumb -u _printf_float -u _scanf_float -Wl,--start-group -lc -lm -Wl,--end-group
C:/ST/STM32CubeIDE_1.15.1/STM32CubeIDE/plugins/com.st.stm32cube.ide.mcu.externaltools.gnu-tools-for-stm32.12.3.rel1.win32_1.0.100.202403111256/tools/bin/../lib/gcc/arm-none-eabi/12.3.1/../../../../arm-none-eabi/bin/ld.exe: warning: BLDC_STM32F030R8T6.elf has a LOAD segment with RWX permissions
Finished building target: BLDC_STM32F030R8T6.elf
 
arm-none-eabi-size  BLDC_STM32F030R8T6.elf 
arm-none-eabi-objdump -h -S BLDC_STM32F030R8T6.elf  > "BLDC_STM32F030R8T6.list"
   text	   data	    bss	    dec	    hex	filename
  61776	    524	   3308	  65608	  10048	BLDC_STM32F030R8T6.elf
Finished building: default.size.stdout
 
Finished building: BLDC_STM32F030R8T6.list
 
12:14:48 **** Incremental Build of configuration Debug for project BLDC_STM32F030R8T6 ****
make -j8 all 
arm-none-eabi-size  BLDC_STM32F030R8T6.elf 
   text	   data	    bss	    dec	    hex	filename
  61776	    524	   3308	  65608	  10048	BLDC_STM32F030R8T6.elf
Finished building: default.size.stdout
 
12:18:20 **** Incremental Build of configuration Debug for project BLDC_STM32F030R8T6 ****
make -j8 all 
arm-none-eabi-gcc "../Core/Src/Mymain.c" -mcpu=cortex-m0 -std=gnu11 -g3 -DDEBUG -DUSE_HAL_DRIVER -DSTM32F030x8 -c -I../Core/Inc -I../Drivers/STM32F0xx_HAL_Driver/Inc -I../Drivers/STM32F0xx_HAL_Driver/Inc/Legacy -I../Drivers/CMSIS/Device/ST/STM32F0xx/Include -I../Drivers/CMSIS/Include -O0 -ffunction-sections -fdata-sections -Wall -fstack-usage -fcyclomatic-complexity -MMD -MP -MF"Core/Src/Mymain.d" -MT"Core/Src/Mymain.o" --specs=nano.specs -mfloat-abi=soft -mthumb -o "Core/Src/Mymain.o"
../Core/Src/Mymain.c: In function 'HAL_UART_RxCpltCallback':
../Core/Src/Mymain.c:472:32: warning: pointer targets in passing argument 1 of 'sscanf' differ in signedness [-Wpointer-sign]
  472 |                         sscanf(rxbuf, "%[^P]", a);
      |                                ^~~~~
      |                                |
      |                                uint8_t * {aka unsigned char *}
In file included from ../Core/Inc/main.h:40,
                 from ../Core/Src/Mymain.c:20:
C:\ST\STM32CubeIDE_1.15.1\STM32CubeIDE\plugins\com.st.stm32cube.ide.mcu.externaltools.gnu-tools-for-stm32.12.3.rel1.win32_1.0.100.202403111256\tools\bin/../lib/gcc/arm-none-eabi/12.3.1/../../../../arm-none-eabi/include/stdio.h:210:17: note: expected 'const char * restrict' but argument is of type 'uint8_t *' {aka 'unsigned char *'}
  210 | int     sscanf (const char *__restrict, const char *__restrict, ...)
      |                 ^
../Core/Src/Mymain.c:482:32: warning: pointer targets in passing argument 1 of 'sscanf' differ in signedness [-Wpointer-sign]
  482 |                         sscanf(rxbuf, "%[^I]", a);
      |                                ^~~~~
      |                                |
      |                                uint8_t * {aka unsigned char *}
C:\ST\STM32CubeIDE_1.15.1\STM32CubeIDE\plugins\com.st.stm32cube.ide.mcu.externaltools.gnu-tools-for-stm32.12.3.rel1.win32_1.0.100.202403111256\tools\bin/../lib/gcc/arm-none-eabi/12.3.1/../../../../arm-none-eabi/include/stdio.h:210:17: note: expected 'const char * restrict' but argument is of type 'uint8_t *' {aka 'unsigned char *'}
  210 | int     sscanf (const char *__restrict, const char *__restrict, ...)
      |                 ^
../Core/Src/Mymain.c:494:40: warning: pointer targets in passing argument 1 of 'sscanf' differ in signedness [-Wpointer-sign]
  494 |                                 sscanf(rxbuf, "%[^D]", a);
      |                                        ^~~~~
      |                                        |
      |                                        uint8_t * {aka unsigned char *}
C:\ST\STM32CubeIDE_1.15.1\STM32CubeIDE\plugins\com.st.stm32cube.ide.mcu.externaltools.gnu-tools-for-stm32.12.3.rel1.win32_1.0.100.202403111256\tools\bin/../lib/gcc/arm-none-eabi/12.3.1/../../../../arm-none-eabi/include/stdio.h:210:17: note: expected 'const char * restrict' but argument is of type 'uint8_t *' {aka 'unsigned char *'}
  210 | int     sscanf (const char *__restrict, const char *__restrict, ...)
      |                 ^
arm-none-eabi-gcc -o "BLDC_STM32F030R8T6.elf" @"objects.list"   -mcpu=cortex-m0 -T"C:\Users\kzhou\Desktop\RF_projects\Git\STM32\STM32-learning\Projects\STM32F0\E-wagon STM32 project\Cube\BLDC_STM32F030R8T6\STM32F030R8TX_FLASH.ld" --specs=nosys.specs -Wl,-Map="BLDC_STM32F030R8T6.map" -Wl,--gc-sections -static --specs=nano.specs -mfloat-abi=soft -mthumb -u _printf_float -u _scanf_float -Wl,--start-group -lc -lm -Wl,--end-group
C:/ST/STM32CubeIDE_1.15.1/STM32CubeIDE/plugins/com.st.stm32cube.ide.mcu.externaltools.gnu-tools-for-stm32.12.3.rel1.win32_1.0.100.202403111256/tools/bin/../lib/gcc/arm-none-eabi/12.3.1/../../../../arm-none-eabi/bin/ld.exe: warning: BLDC_STM32F030R8T6.elf has a LOAD segment with RWX permissions
Finished building target: BLDC_STM32F030R8T6.elf
 
arm-none-eabi-size  BLDC_STM32F030R8T6.elf 
arm-none-eabi-objdump -h -S BLDC_STM32F030R8T6.elf  > "BLDC_STM32F030R8T6.list"
   text	   data	    bss	    dec	    hex	filename
  61812	    524	   3308	  65644	  1006c	BLDC_STM32F030R8T6.elf
Finished building: default.size.stdout
 
Finished building: BLDC_STM32F030R8T6.list
 
12:22:43 **** Incremental Build of configuration Debug for project BLDC_STM32F030R8T6 ****
make -j8 all 
arm-none-eabi-gcc "../Core/Src/tim.c" -mcpu=cortex-m0 -std=gnu11 -g3 -DDEBUG -DUSE_HAL_DRIVER -DSTM32F030x8 -c -I../Core/Inc -I../Drivers/STM32F0xx_HAL_Driver/Inc -I../Drivers/STM32F0xx_HAL_Driver/Inc/Legacy -I../Drivers/CMSIS/Device/ST/STM32F0xx/Include -I../Drivers/CMSIS/Include -O0 -ffunction-sections -fdata-sections -Wall -fstack-usage -fcyclomatic-complexity -MMD -MP -MF"Core/Src/tim.d" -MT"Core/Src/tim.o" --specs=nano.specs -mfloat-abi=soft -mthumb -o "Core/Src/tim.o"
arm-none-eabi-gcc -o "BLDC_STM32F030R8T6.elf" @"objects.list"   -mcpu=cortex-m0 -T"C:\Users\kzhou\Desktop\RF_projects\Git\STM32\STM32-learning\Projects\STM32F0\E-wagon STM32 project\Cube\BLDC_STM32F030R8T6\STM32F030R8TX_FLASH.ld" --specs=nosys.specs -Wl,-Map="BLDC_STM32F030R8T6.map" -Wl,--gc-sections -static --specs=nano.specs -mfloat-abi=soft -mthumb -u _printf_float -u _scanf_float -Wl,--start-group -lc -lm -Wl,--end-group
C:/ST/STM32CubeIDE_1.15.1/STM32CubeIDE/plugins/com.st.stm32cube.ide.mcu.externaltools.gnu-tools-for-stm32.12.3.rel1.win32_1.0.100.202403111256/tools/bin/../lib/gcc/arm-none-eabi/12.3.1/../../../../arm-none-eabi/bin/ld.exe: warning: BLDC_STM32F030R8T6.elf has a LOAD segment with RWX permissions
Finished building target: BLDC_STM32F030R8T6.elf
 
arm-none-eabi-size  BLDC_STM32F030R8T6.elf 
arm-none-eabi-objdump -h -S BLDC_STM32F030R8T6.elf  > "BLDC_STM32F030R8T6.list"
   text	   data	    bss	    dec	    hex	filename
  61812	    524	   3308	  65644	  1006c	BLDC_STM32F030R8T6.elf
Finished building: default.size.stdout
 
Finished building: BLDC_STM32F030R8T6.list
 
14:00:09 **** Incremental Build of configuration Debug for project BLDC_STM32F030R8T6 ****
make -j8 all 
arm-none-eabi-gcc "../Core/Src/Mymain.c" -mcpu=cortex-m0 -std=gnu11 -g3 -DDEBUG -DUSE_HAL_DRIVER -DSTM32F030x8 -c -I../Core/Inc -I../Drivers/STM32F0xx_HAL_Driver/Inc -I../Drivers/STM32F0xx_HAL_Driver/Inc/Legacy -I../Drivers/CMSIS/Device/ST/STM32F0xx/Include -I../Drivers/CMSIS/Include -O0 -ffunction-sections -fdata-sections -Wall -fstack-usage -fcyclomatic-complexity -MMD -MP -MF"Core/Src/Mymain.d" -MT"Core/Src/Mymain.o" --specs=nano.specs -mfloat-abi=soft -mthumb -o "Core/Src/Mymain.o"
arm-none-eabi-gcc "../Core/Src/tim.c" -mcpu=cortex-m0 -std=gnu11 -g3 -DDEBUG -DUSE_HAL_DRIVER -DSTM32F030x8 -c -I../Core/Inc -I../Drivers/STM32F0xx_HAL_Driver/Inc -I../Drivers/STM32F0xx_HAL_Driver/Inc/Legacy -I../Drivers/CMSIS/Device/ST/STM32F0xx/Include -I../Drivers/CMSIS/Include -O0 -ffunction-sections -fdata-sections -Wall -fstack-usage -fcyclomatic-complexity -MMD -MP -MF"Core/Src/tim.d" -MT"Core/Src/tim.o" --specs=nano.specs -mfloat-abi=soft -mthumb -o "Core/Src/tim.o"
../Core/Src/Mymain.c: In function 'HAL_UART_RxCpltCallback':
../Core/Src/Mymain.c:472:32: warning: pointer targets in passing argument 1 of 'sscanf' differ in signedness [-Wpointer-sign]
  472 |                         sscanf(rxbuf, "%[^P]", a);
      |                                ^~~~~
      |                                |
      |                                uint8_t * {aka unsigned char *}
In file included from ../Core/Inc/main.h:40,
                 from ../Core/Src/Mymain.c:20:
C:\ST\STM32CubeIDE_1.15.1\STM32CubeIDE\plugins\com.st.stm32cube.ide.mcu.externaltools.gnu-tools-for-stm32.12.3.rel1.win32_1.0.100.202403111256\tools\bin/../lib/gcc/arm-none-eabi/12.3.1/../../../../arm-none-eabi/include/stdio.h:210:17: note: expected 'const char * restrict' but argument is of type 'uint8_t *' {aka 'unsigned char *'}
  210 | int     sscanf (const char *__restrict, const char *__restrict, ...)
      |                 ^
../Core/Src/Mymain.c:482:32: warning: pointer targets in passing argument 1 of 'sscanf' differ in signedness [-Wpointer-sign]
  482 |                         sscanf(rxbuf, "%[^I]", a);
      |                                ^~~~~
      |                                |
      |                                uint8_t * {aka unsigned char *}
C:\ST\STM32CubeIDE_1.15.1\STM32CubeIDE\plugins\com.st.stm32cube.ide.mcu.externaltools.gnu-tools-for-stm32.12.3.rel1.win32_1.0.100.202403111256\tools\bin/../lib/gcc/arm-none-eabi/12.3.1/../../../../arm-none-eabi/include/stdio.h:210:17: note: expected 'const char * restrict' but argument is of type 'uint8_t *' {aka 'unsigned char *'}
  210 | int     sscanf (const char *__restrict, const char *__restrict, ...)
      |                 ^
../Core/Src/Mymain.c:494:40: warning: pointer targets in passing argument 1 of 'sscanf' differ in signedness [-Wpointer-sign]
  494 |                                 sscanf(rxbuf, "%[^D]", a);
      |                                        ^~~~~
      |                                        |
      |                                        uint8_t * {aka unsigned char *}
C:\ST\STM32CubeIDE_1.15.1\STM32CubeIDE\plugins\com.st.stm32cube.ide.mcu.externaltools.gnu-tools-for-stm32.12.3.rel1.win32_1.0.100.202403111256\tools\bin/../lib/gcc/arm-none-eabi/12.3.1/../../../../arm-none-eabi/include/stdio.h:210:17: note: expected 'const char * restrict' but argument is of type 'uint8_t *' {aka 'unsigned char *'}
  210 | int     sscanf (const char *__restrict, const char *__restrict, ...)
      |                 ^
arm-none-eabi-gcc -o "BLDC_STM32F030R8T6.elf" @"objects.list"   -mcpu=cortex-m0 -T"C:\Users\kzhou\Desktop\RF_projects\Git\STM32\STM32-learning\Projects\STM32F0\E-wagon STM32 project\Cube\BLDC_STM32F030R8T6\STM32F030R8TX_FLASH.ld" --specs=nosys.specs -Wl,-Map="BLDC_STM32F030R8T6.map" -Wl,--gc-sections -static --specs=nano.specs -mfloat-abi=soft -mthumb -u _printf_float -u _scanf_float -Wl,--start-group -lc -lm -Wl,--end-group
C:/ST/STM32CubeIDE_1.15.1/STM32CubeIDE/plugins/com.st.stm32cube.ide.mcu.externaltools.gnu-tools-for-stm32.12.3.rel1.win32_1.0.100.202403111256/tools/bin/../lib/gcc/arm-none-eabi/12.3.1/../../../../arm-none-eabi/bin/ld.exe: warning: BLDC_STM32F030R8T6.elf has a LOAD segment with RWX permissions
Finished building target: BLDC_STM32F030R8T6.elf
 
arm-none-eabi-size  BLDC_STM32F030R8T6.elf 
arm-none-eabi-objdump -h -S BLDC_STM32F030R8T6.elf  > "BLDC_STM32F030R8T6.list"
   text	   data	    bss	    dec	    hex	filename
  61816	    524	   3308	  65648	  10070	BLDC_STM32F030R8T6.elf
Finished building: default.size.stdout
 
Finished building: BLDC_STM32F030R8T6.list
 
14:02:38 **** Incremental Build of configuration Debug for project BLDC_STM32F030R8T6 ****
make -j8 all 
arm-none-eabi-gcc "../Core/Src/Mymain.c" -mcpu=cortex-m0 -std=gnu11 -g3 -DDEBUG -DUSE_HAL_DRIVER -DSTM32F030x8 -c -I../Core/Inc -I../Drivers/STM32F0xx_HAL_Driver/Inc -I../Drivers/STM32F0xx_HAL_Driver/Inc/Legacy -I../Drivers/CMSIS/Device/ST/STM32F0xx/Include -I../Drivers/CMSIS/Include -O0 -ffunction-sections -fdata-sections -Wall -fstack-usage -fcyclomatic-complexity -MMD -MP -MF"Core/Src/Mymain.d" -MT"Core/Src/Mymain.o" --specs=nano.specs -mfloat-abi=soft -mthumb -o "Core/Src/Mymain.o"
arm-none-eabi-gcc "../Core/Src/tim.c" -mcpu=cortex-m0 -std=gnu11 -g3 -DDEBUG -DUSE_HAL_DRIVER -DSTM32F030x8 -c -I../Core/Inc -I../Drivers/STM32F0xx_HAL_Driver/Inc -I../Drivers/STM32F0xx_HAL_Driver/Inc/Legacy -I../Drivers/CMSIS/Device/ST/STM32F0xx/Include -I../Drivers/CMSIS/Include -O0 -ffunction-sections -fdata-sections -Wall -fstack-usage -fcyclomatic-complexity -MMD -MP -MF"Core/Src/tim.d" -MT"Core/Src/tim.o" --specs=nano.specs -mfloat-abi=soft -mthumb -o "Core/Src/tim.o"
../Core/Src/Mymain.c: In function 'HAL_UART_RxCpltCallback':
../Core/Src/Mymain.c:472:32: warning: pointer targets in passing argument 1 of 'sscanf' differ in signedness [-Wpointer-sign]
  472 |                         sscanf(rxbuf, "%[^P]", a);
      |                                ^~~~~
      |                                |
      |                                uint8_t * {aka unsigned char *}
In file included from ../Core/Inc/main.h:40,
                 from ../Core/Src/Mymain.c:20:
C:\ST\STM32CubeIDE_1.15.1\STM32CubeIDE\plugins\com.st.stm32cube.ide.mcu.externaltools.gnu-tools-for-stm32.12.3.rel1.win32_1.0.100.202403111256\tools\bin/../lib/gcc/arm-none-eabi/12.3.1/../../../../arm-none-eabi/include/stdio.h:210:17: note: expected 'const char * restrict' but argument is of type 'uint8_t *' {aka 'unsigned char *'}
  210 | int     sscanf (const char *__restrict, const char *__restrict, ...)
      |                 ^
../Core/Src/Mymain.c:482:32: warning: pointer targets in passing argument 1 of 'sscanf' differ in signedness [-Wpointer-sign]
  482 |                         sscanf(rxbuf, "%[^I]", a);
      |                                ^~~~~
      |                                |
      |                                uint8_t * {aka unsigned char *}
C:\ST\STM32CubeIDE_1.15.1\STM32CubeIDE\plugins\com.st.stm32cube.ide.mcu.externaltools.gnu-tools-for-stm32.12.3.rel1.win32_1.0.100.202403111256\tools\bin/../lib/gcc/arm-none-eabi/12.3.1/../../../../arm-none-eabi/include/stdio.h:210:17: note: expected 'const char * restrict' but argument is of type 'uint8_t *' {aka 'unsigned char *'}
  210 | int     sscanf (const char *__restrict, const char *__restrict, ...)
      |                 ^
../Core/Src/Mymain.c:494:40: warning: pointer targets in passing argument 1 of 'sscanf' differ in signedness [-Wpointer-sign]
  494 |                                 sscanf(rxbuf, "%[^D]", a);
      |                                        ^~~~~
      |                                        |
      |                                        uint8_t * {aka unsigned char *}
C:\ST\STM32CubeIDE_1.15.1\STM32CubeIDE\plugins\com.st.stm32cube.ide.mcu.externaltools.gnu-tools-for-stm32.12.3.rel1.win32_1.0.100.202403111256\tools\bin/../lib/gcc/arm-none-eabi/12.3.1/../../../../arm-none-eabi/include/stdio.h:210:17: note: expected 'const char * restrict' but argument is of type 'uint8_t *' {aka 'unsigned char *'}
  210 | int     sscanf (const char *__restrict, const char *__restrict, ...)
      |                 ^
arm-none-eabi-gcc -o "BLDC_STM32F030R8T6.elf" @"objects.list"   -mcpu=cortex-m0 -T"C:\Users\kzhou\Desktop\RF_projects\Git\STM32\STM32-learning\Projects\STM32F0\E-wagon STM32 project\Cube\BLDC_STM32F030R8T6\STM32F030R8TX_FLASH.ld" --specs=nosys.specs -Wl,-Map="BLDC_STM32F030R8T6.map" -Wl,--gc-sections -static --specs=nano.specs -mfloat-abi=soft -mthumb -u _printf_float -u _scanf_float -Wl,--start-group -lc -lm -Wl,--end-group
C:/ST/STM32CubeIDE_1.15.1/STM32CubeIDE/plugins/com.st.stm32cube.ide.mcu.externaltools.gnu-tools-for-stm32.12.3.rel1.win32_1.0.100.202403111256/tools/bin/../lib/gcc/arm-none-eabi/12.3.1/../../../../arm-none-eabi/bin/ld.exe: warning: BLDC_STM32F030R8T6.elf has a LOAD segment with RWX permissions
Finished building target: BLDC_STM32F030R8T6.elf
 
arm-none-eabi-size  BLDC_STM32F030R8T6.elf 
arm-none-eabi-objdump -h -S BLDC_STM32F030R8T6.elf  > "BLDC_STM32F030R8T6.list"
   text	   data	    bss	    dec	    hex	filename
  61780	    524	   3308	  65612	  1004c	BLDC_STM32F030R8T6.elf
Finished building: default.size.stdout
 
Finished building: BLDC_STM32F030R8T6.list
 
14:36:57 **** Incremental Build of configuration Debug for project BLDC_STM32F030R8T6 ****
make -j8 all 
arm-none-eabi-gcc "../Core/Src/tim.c" -mcpu=cortex-m0 -std=gnu11 -g3 -DDEBUG -DUSE_HAL_DRIVER -DSTM32F030x8 -c -I../Core/Inc -I../Drivers/STM32F0xx_HAL_Driver/Inc -I../Drivers/STM32F0xx_HAL_Driver/Inc/Legacy -I../Drivers/CMSIS/Device/ST/STM32F0xx/Include -I../Drivers/CMSIS/Include -O0 -ffunction-sections -fdata-sections -Wall -fstack-usage -fcyclomatic-complexity -MMD -MP -MF"Core/Src/tim.d" -MT"Core/Src/tim.o" --specs=nano.specs -mfloat-abi=soft -mthumb -o "Core/Src/tim.o"
arm-none-eabi-gcc -o "BLDC_STM32F030R8T6.elf" @"objects.list"   -mcpu=cortex-m0 -T"C:\Users\kzhou\Desktop\RF_projects\Git\STM32\STM32-learning\Projects\STM32F0\E-wagon STM32 project\Cube\BLDC_STM32F030R8T6\STM32F030R8TX_FLASH.ld" --specs=nosys.specs -Wl,-Map="BLDC_STM32F030R8T6.map" -Wl,--gc-sections -static --specs=nano.specs -mfloat-abi=soft -mthumb -u _printf_float -u _scanf_float -Wl,--start-group -lc -lm -Wl,--end-group
C:/ST/STM32CubeIDE_1.15.1/STM32CubeIDE/plugins/com.st.stm32cube.ide.mcu.externaltools.gnu-tools-for-stm32.12.3.rel1.win32_1.0.100.202403111256/tools/bin/../lib/gcc/arm-none-eabi/12.3.1/../../../../arm-none-eabi/bin/ld.exe: warning: BLDC_STM32F030R8T6.elf has a LOAD segment with RWX permissions
Finished building target: BLDC_STM32F030R8T6.elf
 
arm-none-eabi-size  BLDC_STM32F030R8T6.elf 
arm-none-eabi-objdump -h -S BLDC_STM32F030R8T6.elf  > "BLDC_STM32F030R8T6.list"
   text	   data	    bss	    dec	    hex	filename
  61780	    524	   3308	  65612	  1004c	BLDC_STM32F030R8T6.elf
Finished building: default.size.stdout
 
Finished building: BLDC_STM32F030R8T6.list
 
14:38:25 **** Incremental Build of configuration Debug for project BLDC_STM32F030R8T6 ****
make -j8 all 
arm-none-eabi-size  BLDC_STM32F030R8T6.elf 
   text	   data	    bss	    dec	    hex	filename
  61780	    524	   3308	  65612	  1004c	BLDC_STM32F030R8T6.elf
Finished building: default.size.stdout
 
