C51 COMPILER V9.60.0.0   COMMON                                                            05/04/2022 23:31:31 PAGE 1   


C51 COMPILER V9.60.0.0, COMPILATION OF MODULE COMMON
OBJECT MODULE PLACED IN .\Objects\Common.obj
COMPILER INVOKED BY: C:\Keil_v5\C51\BIN\C51.EXE code\src\Common.c OPTIMIZE(8,SPEED) BROWSE INCDIR(.\code\inc) DEBUG OBJE
                    -CTEXTEND PRINT(.\Listings\Common.lst) OBJECT(.\Objects\Common.obj)

line level    source

   1          #ifndef __COMMON_H
   2          #define __COMMON_H
   3          /*--------------------------------------------------------------------------------------------------------
             --*/
   4          /*                                                                                                        
             - */
   5          /* Copyright(c) 2016 Nuvoton Technology Corp. All rights reserved.                                        
             - */
   6          /*                                                                                                        
             - */
   7          /*--------------------------------------------------------------------------------------------------------
             --*/
   8          
   9          //********************************************************************************************************
             -***
  10          //  Nuvoton Technoledge Corp. 
  11          //  Website: http://www.nuvoton.com
  12          //  E-Mail : MicroC-8bit@nuvoton.com
  13          //  Date   : Apr/21/2016
  14          //********************************************************************************************************
             -***
  15          
  16          #include "N76E003.h"
  17          #include "Common.h"
  18          #include "Delay.h"
  19          #include "SFR_Macro.h"
  20          #include "Function_define.h"
  21          
  22          //----------------------------------------------------------------------------------
  23          // UART0 baud rate initial setting 
  24          //----------------------------------------------------------------------------------
  25          void InitialUART0_Timer1(UINT32 u32Baudrate)    //T1M = 1, SMOD = 1
  26          {
  27   1                      P06_Quasi_Mode;         //Setting UART pin as Quasi mode for transmit
  28   1                      P07_Quasi_Mode;         //Setting UART pin as Quasi mode for transmit
  29   1              
  30   1          SCON = 0x50;        //UART0 Mode1,REN=1,TI=1
  31   1          TMOD |= 0x20;       //Timer1 Mode1
  32   1          
  33   1          set_SMOD;           //UART0 Double Rate Enable
  34   1          set_T1M;
  35   1          clr_BRCK;           //Serial port 0 baud rate clock source = Timer1
  36   1       
  37   1      #ifdef FOSC_160000
                  TH1 = 256 - (1000000/u32Baudrate+1);               /*16 MHz */
              #endif          
  40   1      #ifdef FOSC_166000
                  TH1 = 256 - (1037500/u32Baudrate);                       /*16.6 MHz */
              #endif
  43   1          set_TR1;
  44   1                      set_TI;                                         //For printf function must setting TI = 1
  45   1      }
*** WARNING C280 IN LINE 25 OF code\src\Common.c: 'u32Baudrate': unreferenced local variable
  46          //---------------------------------------------------------------
C51 COMPILER V9.60.0.0   COMMON                                                            05/04/2022 23:31:31 PAGE 2   

  47          void InitialUART0_Timer3(UINT32 u32Baudrate) //use timer3 as Baudrate generator
  48          {
  49   1                      P06_Quasi_Mode;         //Setting UART pin as Quasi mode for transmit
  50   1                      P07_Quasi_Mode;         //Setting UART pin as Quasi mode for transmit   
  51   1              
  52   1          SCON = 0x50;     //UART0 Mode1,REN=1,TI=1
  53   1          set_SMOD;        //UART0 Double Rate Enable
  54   1          T3CON &= 0xF8;   //T3PS2=0,T3PS1=0,T3PS0=0(Prescale=1)
  55   1          set_BRCK;        //UART0 baud rate clock source = Timer3
  56   1      
  57   1      #ifdef FOSC_160000
                              RH3    = HIBYTE(65536 - (1000000/u32Baudrate)-1);               /*16 MHz */
                              RL3    = LOBYTE(65536 - (1000000/u32Baudrate)-1);                       /*16 MHz */
              #endif
  61   1      #ifdef FOSC_166000
                  RH3    = HIBYTE(65536 - (1037500/u32Baudrate));                     /*16.6 MHz */
                  RL3    = LOBYTE(65536 - (1037500/u32Baudrate));                     /*16.6 MHz */
              #endif
  65   1          set_TR3;         //Trigger Timer3
  66   1                      set_TI;                                  //For printf function must setting TI = 1
  67   1      }
*** WARNING C280 IN LINE 47 OF code\src\Common.c: 'u32Baudrate': unreferenced local variable
  68          
  69          UINT8 Receive_Data_From_UART0(void)
  70          {
  71   1          UINT8 c;
  72   1          while (!RI);
  73   1          c = SBUF;
  74   1          RI = 0;
  75   1          return (c);
  76   1      }
  77          
  78          void Send_Data_To_UART0 (UINT16 c)
  79          {
  80   1          TI = 0;
  81   1          SBUF = c;
  82   1          while(TI==0);
  83   1      }
  84          
  85          
  86          //----------------------------------------------------------------------------------
  87          // UART1 baud rate initial setting 
  88          //----------------------------------------------------------------------------------
  89          void InitialUART1_Timer3(UINT32 u32Baudrate) //use timer3 as Baudrate generator
  90          {
  91   1                      P02_Quasi_Mode;         //Setting UART pin as Quasi mode for transmit
  92   1                      P16_Quasi_Mode;         //Setting UART pin as Quasi mode for transmit
  93   1              
  94   1                SCON_1 = 0x50;        //UART1 Mode1,REN_1=1,TI_1=1
  95   1          T3CON = 0x08;       //T3PS2=0,T3PS1=0,T3PS0=0(Prescale=1), UART1 in MODE 1
  96   1                      clr_BRCK;
  97   1              
  98   1      #ifdef FOSC_160000
                              RH3    = HIBYTE(65536 - (1000000/u32Baudrate)-1);               /*16 MHz */
                              RL3    = LOBYTE(65536 - (1000000/u32Baudrate)-1);                       /*16 MHz */
              #endif
 102   1      #ifdef FOSC_166000
                              RH3    = HIBYTE(65536 - (1037500/u32Baudrate));                         /*16.6 MHz */
                              RL3    = LOBYTE(65536 - (1037500/u32Baudrate));                         /*16.6 MHz */
              #endif
 106   1          set_TR3;         //Trigger Timer3
 107   1      }
C51 COMPILER V9.60.0.0   COMMON                                                            05/04/2022 23:31:31 PAGE 3   

*** WARNING C280 IN LINE 89 OF code\src\Common.c: 'u32Baudrate': unreferenced local variable
 108          
 109          UINT8 Receive_Data_From_UART1(void)
 110          {
 111   1          UINT8 c;
 112   1          
 113   1          while (!RI_1);
 114   1          c = SBUF_1;
 115   1          RI_1 = 0;
 116   1          return (c);
 117   1      }
 118          
 119          void Send_Data_To_UART1 (UINT8 c)
 120          {
 121   1          TI_1 = 0;
 122   1          SBUF_1 = c;
 123   1          while(TI_1==0);
 124   1      }
 125          
 126          
 127          /*==========================================================================*/
 128          #ifdef SW_Reset
              void SW_Reset(void)
              {
                  TA = 0xAA;
                  TA = 0x55;
                  set_SWRST;
              }
              #endif
 136          /*==========================================================================*/
 137          #endif


MODULE INFORMATION:   STATIC OVERLAYABLE
   CODE SIZE        =    143    ----
   CONSTANT SIZE    =   ----    ----
   XDATA SIZE       =   ----    ----
   PDATA SIZE       =   ----    ----
   DATA SIZE        =   ----      12
   IDATA SIZE       =   ----    ----
   BIT SIZE         =   ----    ----
END OF MODULE INFORMATION.


C51 COMPILATION COMPLETE.  3 WARNING(S),  0 ERROR(S)
