C51 COMPILER V9.60.0.0   WS2811                                                            05/12/2022 22:36:15 PAGE 1   


C51 COMPILER V9.60.0.0, COMPILATION OF MODULE WS2811
OBJECT MODULE PLACED IN .\Objects\WS2811.obj
COMPILER INVOKED BY: C:\Keil_v5\C51\BIN\C51.EXE Functions\WS2811.c LARGE ROM(COMPACT) OPTIMIZE(5,SPEED) BROWSE INCDIR(..
                    -\Include) DEFINE(FOSC_160000) DEBUG OBJECTEXTEND PRINT(.\Listings\WS2811.lst) OBJECT(.\Objects\WS2811.obj)

line level    source

   1          #include "WS2811.h"
   2          #include "N76E003.h"
   3          #include "Motor_control.h"
   4          
   5          /***********TYPE DEFINE****************/
   6          
   7          
   8          
   9          /***********VARIABLE DEFINE************/
  10          
  11          /***********Constant variable**********/
  12          
  13          #define RGB_HSV 0               //1 to enable transformation  code
  14          /**************************************/
  15          
  16          Color_Typedef LED_Buf[LEDNUM+1];
  17          
  18          void WS_Send24bits(u32 color)//Be Careful about the direction of rope: Din->Dout
  19          {
  20   1              u8 i;
  21   1              for(i=0;i<24;i++)
  22   1              {
  23   2                      if(color & 0x00800000)// 0000 0000 1000 0000... the highest bit & color, then the MCU can send 24bits da
             -ta to WS2812
  24   2                      {
  25   3                              CODE_1
  26   3                      }
  27   2                      else CODE_0
  28   2                      color<<=1;
  29   2              }
  30   1      }
  31          
  32          void WS_Color_copy(u8 No, u32 color)
  33          {
  34   1              LED_Buf[No].RGB = color;
  35   1      }
  36          
  37          void WS_ColorSet_LED(u8 from, u8 to, u32 color)
  38          {
  39   1              static int temp;
  40   1              if(to>LEDNUM||from<0)
  41   1              {
  42   2                      to=LEDNUM;
  43   2                      from=0;
  44   2              }
  45   1              color &= 0x00ffffff;// remove the effect of [32-25]
  46   1              if(from>to)
  47   1              {
  48   2                      temp=from; from=to; to=temp;
  49   2              }
  50   1              for(temp = from;temp<=to; temp++)
  51   1              {
  52   2                      WS_Color_copy(temp, color);
  53   2              }
C51 COMPILER V9.60.0.0   WS2811                                                            05/12/2022 22:36:15 PAGE 2   

  54   1      }
  55          
  56          void WS_Refresh()
  57          {
  58   1              u8 i;
  59   1      //      WS_Send24bits(dummy);
  60   1              for( i=0;i<=LEDNUM;i++)
  61   1              {
  62   2                      WS_Send24bits(LED_Buf[i].RGB);
  63   2              }
  64   1              RES
  65   1      }
  66          
  67          void WS_Key_RGB(void)
  68          {
  69   1              static u8 temp = 0;
  70   1              switch (temp)
  71   1              {
  72   2                      case 0:
  73   2                              WS_ColorSet_LED(0, LEDNUM, Black);
  74   2                              WS_Refresh();
  75   2                              WS_ColorSet_LED(0, 3, Red);
  76   2                              WS_Refresh();
  77   2                              break;
  78   2                      case 1:
  79   2                              WS_ColorSet_LED(0, LEDNUM, Black);
  80   2                              WS_Refresh();
  81   2                              WS_ColorSet_LED(4, 6, Blue);
  82   2                              WS_Refresh();
  83   2                              break;
  84   2                      case 2:
  85   2                              WS_ColorSet_LED(0, LEDNUM, Black);
  86   2                              WS_Refresh();
  87   2                              WS_ColorSet_LED(7,10, Green);
  88   2                              WS_Refresh();
  89   2                              break;
  90   2              }
  91   1              temp++;
  92   1              if(temp>2)
  93   1                      temp = 0;
  94   1                              
  95   1                      
  96   1      //              WS_Refresh();
  97   1                      Timer0_Delay1ms(50);
  98   1      }
  99          
 100          
 101          void WS_Hue_change()
 102          {
 103   1              u8 cylon=160;
 104   1              u8 cycle,flag=1;
 105   1      //      u32 temp;
 106   1              static int h=160;
 107   1              if(h>=0&&h<360)
 108   1              {
 109   2                      if(flag)
 110   2                      {
 111   3                              for(cycle=0;cycle<=LEDNUM;cycle++)
 112   3                              {
 113   4                                      WS_ColorSet_LED(0, cycle, HSV_RGB(h, 1,1,0,0,0));
 114   4                                      WS_Refresh();
 115   4      //                              Timer0_Delay1ms(10);
C51 COMPILER V9.60.0.0   WS2811                                                            05/12/2022 22:36:15 PAGE 3   

 116   4                              }
 117   3                              h+=HSV_fadoutTime;
 118   3                              if(h>=360)
 119   3                                      flag=0;
 120   3                      }
 121   2                      else
 122   2                      {
 123   3                              for(cycle=0;cycle<=LEDNUM;cycle++)
 124   3                              {
 125   4                                      WS_ColorSet_LED(0, cycle, HSV_RGB(h, 1,1,0,0,0));
 126   4                                      WS_Refresh();
 127   4      //                              Timer0_Delay1ms(10);
 128   4                              }
 129   3                              h-=HSV_fadoutTime;
 130   3                              if(h<=0)
 131   3                                      flag=1;
 132   3                      }
 133   2                              
 134   2              }
 135   1              else
 136   1                      h=0;
 137   1      }
 138          
 139          
 140          #if(RGB_HSV)
              u8      Get_RGB_Max(u8 R, u8 G, u8 B)
              {
                      u8 Max=R;
                      if(Max<G)
                      {
                              Max=G;
                      }
                      if(Max<B)
                      {
                              Max=B;
                      }
                      return Max;
              }
              u8      Get_RGB_Main(u8 R, u8 G, u8 B)
              {
                      u8 Min=R;
                      if(Min>G)
                      {
                              Min=G;
                      }
                      if(Min>B)
                      {
                              Min=B;
                      }
                      return Min;
              }
              
              u8      Get_Hue_Val(u8 R, u8 G, u8 B)
              {
                      u8 Max, Min,Num,Hue;
                      Max = Get_RGB_Max(R,G,B);
                      Min = Get_RGB_Min(R,G,B);
                      if(Max==Min)
                      {
                              Num=First;
                      }
                      else if(Max==R&&(G>=B))
C51 COMPILER V9.60.0.0   WS2811                                                            05/12/2022 22:36:15 PAGE 4   

                      {
                              Num=Second;
                      }
                      else if(Max==R&&(G<B))
                      {
                              Num=Third;
                      }
                      else if(Max==G)
                      {
                              Num=Fourth;
                      }
                      else if(Max==B)
                      {
                              Num=Fifth;
                      }
                      else
                      {
                              Num=Non;
                      }
                      switch(Num)
                      {
                              case 0:
                              break;
                              case 1:
                                      Hue=0;
                              break;
                              case 2:
                                      Hue=60*((R-G)/(Max-Min));
                              break;
                              case 3:
                                      Hue=60*((R-G)/(Max-Min))+360;
                              break;
                              case 4:
                                      Hue=60*((R-G)/(Max-Min))+120;
                              break;
                              case 5:
                                      Hue=60*((R-G)/(Max-Min))+240;
                              break;
                      }
                      return Hue;
              }
              #else
 220          u32 HSV_RGB(int h, char s, char v, float R, float G, float B)
 221          {
 222   1              u32 RGB;
 223   1              u8 R8,G8,B8;
 224   1              char  i;
 225   1              float X,Y,Z,C;
 226   1              i = h/60;               //char i
 227   1              C = h;          //float C
 228   1              C = C/60-i;
 229   1      //      char X = C*(1- (abs((h/60)%2-1)));
 230   1              X = v*(1-s);
 231   1              Y = v*(1-(s*C));
 232   1              Z = v*(1-s*(1-C)); 
 233   1              
 234   1              switch(i)
 235   1              {
 236   2                      case 0:
 237   2                              R=v; G=Z; B=X;
 238   2                              break;
 239   2                      case 1:
C51 COMPILER V9.60.0.0   WS2811                                                            05/12/2022 22:36:15 PAGE 5   

 240   2                              R=Y; G=v; B=X;
 241   2                              break;
 242   2                      case 2:
 243   2                              R=X; G=v; B=Z;
 244   2                              break;
 245   2                      case 3:
 246   2                              R=X; G=Y; B=v;
 247   2                              break;
 248   2                      case 4:
 249   2                              R=Z; G=X; B=v;
 250   2                              break;
 251   2                      case 5:
 252   2                              R=v; G=X; B=Y;
 253   2                              break;
 254   2              }
 255   1              R8=R*255;
 256   1              G8=G*255;
 257   1              B8=B*255;
 258   1              RGB|=R8;
 259   1              RGB<<=8;
 260   1              RGB|=G8;
 261   1              RGB<<=8;
 262   1              RGB|=B8;
 263   1              return RGB;
 264   1      }
 265          void WS_voice_Pik(u8 mode) //Mode0: all LED together Mode1:LED light up corresponding number according to 
             -the dB
 266          {
 267   1              u8 dB;
 268   1              u32 color=0;
 269   1              dB = Get_HallValue();
 270   1              if(mode==0)
 271   1              {
 272   2                      if(dB>=30&&dB<100)
 273   2                      {
 274   3                              color = Black|(dB*2);
 275   3                              WS_ColorSet_LED(0,LEDNUM,color);
 276   3                              WS_Refresh();
 277   3                              Timer1_Delay10ms(30);
 278   3                              while(color)
 279   3                              {
 280   4                                      color = (color-FadeoutTime)>FadeoutTime? color-FadeoutTime:0;
 281   4                                      WS_ColorSet_LED(0,LEDNUM,color);
 282   4                                      WS_Refresh();
 283   4                              }
 284   3                      }
 285   2                      else if(dB>=100)
 286   2                      {
 287   3                              color = Black|dB;
 288   3                              color = LED_type? color<<8:color<<16;
 289   3                              WS_ColorSet_LED(0,LEDNUM,color);
 290   3                              WS_Refresh();
 291   3                              Timer1_Delay10ms(30);
 292   3                              while(dB)
 293   3                              {
 294   4                                      dB = (dB-FadeoutTime)>FadeoutTime? dB-FadeoutTime:0;
 295   4                                      color = Black|dB;
 296   4                                      color = LED_type? color<<8:color<<16;
 297   4                                      WS_ColorSet_LED(0,LEDNUM,color);
 298   4                                      WS_Refresh();
 299   4                              }
 300   3                      }
C51 COMPILER V9.60.0.0   WS2811                                                            05/12/2022 22:36:15 PAGE 6   

 301   2                      else
 302   2                      {
 303   3                              WS_ColorSet_LED(0,LEDNUM,0x000000);
 304   3                              WS_Refresh();
 305   3                              Timer1_Delay10ms(5);                    
 306   3                      }
 307   2              }
 308   1              else//Reactive mode
 309   1              {
 310   2                      WS_ColorSet_LED(0, LEDNUM, Black);
 311   2                      if(dB>=25)
 312   2                      {
 313   3                              u8 Light_up;
 314   3                              u8 arr;
 315   3                              Light_up=((dB*LEDARR)/150)>8?8:((dB*LEDARR)/150);//The power supply is not 5V so the ADC value can not 
             -reach 255
 316   3                              for(arr=0;arr<LEDARR;arr++)
 317   3                              {
 318   4                                      WS_ColorSet_LED(0+arr*LEDARR, Light_up+arr*LEDARR, Blue);
 319   4                              }
 320   3                              WS_Refresh();
 321   3                              while(Light_up--)
 322   3                              {
 323   4                                      WS_ColorSet_LED(0, LEDNUM, Black);
 324   4                                      for(arr=0;arr<LEDARR;arr++)
 325   4                                      {
 326   5                                              WS_ColorSet_LED(0+arr*LEDARR, Light_up+arr*LEDARR, Blue);
 327   5                                      }
 328   4                                      WS_Refresh();
 329   4                                      Timer1_Delay10ms(10);
 330   4                              }
 331   3                      }
 332   2                      else
 333   2                      {
 334   3      //                      WS_ColorSet_LED(0, LEDNUM, Black);
 335   3      //                      WS_Refresh();
 336   3                      }
 337   2              }
 338   1      }
 339          
 340          
 341          #endif


MODULE INFORMATION:   STATIC OVERLAYABLE
   CODE SIZE        =   2519    ----
   CONSTANT SIZE    =   ----    ----
   XDATA SIZE       =    460      66
   PDATA SIZE       =   ----    ----
   DATA SIZE        =   ----    ----
   IDATA SIZE       =   ----    ----
   BIT SIZE         =   ----    ----
END OF MODULE INFORMATION.


C51 COMPILATION COMPLETE.  0 WARNING(S),  0 ERROR(S)
